Archive member included because of file (symbol)

c:/altera/nios2eds/bin/gnu/h-i686-mingw32/bin/../lib/gcc/nios2-elf/4.1.2/../../../../nios2-elf/lib\libc.a(lib_a-exit.o)
                              obj/default/alt_ucosii_simple_error_check.o (exit)
c:/altera/nios2eds/bin/gnu/h-i686-mingw32/bin/../lib/gcc/nios2-elf/4.1.2/../../../../nios2-elf/lib\libc.a(lib_a-fprintf.o)
                              obj/default/alt_ucosii_simple_error_check.o (fprintf)
c:/altera/nios2eds/bin/gnu/h-i686-mingw32/bin/../lib/gcc/nios2-elf/4.1.2/../../../../nios2-elf/lib\libc.a(lib_a-fwrite.o)
                              obj/default/alt_ucosii_simple_error_check.o (fwrite)
c:/altera/nios2eds/bin/gnu/h-i686-mingw32/bin/../lib/gcc/nios2-elf/4.1.2/../../../../nios2-elf/lib\libc.a(lib_a-impure.o)
                              obj/default/alt_ucosii_simple_error_check.o (_impure_ptr)
c:/altera/nios2eds/bin/gnu/h-i686-mingw32/bin/../lib/gcc/nios2-elf/4.1.2/../../../../nios2-elf/lib\libc.a(lib_a-printf.o)
                              obj/default/ucosii_tutorial.o (printf)
c:/altera/nios2eds/bin/gnu/h-i686-mingw32/bin/../lib/gcc/nios2-elf/4.1.2/../../../../nios2-elf/lib\libc.a(lib_a-putchar.o)
                              obj/default/ucosii_tutorial.o (putchar)
c:/altera/nios2eds/bin/gnu/h-i686-mingw32/bin/../lib/gcc/nios2-elf/4.1.2/../../../../nios2-elf/lib\libc.a(lib_a-puts.o)
                              obj/default/alt_ucosii_simple_error_check.o (puts)
c:/altera/nios2eds/bin/gnu/h-i686-mingw32/bin/../lib/gcc/nios2-elf/4.1.2/../../../../nios2-elf/lib\libc.a(lib_a-strlen.o)
                              c:/altera/nios2eds/bin/gnu/h-i686-mingw32/bin/../lib/gcc/nios2-elf/4.1.2/../../../../nios2-elf/lib\libc.a(lib_a-puts.o) (strlen)
c:/altera/nios2eds/bin/gnu/h-i686-mingw32/bin/../lib/gcc/nios2-elf/4.1.2/../../../../nios2-elf/lib\libc.a(lib_a-vfprintf.o)
                              c:/altera/nios2eds/bin/gnu/h-i686-mingw32/bin/../lib/gcc/nios2-elf/4.1.2/../../../../nios2-elf/lib\libc.a(lib_a-printf.o) (___vfprintf_internal_r)
c:/altera/nios2eds/bin/gnu/h-i686-mingw32/bin/../lib/gcc/nios2-elf/4.1.2/../../../../nios2-elf/lib\libc.a(lib_a-wsetup.o)
                              c:/altera/nios2eds/bin/gnu/h-i686-mingw32/bin/../lib/gcc/nios2-elf/4.1.2/../../../../nios2-elf/lib\libc.a(lib_a-vfprintf.o) (__swsetup_r)
c:/altera/nios2eds/bin/gnu/h-i686-mingw32/bin/../lib/gcc/nios2-elf/4.1.2/../../../../nios2-elf/lib\libc.a(lib_a-__call_atexit.o)
                              c:/altera/nios2eds/bin/gnu/h-i686-mingw32/bin/../lib/gcc/nios2-elf/4.1.2/../../../../nios2-elf/lib\libc.a(lib_a-exit.o) (__call_exitprocs)
c:/altera/nios2eds/bin/gnu/h-i686-mingw32/bin/../lib/gcc/nios2-elf/4.1.2/../../../../nios2-elf/lib\libc.a(lib_a-dtoa.o)
                              c:/altera/nios2eds/bin/gnu/h-i686-mingw32/bin/../lib/gcc/nios2-elf/4.1.2/../../../../nios2-elf/lib\libc.a(lib_a-vfprintf.o) (_dtoa_r)
c:/altera/nios2eds/bin/gnu/h-i686-mingw32/bin/../lib/gcc/nios2-elf/4.1.2/../../../../nios2-elf/lib\libc.a(lib_a-fflush.o)
                              c:/altera/nios2eds/bin/gnu/h-i686-mingw32/bin/../lib/gcc/nios2-elf/4.1.2/../../../../nios2-elf/lib\libc.a(lib_a-vfprintf.o) (_fflush_r)
c:/altera/nios2eds/bin/gnu/h-i686-mingw32/bin/../lib/gcc/nios2-elf/4.1.2/../../../../nios2-elf/lib\libc.a(lib_a-findfp.o)
                              c:/altera/nios2eds/bin/gnu/h-i686-mingw32/bin/../lib/gcc/nios2-elf/4.1.2/../../../../nios2-elf/lib\libc.a(lib_a-fwrite.o) (__sinit)
c:/altera/nios2eds/bin/gnu/h-i686-mingw32/bin/../lib/gcc/nios2-elf/4.1.2/../../../../nios2-elf/lib\libc.a(lib_a-freer.o)
                              c:/altera/nios2eds/bin/gnu/h-i686-mingw32/bin/../lib/gcc/nios2-elf/4.1.2/../../../../nios2-elf/lib\libc.a(lib_a-wsetup.o) (_free_r)
c:/altera/nios2eds/bin/gnu/h-i686-mingw32/bin/../lib/gcc/nios2-elf/4.1.2/../../../../nios2-elf/lib\libc.a(lib_a-fvwrite.o)
                              c:/altera/nios2eds/bin/gnu/h-i686-mingw32/bin/../lib/gcc/nios2-elf/4.1.2/../../../../nios2-elf/lib\libc.a(lib_a-fwrite.o) (__sfvwrite_r)
c:/altera/nios2eds/bin/gnu/h-i686-mingw32/bin/../lib/gcc/nios2-elf/4.1.2/../../../../nios2-elf/lib\libc.a(lib_a-fwalk.o)
                              c:/altera/nios2eds/bin/gnu/h-i686-mingw32/bin/../lib/gcc/nios2-elf/4.1.2/../../../../nios2-elf/lib\libc.a(lib_a-fflush.o) (_fwalk_reent)
c:/altera/nios2eds/bin/gnu/h-i686-mingw32/bin/../lib/gcc/nios2-elf/4.1.2/../../../../nios2-elf/lib\libc.a(lib_a-locale.o)
                              c:/altera/nios2eds/bin/gnu/h-i686-mingw32/bin/../lib/gcc/nios2-elf/4.1.2/../../../../nios2-elf/lib\libc.a(lib_a-vfprintf.o) (_localeconv_r)
c:/altera/nios2eds/bin/gnu/h-i686-mingw32/bin/../lib/gcc/nios2-elf/4.1.2/../../../../nios2-elf/lib\libc.a(lib_a-makebuf.o)
                              c:/altera/nios2eds/bin/gnu/h-i686-mingw32/bin/../lib/gcc/nios2-elf/4.1.2/../../../../nios2-elf/lib\libc.a(lib_a-wsetup.o) (__smakebuf_r)
[...]
Memory Configuration

Name             Origin             Length             Attributes
reset            0x00800000         0x00000020
ext_flash_ctl    0x00800020         0x007fffe0
ext_ram_ctl_BEFORE_EXCEPTION 0x01200000         0x00000020
ext_ram_ctl      0x01200020         0x001fffe0
instruction_tcm  0x02000000         0x00004000
*default*        0x00000000         0xffffffff

Linker script and memory map

LOAD ../ucosii_tutorial_bsp//obj/HAL/src/crt0.o
LOAD obj/default/alt_ucosii_simple_error_check.o
LOAD obj/default/ucosii_tutorial.o
LOAD c:/altera/nios2eds/bin/gnu/h-i686-mingw32/bin/../lib/gcc/nios2-elf/4.1.2/../../../../nios2-elf/lib\libstdc++.a
LOAD c:/altera/nios2eds/bin/gnu/h-i686-mingw32/bin/../lib/gcc/nios2-elf/4.1.2/../../../../nios2-elf/lib\libm.a
LOAD c:/altera/nios2eds/bin/gnu/h-i686-mingw32/bin/../lib/gcc/nios2-elf/4.1.2\libgcc.a
START GROUP
LOAD c:/altera/nios2eds/bin/gnu/h-i686-mingw32/bin/../lib/gcc/nios2-elf/4.1.2/../../../../nios2-elf/lib\libc.a
LOAD c:/altera/nios2eds/bin/gnu/h-i686-mingw32/bin/../lib/gcc/nios2-elf/4.1.2\libgcc.a
LOAD ../ucosii_tutorial_bsp/\libucosii_bsp.a
END GROUP
LOAD c:/altera/nios2eds/bin/gnu/h-i686-mingw32/bin/../lib/gcc/nios2-elf/4.1.2\libgcc.a
                0x00800000                __alt_mem_ext_flash_ctl = 0x800000
                0x01200000                __alt_mem_ext_ram_ctl = 0x1200000
                0x02000000                __alt_mem_instruction_tcm = 0x2000000

.entry          0x00800000        0x0
 *(.entry)
 .entry         0x00800000        0x0 ../ucosii_tutorial_bsp//obj/HAL/src/crt0.o
                0x00800000                __reset

.exceptions     0x01200020      0x19c
                0x01200020                PROVIDE (__ram_exceptions_start, ABSOLUTE (.))
                0x01200020                . = ALIGN (0x20)
 *(.irq)
 *(.exceptions.entry.label)
 .exceptions.entry.label
                0x01200020        0x0 ../ucosii_tutorial_bsp/\libucosii_bsp.a(alt_irq_entry.o)
                0x01200020                alt_irq_entry
 .exceptions.entry.label
                0x01200020        0x0 ../ucosii_tutorial_bsp/\libucosii_bsp.a(alt_exception_entry.o)
                0x01200020                alt_exception
 *(.exceptions.entry.user)
 *(.exceptions.entry)
 .exceptions.entry
                0x01200020       0x54 ../ucosii_tutorial_bsp/\libucosii_bsp.a(alt_exception_entry.o)
 *(.exceptions.irqtest.user)
 *(.exceptions.irqtest)
 .exceptions.irqtest
                0x01200074       0x10 ../ucosii_tutorial_bsp/\libucosii_bsp.a(alt_irq_entry.o)
 *(.exceptions.irqhandler.user)
 *(.exceptions.irqhandler)
 .exceptions.irqhandler
                0x01200084        0x4 ../ucosii_tutorial_bsp/\libucosii_bsp.a(alt_irq_entry.o)
 *(.exceptions.irqreturn.user)
 *(.exceptions.irqreturn)
 .exceptions.irqreturn
                0x01200088        0x4 ../ucosii_tutorial_bsp/\libucosii_bsp.a(alt_irq_entry.o)
 *(.exceptions.notirq.label)
 .exceptions.notirq.label
                0x0120008c        0x0 ../ucosii_tutorial_bsp/\libucosii_bsp.a(alt_irq_entry.o)
 *(.exceptions.notirq.user)
 *(.exceptions.notirq)
 .exceptions.notirq
                0x0120008c        0x8 ../ucosii_tutorial_bsp/\libucosii_bsp.a(alt_exception_entry.o)
 *(.exceptions.soft.user)
 *(.exceptions.soft)
 *(.exceptions.unknown.user)
 *(.exceptions.unknown)
 .exceptions.unknown
                0x01200094        0x4 ../ucosii_tutorial_bsp/\libucosii_bsp.a(alt_exception_entry.o)
 *(.exceptions.exit.label)
 .exceptions.exit.label
                0x01200098        0x0 ../ucosii_tutorial_bsp/\libucosii_bsp.a(alt_irq_entry.o)
 .exceptions.exit.label
                0x01200098        0x0 ../ucosii_tutorial_bsp/\libucosii_bsp.a(alt_exception_entry.o)
 *(.exceptions.exit.user)
 *(.exceptions.exit)
 .exceptions.exit
                0x01200098       0x54 ../ucosii_tutorial_bsp/\libucosii_bsp.a(alt_exception_entry.o)
 *(.exceptions)
 .exceptions    0x012000ec       0xd0 ../ucosii_tutorial_bsp/\libucosii_bsp.a(alt_irq_handler.o)
                0x012000ec                alt_irq_handler
                0x012001bc                PROVIDE (__ram_exceptions_end, ABSOLUTE (.))
                0x01200020                PROVIDE (__flash_exceptions_start, LOADADDR (.exceptions))

.text           0x012001bc    0x18920
                0x012001bc                PROVIDE (stext, ABSOLUTE (.))
 *(.interp)
 *(.hash)
 *(.dynsym)
 *(.dynstr)
 *(.gnu.version)
 *(.gnu.version_d)
 *(.gnu.version_r)
 *(.rel.init)
 *(.rela.init)
 *(.rel.text .rel.text.* .rel.gnu.linkonce.t.*)
 *(.rela.text .rela.text.* .rela.gnu.linkonce.t.*)
 *(.rel.fini)
 *(.rela.fini)
 *(.rel.rodata .rel.rodata.* .rel.gnu.linkonce.r.*)
 *(.rela.rodata .rela.rodata.* .rela.gnu.linkonce.r.*)
 *(.rel.data .rel.data.* .rel.gnu.linkonce.d.*)
 *(.rela.data .rela.data.* .rela.gnu.linkonce.d.*)
 *(.rel.tdata .rel.tdata.* .rel.gnu.linkonce.td.*)
 *(.rela.tdata .rela.tdata.* .rela.gnu.linkonce.td.*)
 *(.rel.tbss .rel.tbss.* .rel.gnu.linkonce.tb.*)
 *(.rela.tbss .rela.tbss.* .rela.gnu.linkonce.tb.*)
 *(.rel.ctors)
 *(.rela.ctors)
 *(.rel.dtors)
 *(.rela.dtors)
 *(.rel.got)
 *(.rela.got)
 *(.rel.sdata .rel.sdata.* .rel.gnu.linkonce.s.*)
 *(.rela.sdata .rela.sdata.* .rela.gnu.linkonce.s.*)
 *(.rel.sbss .rel.sbss.* .rel.gnu.linkonce.sb.*)
 *(.rela.sbss .rela.sbss.* .rela.gnu.linkonce.sb.*)
 *(.rel.sdata2 .rel.sdata2.* .rel.gnu.linkonce.s2.*)
 *(.rela.sdata2 .rela.sdata2.* .rela.gnu.linkonce.s2.*)
 *(.rel.sbss2 .rel.sbss2.* .rel.gnu.linkonce.sb2.*)
 *(.rela.sbss2 .rela.sbss2.* .rela.gnu.linkonce.sb2.*)
 *(.rel.bss .rel.bss.* .rel.gnu.linkonce.b.*)
 *(.rela.bss .rela.bss.* .rela.gnu.linkonce.b.*)
 *(.rel.plt)
 *(.rela.plt)
 *(.rel.dyn)
 *(.init)
 *(.plt)
 *(.text .stub .text.* .gnu.linkonce.t.*)
 .text          0x012001bc       0x48 ../ucosii_tutorial_bsp//obj/HAL/src/crt0.o
                0x012001bc                _start
 .text          0x01200204      0x4f0 obj/default/alt_ucosii_simple_error_check.o
                0x01200204                alt_ucosii_check_return_code
                0x01200248                alt_ucosii_simple_error_handler
 .text          0x012006f4      0x64c obj/default/ucosii_tutorial.o
                0x012006f4                print_status_task
                0x01200824                getsem_task1
                0x012008f0                getsem_task2
                0x012009f4                send_task
                0x01200a90                receive_task1
                0x01200af0                receive_task2
                0x01200b50                initialize_task
                0x01200b88                main
                0x01200bec                initOSDataStructs
                0x01200c34                initCreateTasks
 .text          0x01200d40       0x38 c:/altera/nios2eds/bin/gnu/h-i686-mingw32/bin/../lib/gcc/nios2-elf/4.1.2/../../../../nios2-elf/lib\libc.a(lib_a-exit.o)
                0x01200d40                exit
 .text          0x01200d78       0x60 c:/altera/nios2eds/bin/gnu/h-i686-mingw32/bin/../lib/gcc/nios2-elf/4.1.2/../../../../nios2-elf/lib\libc.a(lib_a-fprintf.o)
                0x01200d78                fprintf
                0x01200da4                _fprintf_r
 .text          0x01200dd8       0xdc c:/altera/nios2eds/bin/gnu/h-i686-mingw32/bin/../lib/gcc/nios2-elf/4.1.2/../../../../nios2-elf/lib\libc.a(lib_a-fwrite.o)
                0x01200dd8                _fwrite_r
                0x01200e74                fwrite
 .text          0x01200eb4        0x0 c:/altera/nios2eds/bin/gnu/h-i686-mingw32/bin/../lib/gcc/nios2-elf/4.1.2/../../../../nios2-elf/lib\libc.a(lib_a-impure.o)
 .text          0x01200eb4       0x78 c:/altera/nios2eds/bin/gnu/h-i686-mingw32/bin/../lib/gcc/nios2-elf/4.1.2/../../../../nios2-elf/lib\libc.a(lib_a-printf.o)
                0x01200eb4                printf
                0x01200ef8                _printf_r
 .text          0x01200f2c       0x24 c:/altera/nios2eds/bin/gnu/h-i686-mingw32/bin/../lib/gcc/nios2-elf/4.1.2/../../../../nios2-elf/lib\libc.a(lib_a-putchar.o)
                0x01200f2c                putchar
                0x01200f48                _putchar_r
 .text          0x01200f50       0xb4 c:/altera/nios2eds/bin/gnu/h-i686-mingw32/bin/../lib/gcc/nios2-elf/4.1.2/../../../../nios2-elf/lib\libc.a(lib_a-puts.o)
                0x01200f50                _puts_r
                0x01200ff0                puts
 .text          0x01201004       0x74 c:/altera/nios2eds/bin/gnu/h-i686-mingw32/bin/../lib/gcc/nios2-elf/4.1.2/../../../../nios2-elf/lib\libc.a(lib_a-strlen.o)
                0x01201004                strlen
 .text          0x01201078     0x1f28 c:/altera/nios2eds/bin/gnu/h-i686-mingw32/bin/../lib/gcc/nios2-elf/4.1.2/../../../../nios2-elf/lib\libc.a(lib_a-vfprintf.o)
                0x012010d0                ___vfprintf_internal_r
                0x01202f7c                __vfprintf_internal
 .text          0x01202fa0      0x13c c:/altera/nios2eds/bin/gnu/h-i686-mingw32/bin/../lib/gcc/nios2-elf/4.1.2/../../../../nios2-elf/lib\libc.a(lib_a-wsetup.o)
                0x01202fa0                __swsetup_r
 .text          0x012030dc      0x1b4 c:/altera/nios2eds/bin/gnu/h-i686-mingw32/bin/../lib/gcc/nios2-elf/4.1.2/../../../../nios2-elf/lib\libc.a(lib_a-__call_atexit.o)
                0x012030e0                __call_exitprocs
 .text          0x01203290     0x17cc c:/altera/nios2eds/bin/gnu/h-i686-mingw32/bin/../lib/gcc/nios2-elf/4.1.2/../../../../nios2-elf/lib\libc.a(lib_a-dtoa.o)
                0x012034a8                _dtoa_r
 .text          0x01204a5c      0x230 c:/altera/nios2eds/bin/gnu/h-i686-mingw32/bin/../lib/gcc/nios2-elf/4.1.2/../../../../nios2-elf/lib\libc.a(lib_a-fflush.o)
                0x01204a5c                _fflush_r
                0x01204c58                fflush
 .text          0x01204c8c      0x2c0 c:/altera/nios2eds/bin/gnu/h-i686-mingw32/bin/../lib/gcc/nios2-elf/4.1.2/../../../../nios2-elf/lib\libc.a(lib_a-findfp.o)
                0x01204ce4                __sfp_lock_acquire
                0x01204ce8                __sfp_lock_release
                0x01204cec                __sinit_lock_acquire
                0x01204cf0                __sinit_lock_release
                0x01204cf4                __sinit
                0x01204da8                __fp_unlock_all
                0x01204dc0                __fp_lock_all
                0x01204dd8                _cleanup_r
                0x01204de4                _cleanup
                0x01204df4                __sfmoreglue
                0x01204e5c                __sfp
 .text          0x01204f4c      0x440 c:/altera/nios2eds/bin/gnu/h-i686-mingw32/bin/../lib/gcc/nios2-elf/4.1.2/../../../../nios2-elf/lib\libc.a(lib_a-freer.o)
                0x01204f4c                _malloc_trim_r
                0x01205078                _free_r
 .text          0x0120538c      0x49c c:/altera/nios2eds/bin/gnu/h-i686-mingw32/bin/../lib/gcc/nios2-elf/4.1.2/../../../../nios2-elf/lib\libc.a(lib_a-fvwrite.o)
                0x0120538c                __sfvwrite_r
 .text          0x01205828      0x180 c:/altera/nios2eds/bin/gnu/h-i686-mingw32/bin/../lib/gcc/nios2-elf/4.1.2/../../../../nios2-elf/lib\libc.a(lib_a-fwalk.o)
                0x01205828                _fwalk_reent
                0x012058f0                _fwalk
 .text          0x012059a8       0xc4 c:/altera/nios2eds/bin/gnu/h-i686-mingw32/bin/../lib/gcc/nios2-elf/4.1.2/../../../../nios2-elf/lib\libc.a(lib_a-locale.o)
                0x012059a8                __locale_charset
                0x012059b0                _localeconv_r
                0x012059bc                localeconv
                0x012059cc                _setlocale_r
                0x01205a50                setlocale
 .text          0x01205a6c      0x194 c:/altera/nios2eds/bin/gnu/h-i686-mingw32/bin/../lib/gcc/nios2-elf/4.1.2/../../../../nios2-elf/lib\libc.a(lib_a-makebuf.o)
                0x01205a6c                __smakebuf_r
 .text          0x01205c00      0x740 c:/altera/nios2eds/bin/gnu/h-i686-mingw32/bin/../lib/gcc/nios2-elf/4.1.2/../../../../nios2-elf/lib\libc.a(lib_a-mallocr.o)
                0x01205c00                _malloc_r
 .text          0x01206340       0xe4 c:/altera/nios2eds/bin/gnu/h-i686-mingw32/bin/../lib/gcc/nios2-elf/4.1.2/../../../../nios2-elf/lib\libc.a(lib_a-memchr.o)
                0x01206340                memchr
 .text          0x01206424       0xa0 c:/altera/nios2eds/bin/gnu/h-i686-mingw32/bin/../lib/gcc/nios2-elf/4.1.2/../../../../nios2-elf/lib\libc.a(lib_a-memcpy.o)
                0x01206424                memcpy
 .text          0x012064c4       0xe0 c:/altera/nios2eds/bin/gnu/h-i686-mingw32/bin/../lib/gcc/nios2-elf/4.1.2/../../../../nios2-elf/lib\libc.a(lib_a-memmove.o)
                0x012064c4                memmove
 .text          0x012065a4       0x98 c:/altera/nios2eds/bin/gnu/h-i686-mingw32/bin/../lib/gcc/nios2-elf/4.1.2/../../../../nios2-elf/lib\libc.a(lib_a-memset.o)
                0x012065a4                memset
 .text          0x0120663c      0xff4 c:/altera/nios2eds/bin/gnu/h-i686-mingw32/bin/../lib/gcc/nios2-elf/4.1.2/../../../../nios2-elf/lib\libc.a(lib_a-mprec.o)
                0x0120663c                _Bfree
                0x01206664                __hi0bits
                0x012066d4                __lo0bits
                0x01206798                __mcmp
                0x012067f8                __ulp
                0x01206878                __b2d
                0x01206998                __ratio
                0x01206a48                _mprec_log10
                0x01206adc                __copybits
                0x01206b34                __any_on
                0x01206bbc                _Balloc
                0x01206c78                __d2b
                0x01206df4                __mdiff
                0x01206f80                __lshift
                0x012070cc                __multiply
                0x012072b4                __i2b
                0x012072f0                __multadd
                0x012073f0                __pow5mult
                0x01207510                __s2b
 .text          0x01207630      0x1ec c:/altera/nios2eds/bin/gnu/h-i686-mingw32/bin/../lib/gcc/nios2-elf/4.1.2/../../../../nios2-elf/lib\libc.a(lib_a-putc.o)
                0x01207630                putc
                0x01207734                _putc_r
 .text          0x0120781c      0x5f4 c:/altera/nios2eds/bin/gnu/h-i686-mingw32/bin/../lib/gcc/nios2-elf/4.1.2/../../../../nios2-elf/lib\libc.a(lib_a-reallocr.o)
                0x0120781c                _realloc_r
 .text          0x01207e10       0x40 c:/altera/nios2eds/bin/gnu/h-i686-mingw32/bin/../lib/gcc/nios2-elf/4.1.2/../../../../nios2-elf/lib\libc.a(lib_a-s_isinfd.o)
                0x01207e10                __isinfd
 .text          0x01207e50       0x30 c:/altera/nios2eds/bin/gnu/h-i686-mingw32/bin/../lib/gcc/nios2-elf/4.1.2/../../../../nios2-elf/lib\libc.a(lib_a-s_isnand.o)
                0x01207e50                __isnand
 .text          0x01207e80       0x70 c:/altera/nios2eds/bin/gnu/h-i686-mingw32/bin/../lib/gcc/nios2-elf/4.1.2/../../../../nios2-elf/lib\libc.a(lib_a-sbrkr.o)
                0x01207e80                _sbrk_r
 .text          0x01207ef0      0x14c c:/altera/nios2eds/bin/gnu/h-i686-mingw32/bin/../lib/gcc/nios2-elf/4.1.2/../../../../nios2-elf/lib\libc.a(lib_a-stdio.o)
                0x01207ef0                __sclose
                0x01207ef8                __sseek
                0x01207f60                __swrite
                0x01207fdc                __sread
 .text          0x0120803c       0xbc c:/altera/nios2eds/bin/gnu/h-i686-mingw32/bin/../lib/gcc/nios2-elf/4.1.2/../../../../nios2-elf/lib\libc.a(lib_a-strcmp.o)
                0x0120803c                strcmp
 .text          0x012080f8      0x14c c:/altera/nios2eds/bin/gnu/h-i686-mingw32/bin/../lib/gcc/nios2-elf/4.1.2/../../../../nios2-elf/lib\libc.a(lib_a-wbuf.o)
                0x012080f8                __swbuf_r
                0x01208228                __swbuf
 .text          0x01208244       0x78 c:/altera/nios2eds/bin/gnu/h-i686-mingw32/bin/../lib/gcc/nios2-elf/4.1.2/../../../../nios2-elf/lib\libc.a(lib_a-writer.o)
                0x01208244                _write_r
 .text          0x012082bc       0xb4 c:/altera/nios2eds/bin/gnu/h-i686-mingw32/bin/../lib/gcc/nios2-elf/4.1.2/../../../../nios2-elf/lib\libc.a(lib_a-callocr.o)
                0x012082bc                _calloc_r
 .text          0x01208370       0x70 c:/altera/nios2eds/bin/gnu/h-i686-mingw32/bin/../lib/gcc/nios2-elf/4.1.2/../../../../nios2-elf/lib\libc.a(lib_a-closer.o)
                0x01208370                _close_r
 .text          0x012083e0      0x124 c:/altera/nios2eds/bin/gnu/h-i686-mingw32/bin/../lib/gcc/nios2-elf/4.1.2/../../../../nios2-elf/lib\libc.a(lib_a-fclose.o)
                0x012083e0                _fclose_r
                0x012084f0                fclose
 .text          0x01208504       0x74 c:/altera/nios2eds/bin/gnu/h-i686-mingw32/bin/../lib/gcc/nios2-elf/4.1.2/../../../../nios2-elf/lib\libc.a(lib_a-fstatr.o)
                0x01208504                _fstat_r
 .text          0x01208578        0x0 c:/altera/nios2eds/bin/gnu/h-i686-mingw32/bin/../lib/gcc/nios2-elf/4.1.2/../../../../nios2-elf/lib\libc.a(lib_a-int_errno.o)
 .text          0x01208578       0x70 c:/altera/nios2eds/bin/gnu/h-i686-mingw32/bin/../lib/gcc/nios2-elf/4.1.2/../../../../nios2-elf/lib\libc.a(lib_a-isattyr.o)
                0x01208578                _isatty_r
 .text          0x012085e8       0x78 c:/altera/nios2eds/bin/gnu/h-i686-mingw32/bin/../lib/gcc/nios2-elf/4.1.2/../../../../nios2-elf/lib\libc.a(lib_a-lseekr.o)
                0x012085e8                _lseek_r
 .text          0x01208660       0x78 c:/altera/nios2eds/bin/gnu/h-i686-mingw32/bin/../lib/gcc/nios2-elf/4.1.2/../../../../nios2-elf/lib\libc.a(lib_a-readr.o)
                0x01208660                _read_r
 .text          0x012086d8      0x5dc c:/altera/nios2eds/bin/gnu/h-i686-mingw32/bin/../lib/gcc/nios2-elf/4.1.2\libgcc.a(_udivdi3.o)
                0x012086d8                __udivdi3
 .text          0x01208cb4      0x5b0 c:/altera/nios2eds/bin/gnu/h-i686-mingw32/bin/../lib/gcc/nios2-elf/4.1.2\libgcc.a(_umoddi3.o)
                0x01208cb4                __umoddi3
 .text          0x01209264      0x504 c:/altera/nios2eds/bin/gnu/h-i686-mingw32/bin/../lib/gcc/nios2-elf/4.1.2\libgcc.a(_addsub_df.o)
                0x01209674                __subdf3
                0x012096f4                __adddf3
 .text          0x01209768      0x3c4 c:/altera/nios2eds/bin/gnu/h-i686-mingw32/bin/../lib/gcc/nios2-elf/4.1.2\libgcc.a(_mul_df.o)
                0x01209768                __muldf3
 .text          0x01209b2c      0x258 c:/altera/nios2eds/bin/gnu/h-i686-mingw32/bin/../lib/gcc/nios2-elf/4.1.2\libgcc.a(_div_df.o)
                0x01209b2c                __divdf3
 .text          0x01209d84       0x88 c:/altera/nios2eds/bin/gnu/h-i686-mingw32/bin/../lib/gcc/nios2-elf/4.1.2\libgcc.a(_eq_df.o)
                0x01209d84                __eqdf2
 .text          0x01209e0c       0x88 c:/altera/nios2eds/bin/gnu/h-i686-mingw32/bin/../lib/gcc/nios2-elf/4.1.2\libgcc.a(_ne_df.o)
                0x01209e0c                __nedf2
 .text          0x01209e94       0x88 c:/altera/nios2eds/bin/gnu/h-i686-mingw32/bin/../lib/gcc/nios2-elf/4.1.2\libgcc.a(_gt_df.o)
                0x01209e94                __gtdf2
 .text          0x01209f1c       0x88 c:/altera/nios2eds/bin/gnu/h-i686-mingw32/bin/../lib/gcc/nios2-elf/4.1.2\libgcc.a(_ge_df.o)
                0x01209f1c                __gedf2
 .text          0x01209fa4       0x88 c:/altera/nios2eds/bin/gnu/h-i686-mingw32/bin/../lib/gcc/nios2-elf/4.1.2\libgcc.a(_lt_df.o)
                0x01209fa4                __ltdf2
 .text          0x0120a02c       0xf8 c:/altera/nios2eds/bin/gnu/h-i686-mingw32/bin/../lib/gcc/nios2-elf/4.1.2\libgcc.a(_si_to_df.o)
                0x0120a02c                __floatsidf
 .text          0x0120a124       0xd8 c:/altera/nios2eds/bin/gnu/h-i686-mingw32/bin/../lib/gcc/nios2-elf/4.1.2\libgcc.a(_df_to_si.o)
                0x0120a124                __fixdfsi
 .text          0x0120a1fc        0x0 c:/altera/nios2eds/bin/gnu/h-i686-mingw32/bin/../lib/gcc/nios2-elf/4.1.2\libgcc.a(_thenan_df.o)
 .text          0x0120a1fc      0x194 c:/altera/nios2eds/bin/gnu/h-i686-mingw32/bin/../lib/gcc/nios2-elf/4.1.2\libgcc.a(_usi_to_df.o)
                0x0120a1fc                __floatunsidf
 .text          0x0120a390      0x14c c:/altera/nios2eds/bin/gnu/h-i686-mingw32/bin/../lib/gcc/nios2-elf/4.1.2\libgcc.a(lib2-divmod.o)
                0x0120a40c                __divsi3
                0x0120a46c                __modsi3
                0x0120a4cc                __udivsi3
                0x0120a4d4                __umodsi3
 .text          0x0120a4dc       0x98 c:/altera/nios2eds/bin/gnu/h-i686-mingw32/bin/../lib/gcc/nios2-elf/4.1.2\libgcc.a(_muldi3.o)
                0x0120a4dc                __muldi3
 .text          0x0120a574        0x0 c:/altera/nios2eds/bin/gnu/h-i686-mingw32/bin/../lib/gcc/nios2-elf/4.1.2\libgcc.a(_clz.o)
 .text          0x0120a574       0x80 c:/altera/nios2eds/bin/gnu/h-i686-mingw32/bin/../lib/gcc/nios2-elf/4.1.2\libgcc.a(_clzsi2.o)
                0x0120a574                __clzsi2
 .text          0x0120a5f4      0x314 c:/altera/nios2eds/bin/gnu/h-i686-mingw32/bin/../lib/gcc/nios2-elf/4.1.2\libgcc.a(_pack_df.o)
                0x0120a5f4                __pack_d
 .text          0x0120a908      0x138 c:/altera/nios2eds/bin/gnu/h-i686-mingw32/bin/../lib/gcc/nios2-elf/4.1.2\libgcc.a(_unpack_df.o)
                0x0120a908                __unpack_d
 .text          0x0120aa40       0xc8 c:/altera/nios2eds/bin/gnu/h-i686-mingw32/bin/../lib/gcc/nios2-elf/4.1.2\libgcc.a(_fpcmp_parts_df.o)
                0x0120aa40                __fpcmp_parts_d
 .text          0x0120ab08      0x15c ../ucosii_tutorial_bsp/\libucosii_bsp.a(alt_close.o)
                0x0120ab08                close
 .text          0x0120ac64       0x2c ../ucosii_tutorial_bsp/\libucosii_bsp.a(alt_dev.o)
 .text          0x0120ac90        0x0 ../ucosii_tutorial_bsp/\libucosii_bsp.a(alt_errno.o)
 .text          0x0120ac90       0x6c ../ucosii_tutorial_bsp/\libucosii_bsp.a(alt_exit.o)
                0x0120acd0                _exit
 .text          0x0120acfc      0x134 ../ucosii_tutorial_bsp/\libucosii_bsp.a(alt_fstat.o)
                0x0120acfc                fstat
 .text          0x0120ae30      0x120 ../ucosii_tutorial_bsp/\libucosii_bsp.a(alt_isatty.o)
                0x0120ae30                isatty
 .text          0x0120af50      0x150 ../ucosii_tutorial_bsp/\libucosii_bsp.a(alt_lseek.o)
                0x0120af50                lseek
 .text          0x0120b0a0       0xc8 ../ucosii_tutorial_bsp/\libucosii_bsp.a(alt_main.o)
                0x0120b0a0                alt_main
 .text          0x0120b168      0x180 ../ucosii_tutorial_bsp/\libucosii_bsp.a(alt_read.o)
                0x0120b168                read
 .text          0x0120b2e8       0x60 ../ucosii_tutorial_bsp/\libucosii_bsp.a(alt_release_fd.o)
                0x0120b2e8                alt_release_fd
 .text          0x0120b348       0xbc ../ucosii_tutorial_bsp/\libucosii_bsp.a(alt_sbrk.o)
                0x0120b348                sbrk
 .text          0x0120b404      0x180 ../ucosii_tutorial_bsp/\libucosii_bsp.a(alt_write.o)
                0x0120b404                write
 .text          0x0120b584      0x108 ../ucosii_tutorial_bsp/\libucosii_bsp.a(alt_env_lock.o)
                0x0120b584                __env_lock
                0x0120b630                __env_unlock
 .text          0x0120b68c      0x1d8 ../ucosii_tutorial_bsp/\libucosii_bsp.a(alt_malloc_lock.o)
                0x0120b68c                __malloc_lock
                0x0120b794                __malloc_unlock
 .text          0x0120b864     0x2128 ../ucosii_tutorial_bsp/\libucosii_bsp.a(os_core.o)
                0x0120b864                OSEventNameGet
                0x0120b994                OSEventNameSet
                0x0120bad8                OSEventPendMulti
                0x0120c18c                OSInit
                0x0120c1e0                OSIntEnter
                0x0120c25c                OSIntExit
                0x0120c35c                OSSchedLock
                0x0120c3e8                OSSchedUnlock
                0x0120c4cc                OSStart
                0x0120c53c                OSStatInit
                0x0120c5e8                OSTimeTick
                0x0120c828                OSVersion
                0x0120c848                OS_Dummy
                0x0120c864                OS_EventTaskRdy
                0x0120c9f8                OS_EventTaskWait
                0x0120cb08                OS_EventTaskWaitMulti
                0x0120cc5c                OS_EventTaskRemove
                0x0120cd14                OS_EventTaskRemoveMulti
                0x0120ce18                OS_EventWaitListInit
                0x0120d1e4                OS_MemClr
                0x0120d238                OS_MemCopy
                0x0120d2a4                OS_Sched
                0x0120d3e8                OS_StrCopy
                0x0120d468                OS_StrLen
                0x0120d4c0                OS_TaskIdle
                0x0120d51c                OS_TaskStat
                0x0120d5e4                OS_TaskStatStkChk
                0x0120d6ac                OS_TCBInit
 .text          0x0120d98c      0x18c ../ucosii_tutorial_bsp/\libucosii_bsp.a(os_dbg.o)
                0x0120d98c                OSDebugInit
 .text          0x0120db18     0x193c ../ucosii_tutorial_bsp/\libucosii_bsp.a(os_flag.o)
                0x0120db18                OSFlagAccept
                0x0120de4c                OSFlagCreate
                0x0120df88                OSFlagDel
                0x0120e230                OSFlagNameGet
                0x0120e374                OSFlagNameSet
                0x0120e4c8                OSFlagPend
                0x0120eb0c                OSFlagPendGetFlagsRdy
                0x0120eb74                OSFlagPost
                0x0120ef1c                OSFlagQuery
                0x0120f1b4                OS_FlagInit
                0x0120f3a8                OS_FlagUnlink
 .text          0x0120f454      0x808 ../ucosii_tutorial_bsp/\libucosii_bsp.a(os_mem.o)
                0x0120f454                OSMemCreate
                0x0120f670                OSMemGet
                0x0120f774                OSMemNameGet
                0x0120f880                OSMemNameSet
                0x0120f9a0                OSMemPut
                0x0120fa90                OSMemQuery
                0x0120fb8c                OS_MemInit
 .text          0x0120fc5c     0x1334 ../ucosii_tutorial_bsp/\libucosii_bsp.a(os_q.o)
                0x0120fc5c                OSQAccept
                0x0120fdb0                OSQCreate
                0x0120ffc4                OSQDel
                0x012102c4                OSQFlush
                0x0121038c                OSQPend
                0x012106ac                OSQPendAbort
                0x01210828                OSQPost
                0x012109a8                OSQPostFront
                0x01210b30                OSQPostOpt
                0x01210d64                OSQQuery
                0x01210ee4                OS_QInit
 .text          0x01210f90      0xbc8 ../ucosii_tutorial_bsp/\libucosii_bsp.a(os_sem.o)
                0x01210f90                OSSemAccept
                0x01211050                OSSemCreate
                0x01211164                OSSemDel
                0x01211404                OSSemPend
                0x01211680                OSSemPendAbort
                0x012117fc                OSSemPost
                0x01211924                OSSemQuery
                0x01211a54                OSSemSet
 .text          0x01211b58     0x1a40 ../ucosii_tutorial_bsp/\libucosii_bsp.a(os_task.o)
                0x01211b58                OSTaskChangePrio
                0x012120cc                OSTaskCreate
                0x012122a0                OSTaskCreateExt
                0x012124a0                OSTaskDel
                0x012128ac                OSTaskDelReq
                0x01212a1c                OSTaskNameGet
                0x01212bd4                OSTaskNameSet
                0x01212d98                OSTaskResume
                0x01212fb0                OSTaskStkChk
                0x012131ac                OSTaskSuspend
                0x012133d8                OSTaskQuery
                0x0121351c                OS_TaskStkClr
 .text          0x01213598      0x670 ../ucosii_tutorial_bsp/\libucosii_bsp.a(os_time.o)
                0x01213598                OSTimeDly
                0x012136e4                OSTimeDlyHMSM
                0x01213930                OSTimeDlyResume
                0x01213b40                OSTimeGet
                0x01213ba4                OSTimeSet
 .text          0x01213c08       0xe4 ../ucosii_tutorial_bsp/\libucosii_bsp.a(alt_sys_init.o)
                0x01213c08                alt_irq_init
                0x01213c3c                alt_sys_init
 .text          0x01213cec      0x8c8 ../ucosii_tutorial_bsp/\libucosii_bsp.a(altera_avalon_cfi_flash.o)
                0x01213cec                alt_flash_cfi_init
                0x01213dc0                alt_flash_cfi_write
                0x01214080                alt_flash_cfi_get_info
                0x01214110                alt_flash_cfi_read
                0x01214178                alt_write_value_to_flash
                0x012142dc                alt_flash_program_block
 .text          0x012145b4     0x14a8 ../ucosii_tutorial_bsp/\libucosii_bsp.a(altera_avalon_cfi_flash_table.o)
                0x012145b4                alt_read_query_entry_8bit
                0x012145f4                alt_read_query_entry_16bit
                0x01214638                alt_read_query_entry_32bit
                0x01214680                alt_write_flash_command_8bit_device_8bit_mode
                0x012146bc                alt_write_flash_command_16bit_device_8bit_mode
                0x01214738                alt_write_flash_command_32bit_device_8bit_mode
                0x01214780                alt_write_flash_command_16bit_device_16bit_mode
                0x012147c4                alt_write_flash_command_32bit_device_16bit_mode
                0x0121480c                alt_write_flash_command_32bit_device_32bit_mode
                0x01214854                alt_write_native_8bit
                0x01214888                alt_write_native_16bit
                0x012148bc                alt_write_native_32bit
                0x012148ec                alt_set_flash_width_func
                0x01214acc                alt_set_flash_algorithm_func
                0x01214bf4                alt_read_cfi_table
                0x012151d4                alt_read_cfi_width
                0x01215980                alt_check_primary_table
 .text          0x01215a5c      0x148 ../ucosii_tutorial_bsp/\libucosii_bsp.a(altera_avalon_jtag_uart_fd.o)
                0x01215a5c                altera_avalon_jtag_uart_read_fd
                0x01215ab4                altera_avalon_jtag_uart_write_fd
                0x01215b0c                altera_avalon_jtag_uart_close_fd
                0x01215b54                altera_avalon_jtag_uart_ioctl_fd
 .text          0x01215ba4      0x584 ../ucosii_tutorial_bsp/\libucosii_bsp.a(altera_avalon_jtag_uart_init.o)
                0x01215ba4                altera_avalon_jtag_uart_init
                0x012160b4                altera_avalon_jtag_uart_close
 .text          0x01216128       0xf4 ../ucosii_tutorial_bsp/\libucosii_bsp.a(altera_avalon_jtag_uart_ioctl.o)
                0x01216128                altera_avalon_jtag_uart_ioctl
 .text          0x0121621c      0x2c0 ../ucosii_tutorial_bsp/\libucosii_bsp.a(altera_avalon_jtag_uart_read.o)
                0x0121621c                altera_avalon_jtag_uart_read
 .text          0x012164dc      0x2dc ../ucosii_tutorial_bsp/\libucosii_bsp.a(altera_avalon_jtag_uart_write.o)
                0x012164dc                altera_avalon_jtag_uart_write
 .text          0x012167b8      0x100 ../ucosii_tutorial_bsp/\libucosii_bsp.a(altera_avalon_timer_sc.o)
                0x01216828                alt_avalon_timer_sc_init
 .text          0x012168b8      0x154 ../ucosii_tutorial_bsp/\libucosii_bsp.a(alt_alarm_start.o)
                0x012168b8                alt_alarm_start
 .text          0x01216a0c       0x78 ../ucosii_tutorial_bsp/\libucosii_bsp.a(alt_dcache_flush.o)
                0x01216a0c                alt_dcache_flush
 .text          0x01216a84      0x114 ../ucosii_tutorial_bsp/\libucosii_bsp.a(alt_dev_llist_insert.o)
                0x01216a84                alt_dev_llist_insert
 .text          0x01216b98       0x64 ../ucosii_tutorial_bsp/\libucosii_bsp.a(alt_do_ctors.o)
                0x01216b98                _do_ctors
 .text          0x01216bfc       0x64 ../ucosii_tutorial_bsp/\libucosii_bsp.a(alt_do_dtors.o)
                0x01216bfc                _do_dtors
 .text          0x01216c60       0xd0 ../ucosii_tutorial_bsp/\libucosii_bsp.a(alt_flash_dev.o)
                0x01216c60                alt_flash_open_dev
                0x01216cdc                alt_flash_close_dev
 .text          0x01216d30      0x1d4 ../ucosii_tutorial_bsp/\libucosii_bsp.a(alt_iic.o)
                0x01216d30                alt_ic_isr_register
                0x01216d80                alt_ic_irq_enable
                0x01216e1c                alt_ic_irq_disable
                0x01216ebc                alt_ic_irq_enabled
 .text          0x01216f04       0xf8 ../ucosii_tutorial_bsp/\libucosii_bsp.a(alt_iic_isr_register.o)
                0x01216f04                alt_iic_isr_register
 .text          0x01216ffc      0x13c ../ucosii_tutorial_bsp/\libucosii_bsp.a(alt_io_redirect.o)
                0x012170c0                alt_io_redirect
 .text          0x01217138        0x0 ../ucosii_tutorial_bsp/\libucosii_bsp.a(alt_irq_entry.o)
 .text          0x01217138        0x0 ../ucosii_tutorial_bsp/\libucosii_bsp.a(alt_irq_handler.o)
 .text          0x01217138        0x0 ../ucosii_tutorial_bsp/\libucosii_bsp.a(alt_irq_vars.o)
 .text          0x01217138      0x2c4 ../ucosii_tutorial_bsp/\libucosii_bsp.a(alt_open.o)
                0x01217214                open
 .text          0x012173fc      0x1a8 ../ucosii_tutorial_bsp/\libucosii_bsp.a(alt_tick.o)
                0x012173fc                alt_alarm_stop
                0x01217494                alt_tick
 .text          0x012175a4       0x20 ../ucosii_tutorial_bsp/\libucosii_bsp.a(altera_nios2_qsys_irq.o)
                0x012175a4                altera_nios2_qsys_irq_init
 .text          0x012175c4       0xd0 ../ucosii_tutorial_bsp/\libucosii_bsp.a(os_cpu_a.o)
                0x012175c4                OSCtxSw
                0x012175c4                OSIntCtxSw
                0x01217650                OSStartHighRdy
                0x01217670                OSStartTsk
 .text          0x01217694      0x418 ../ucosii_tutorial_bsp/\libucosii_bsp.a(os_cpu_c.o)
                0x01217694                OSTaskStkInit
                0x012179a4                OSTaskCreateHook
                0x012179c4                OSTaskDelHook
                0x012179e4                OSTaskSwHook
                0x01217a00                OSTaskStatHook
                0x01217a1c                OSTimeTickHook
                0x01217a38                OSInitHookBegin
                0x01217a54                OSInitHookEnd
                0x01217a70                OSTaskIdleHook
                0x01217a8c                OSTCBInitHook
 .text          0x01217aac      0x460 ../ucosii_tutorial_bsp/\libucosii_bsp.a(altera_avalon_cfi_flash_amd.o)
                0x01217aac                alt_program_amd
                0x01217b14                alt_erase_block_amd
 .text          0x01217f0c      0x460 ../ucosii_tutorial_bsp/\libucosii_bsp.a(altera_avalon_cfi_flash_intel.o)
                0x01217f0c                alt_program_intel
                0x01217f90                alt_erase_block_intel
 .text          0x0121836c        0x0 ../ucosii_tutorial_bsp/\libucosii_bsp.a(alt_exception_entry.o)
 .text          0x0121836c       0x94 ../ucosii_tutorial_bsp/\libucosii_bsp.a(alt_find_dev.o)
                0x0121836c                alt_find_dev
 .text          0x01218400      0x120 ../ucosii_tutorial_bsp/\libucosii_bsp.a(alt_find_file.o)
                0x01218400                alt_find_file
 .text          0x01218520       0xf4 ../ucosii_tutorial_bsp/\libucosii_bsp.a(alt_get_fd.o)
                0x01218520                alt_get_fd
 .text          0x01218614      0x118 ../ucosii_tutorial_bsp/\libucosii_bsp.a(alt_usleep.o)
                0x01218614                usleep
 .text          0x0121872c      0x14c ../ucosii_tutorial_bsp/\libucosii_bsp.a(alt_busy_sleep.o)
                0x0121872c                alt_busy_sleep
 .text          0x01218878       0x14 c:/altera/nios2eds/bin/gnu/h-i686-mingw32/bin/../lib/gcc/nios2-elf/4.1.2/../../../../nios2-elf/lib\libc.a(lib_a-atexit.o)
                0x01218878                atexit
 .text          0x0121888c       0x74 c:/altera/nios2eds/bin/gnu/h-i686-mingw32/bin/../lib/gcc/nios2-elf/4.1.2/../../../../nios2-elf/lib\libc.a(lib_a-memcmp.o)
                0x0121888c                memcmp
 .text          0x01218900      0x134 c:/altera/nios2eds/bin/gnu/h-i686-mingw32/bin/../lib/gcc/nios2-elf/4.1.2/../../../../nios2-elf/lib\libc.a(lib_a-__atexit.o)
                0x01218900                __register_exitproc
 .text          0x01218a34       0xa4 c:/altera/nios2eds/bin/gnu/h-i686-mingw32/bin/../lib/gcc/nios2-elf/4.1.2\libgcc.a(_fixunsdfsi.o)
                0x01218a34                __fixunsdfsi
 *(.gnu.warning.*)
 *(.fini)
                0x01218ad8                PROVIDE (__etext, ABSOLUTE (.))
                0x01218ad8                PROVIDE (_etext, ABSOLUTE (.))
                0x01218ad8                PROVIDE (etext, ABSOLUTE (.))
 *(.eh_frame_hdr)
                0x01218ad8                . = ALIGN (0x4)
                0x01218ad8                PROVIDE (__preinit_array_start, ABSOLUTE (.))
 *(.preinit_array)
                0x01218ad8                PROVIDE (__preinit_array_end, ABSOLUTE (.))
                0x01218ad8                PROVIDE (__init_array_start, ABSOLUTE (.))
 *(.init_array)
                0x01218ad8                PROVIDE (__init_array_end, ABSOLUTE (.))
                0x01218ad8                PROVIDE (__fini_array_start, ABSOLUTE (.))
 *(.fini_array)
                0x01218ad8                PROVIDE (__fini_array_end, ABSOLUTE (.))
 *(.eh_frame)
 *(.gcc_except_table)
 *(.dynamic)
                0x01218ad8                PROVIDE (__CTOR_LIST__, ABSOLUTE (.))
 *(.ctors)
 *(SORT(.ctors.*))
 .ctors.65535   0x01218ad8        0x4 c:/altera/nios2eds/bin/gnu/h-i686-mingw32/bin/../lib/gcc/nios2-elf/4.1.2/../../../../nios2-elf/lib\libc.a(lib_a-__call_atexit.o)
                0x01218adc                PROVIDE (__CTOR_END__, ABSOLUTE (.))
                0x01218adc                PROVIDE (__DTOR_LIST__, ABSOLUTE (.))
 *(.dtors)
 *(SORT(.dtors.*))
                0x01218adc                PROVIDE (__DTOR_END__, ABSOLUTE (.))
 *(.jcr)
                0x01218adc                . = ALIGN (0x4)

.rodata         0x01218adc      0xa0c
                0x01218adc                PROVIDE (__ram_rodata_start, ABSOLUTE (.))
                0x01218adc                . = ALIGN (0x4)
 *(.rodata .rodata.* .gnu.linkonce.r.*)
 .rodata        0x01218adc      0x378 obj/default/alt_ucosii_simple_error_check.o
 .rodata        0x01218e54      0x220 obj/default/ucosii_tutorial.o
 .rodata.str1.4
                0x01219074        0x2 c:/altera/nios2eds/bin/gnu/h-i686-mingw32/bin/../lib/gcc/nios2-elf/4.1.2/../../../../nios2-elf/lib\libc.a(lib_a-impure.o)
                                  0x4 (size before relaxing)
 *fill*         0x01219076        0x2 00
 .rodata.str1.4
                0x01219078        0x2 c:/altera/nios2eds/bin/gnu/h-i686-mingw32/bin/../lib/gcc/nios2-elf/4.1.2/../../../../nios2-elf/lib\libc.a(lib_a-puts.o)
                                  0x4 (size before relaxing)
 *fill*         0x0121907a        0x2 00
 .rodata.str1.4
                0x0121907c       0x5e c:/altera/nios2eds/bin/gnu/h-i686-mingw32/bin/../lib/gcc/nios2-elf/4.1.2/../../../../nios2-elf/lib\libc.a(lib_a-vfprintf.o)
                                 0x60 (size before relaxing)
 .rodata        0x012190da       0x20 c:/altera/nios2eds/bin/gnu/h-i686-mingw32/bin/../lib/gcc/nios2-elf/4.1.2/../../../../nios2-elf/lib\libc.a(lib_a-vfprintf.o)
 *fill*         0x012190fa        0x2 00
 .rodata.str1.4
                0x012190fc       0x10 c:/altera/nios2eds/bin/gnu/h-i686-mingw32/bin/../lib/gcc/nios2-elf/4.1.2/../../../../nios2-elf/lib\libc.a(lib_a-dtoa.o)
                                 0x14 (size before relaxing)
 .rodata.str1.4
                0x0121910c       0x10 c:/altera/nios2eds/bin/gnu/h-i686-mingw32/bin/../lib/gcc/nios2-elf/4.1.2/../../../../nios2-elf/lib\libc.a(lib_a-locale.o)
                                 0x18 (size before relaxing)
 .rodata        0x0121911c       0x30 c:/altera/nios2eds/bin/gnu/h-i686-mingw32/bin/../lib/gcc/nios2-elf/4.1.2/../../../../nios2-elf/lib\libc.a(lib_a-locale.o)
 .rodata        0x0121914c      0x124 c:/altera/nios2eds/bin/gnu/h-i686-mingw32/bin/../lib/gcc/nios2-elf/4.1.2/../../../../nios2-elf/lib\libc.a(lib_a-mprec.o)
                0x0121914c                __mprec_tens
                0x01219214                __mprec_bigtens
                0x0121923c                __mprec_tinytens
 .rodata        0x01219270       0x14 c:/altera/nios2eds/bin/gnu/h-i686-mingw32/bin/../lib/gcc/nios2-elf/4.1.2\libgcc.a(_thenan_df.o)
                0x01219270                __thenan_df
 .rodata        0x01219284      0x100 c:/altera/nios2eds/bin/gnu/h-i686-mingw32/bin/../lib/gcc/nios2-elf/4.1.2\libgcc.a(_clz.o)
                0x01219284                __clz_tab
 .rodata        0x01219384        0xc ../ucosii_tutorial_bsp/\libucosii_bsp.a(alt_dev.o)
 .rodata        0x01219390       0x10 ../ucosii_tutorial_bsp/\libucosii_bsp.a(alt_main.o)
 .rodata        0x012193a0      0x120 ../ucosii_tutorial_bsp/\libucosii_bsp.a(os_core.o)
                0x012193a0                OSUnMapTbl
 .rodata        0x012194c0       0x24 ../ucosii_tutorial_bsp/\libucosii_bsp.a(alt_sys_init.o)
 .rodata        0x012194e4        0x4 ../ucosii_tutorial_bsp/\libucosii_bsp.a(os_cpu_c.o)
 *(.rodata1)
                0x012194e8                . = ALIGN (0x4)
                0x012194e8                PROVIDE (__ram_rodata_end, ABSOLUTE (.))
                0x01218adc                PROVIDE (__flash_rodata_start, LOADADDR (.rodata))

.rwdata         0x012194e8     0x1bc4
                0x012194e8                PROVIDE (__ram_rwdata_start, ABSOLUTE (.))
                0x012194e8                . = ALIGN (0x4)
 *(.got.plt)
 *(.got)
 *(.data1)
 *(.data .data.* .gnu.linkonce.d.*)
 .data          0x012194e8        0x0 ../ucosii_tutorial_bsp//obj/HAL/src/crt0.o
 .data          0x012194e8        0x0 obj/default/alt_ucosii_simple_error_check.o
 .data          0x012194e8        0x0 obj/default/ucosii_tutorial.o
 .data          0x012194e8        0x0 c:/altera/nios2eds/bin/gnu/h-i686-mingw32/bin/../lib/gcc/nios2-elf/4.1.2/../../../../nios2-elf/lib\libc.a(lib_a-exit.o)
 .data          0x012194e8        0x0 c:/altera/nios2eds/bin/gnu/h-i686-mingw32/bin/../lib/gcc/nios2-elf/4.1.2/../../../../nios2-elf/lib\libc.a(lib_a-fprintf.o)
 .data          0x012194e8        0x0 c:/altera/nios2eds/bin/gnu/h-i686-mingw32/bin/../lib/gcc/nios2-elf/4.1.2/../../../../nios2-elf/lib\libc.a(lib_a-fwrite.o)
 .data          0x012194e8      0x400 c:/altera/nios2eds/bin/gnu/h-i686-mingw32/bin/../lib/gcc/nios2-elf/4.1.2/../../../../nios2-elf/lib\libc.a(lib_a-impure.o)
 .data          0x012198e8        0x0 c:/altera/nios2eds/bin/gnu/h-i686-mingw32/bin/../lib/gcc/nios2-elf/4.1.2/../../../../nios2-elf/lib\libc.a(lib_a-printf.o)
 .data          0x012198e8        0x0 c:/altera/nios2eds/bin/gnu/h-i686-mingw32/bin/../lib/gcc/nios2-elf/4.1.2/../../../../nios2-elf/lib\libc.a(lib_a-putchar.o)
 .data          0x012198e8        0x0 c:/altera/nios2eds/bin/gnu/h-i686-mingw32/bin/../lib/gcc/nios2-elf/4.1.2/../../../../nios2-elf/lib\libc.a(lib_a-puts.o)
 .data          0x012198e8        0x0 c:/altera/nios2eds/bin/gnu/h-i686-mingw32/bin/../lib/gcc/nios2-elf/4.1.2/../../../../nios2-elf/lib\libc.a(lib_a-strlen.o)
 .data          0x012198e8        0x0 c:/altera/nios2eds/bin/gnu/h-i686-mingw32/bin/../lib/gcc/nios2-elf/4.1.2/../../../../nios2-elf/lib\libc.a(lib_a-vfprintf.o)
 .data          0x012198e8        0x0 c:/altera/nios2eds/bin/gnu/h-i686-mingw32/bin/../lib/gcc/nios2-elf/4.1.2/../../../../nios2-elf/lib\libc.a(lib_a-wsetup.o)
 .data          0x012198e8        0x0 c:/altera/nios2eds/bin/gnu/h-i686-mingw32/bin/../lib/gcc/nios2-elf/4.1.2/../../../../nios2-elf/lib\libc.a(lib_a-__call_atexit.o)
 .data          0x012198e8        0x0 c:/altera/nios2eds/bin/gnu/h-i686-mingw32/bin/../lib/gcc/nios2-elf/4.1.2/../../../../nios2-elf/lib\libc.a(lib_a-dtoa.o)
 .data          0x012198e8        0x0 c:/altera/nios2eds/bin/gnu/h-i686-mingw32/bin/../lib/gcc/nios2-elf/4.1.2/../../../../nios2-elf/lib\libc.a(lib_a-fflush.o)
 .data          0x012198e8        0x0 c:/altera/nios2eds/bin/gnu/h-i686-mingw32/bin/../lib/gcc/nios2-elf/4.1.2/../../../../nios2-elf/lib\libc.a(lib_a-findfp.o)
 .data          0x012198e8        0x0 c:/altera/nios2eds/bin/gnu/h-i686-mingw32/bin/../lib/gcc/nios2-elf/4.1.2/../../../../nios2-elf/lib\libc.a(lib_a-freer.o)
 .data          0x012198e8        0x0 c:/altera/nios2eds/bin/gnu/h-i686-mingw32/bin/../lib/gcc/nios2-elf/4.1.2/../../../../nios2-elf/lib\libc.a(lib_a-fvwrite.o)
 .data          0x012198e8        0x0 c:/altera/nios2eds/bin/gnu/h-i686-mingw32/bin/../lib/gcc/nios2-elf/4.1.2/../../../../nios2-elf/lib\libc.a(lib_a-fwalk.o)
 .data          0x012198e8        0xc c:/altera/nios2eds/bin/gnu/h-i686-mingw32/bin/../lib/gcc/nios2-elf/4.1.2/../../../../nios2-elf/lib\libc.a(lib_a-locale.o)
                0x012198e8                __lc_ctype
 .data          0x012198f4        0x0 c:/altera/nios2eds/bin/gnu/h-i686-mingw32/bin/../lib/gcc/nios2-elf/4.1.2/../../../../nios2-elf/lib\libc.a(lib_a-makebuf.o)
 .data          0x012198f4      0x408 c:/altera/nios2eds/bin/gnu/h-i686-mingw32/bin/../lib/gcc/nios2-elf/4.1.2/../../../../nios2-elf/lib\libc.a(lib_a-mallocr.o)
                0x012198f4                __malloc_av_
 .data          0x01219cfc        0x0 c:/altera/nios2eds/bin/gnu/h-i686-mingw32/bin/../lib/gcc/nios2-elf/4.1.2/../../../../nios2-elf/lib\libc.a(lib_a-memchr.o)
 .data          0x01219cfc        0x0 c:/altera/nios2eds/bin/gnu/h-i686-mingw32/bin/../lib/gcc/nios2-elf/4.1.2/../../../../nios2-elf/lib\libc.a(lib_a-memcpy.o)
 .data          0x01219cfc        0x0 c:/altera/nios2eds/bin/gnu/h-i686-mingw32/bin/../lib/gcc/nios2-elf/4.1.2/../../../../nios2-elf/lib\libc.a(lib_a-memmove.o)
 .data          0x01219cfc        0x0 c:/altera/nios2eds/bin/gnu/h-i686-mingw32/bin/../lib/gcc/nios2-elf/4.1.2/../../../../nios2-elf/lib\libc.a(lib_a-memset.o)
 .data          0x01219cfc        0x0 c:/altera/nios2eds/bin/gnu/h-i686-mingw32/bin/../lib/gcc/nios2-elf/4.1.2/../../../../nios2-elf/lib\libc.a(lib_a-mprec.o)
 .data          0x01219cfc        0x0 c:/altera/nios2eds/bin/gnu/h-i686-mingw32/bin/../lib/gcc/nios2-elf/4.1.2/../../../../nios2-elf/lib\libc.a(lib_a-putc.o)
 .data          0x01219cfc        0x0 c:/altera/nios2eds/bin/gnu/h-i686-mingw32/bin/../lib/gcc/nios2-elf/4.1.2/../../../../nios2-elf/lib\libc.a(lib_a-reallocr.o)
 .data          0x01219cfc        0x0 c:/altera/nios2eds/bin/gnu/h-i686-mingw32/bin/../lib/gcc/nios2-elf/4.1.2/../../../../nios2-elf/lib\libc.a(lib_a-s_isinfd.o)
 .data          0x01219cfc        0x0 c:/altera/nios2eds/bin/gnu/h-i686-mingw32/bin/../lib/gcc/nios2-elf/4.1.2/../../../../nios2-elf/lib\libc.a(lib_a-s_isnand.o)
 .data          0x01219cfc        0x0 c:/altera/nios2eds/bin/gnu/h-i686-mingw32/bin/../lib/gcc/nios2-elf/4.1.2/../../../../nios2-elf/lib\libc.a(lib_a-sbrkr.o)
 .data          0x01219cfc        0x0 c:/altera/nios2eds/bin/gnu/h-i686-mingw32/bin/../lib/gcc/nios2-elf/4.1.2/../../../../nios2-elf/lib\libc.a(lib_a-stdio.o)
 .data          0x01219cfc        0x0 c:/altera/nios2eds/bin/gnu/h-i686-mingw32/bin/../lib/gcc/nios2-elf/4.1.2/../../../../nios2-elf/lib\libc.a(lib_a-strcmp.o)
 .data          0x01219cfc        0x0 c:/altera/nios2eds/bin/gnu/h-i686-mingw32/bin/../lib/gcc/nios2-elf/4.1.2/../../../../nios2-elf/lib\libc.a(lib_a-wbuf.o)
 .data          0x01219cfc        0x0 c:/altera/nios2eds/bin/gnu/h-i686-mingw32/bin/../lib/gcc/nios2-elf/4.1.2/../../../../nios2-elf/lib\libc.a(lib_a-writer.o)
 .data          0x01219cfc        0x0 c:/altera/nios2eds/bin/gnu/h-i686-mingw32/bin/../lib/gcc/nios2-elf/4.1.2/../../../../nios2-elf/lib\libc.a(lib_a-callocr.o)
 .data          0x01219cfc        0x0 c:/altera/nios2eds/bin/gnu/h-i686-mingw32/bin/../lib/gcc/nios2-elf/4.1.2/../../../../nios2-elf/lib\libc.a(lib_a-closer.o)
 .data          0x01219cfc        0x0 c:/altera/nios2eds/bin/gnu/h-i686-mingw32/bin/../lib/gcc/nios2-elf/4.1.2/../../../../nios2-elf/lib\libc.a(lib_a-fclose.o)
 .data          0x01219cfc        0x0 c:/altera/nios2eds/bin/gnu/h-i686-mingw32/bin/../lib/gcc/nios2-elf/4.1.2/../../../../nios2-elf/lib\libc.a(lib_a-fstatr.o)
 .data          0x01219cfc        0x0 c:/altera/nios2eds/bin/gnu/h-i686-mingw32/bin/../lib/gcc/nios2-elf/4.1.2/../../../../nios2-elf/lib\libc.a(lib_a-int_errno.o)
 .data          0x01219cfc        0x0 c:/altera/nios2eds/bin/gnu/h-i686-mingw32/bin/../lib/gcc/nios2-elf/4.1.2/../../../../nios2-elf/lib\libc.a(lib_a-isattyr.o)
 .data          0x01219cfc        0x0 c:/altera/nios2eds/bin/gnu/h-i686-mingw32/bin/../lib/gcc/nios2-elf/4.1.2/../../../../nios2-elf/lib\libc.a(lib_a-lseekr.o)
 .data          0x01219cfc        0x0 c:/altera/nios2eds/bin/gnu/h-i686-mingw32/bin/../lib/gcc/nios2-elf/4.1.2/../../../../nios2-elf/lib\libc.a(lib_a-readr.o)
 .data          0x01219cfc        0x0 c:/altera/nios2eds/bin/gnu/h-i686-mingw32/bin/../lib/gcc/nios2-elf/4.1.2\libgcc.a(_udivdi3.o)
 .data          0x01219cfc        0x0 c:/altera/nios2eds/bin/gnu/h-i686-mingw32/bin/../lib/gcc/nios2-elf/4.1.2\libgcc.a(_umoddi3.o)
 .data          0x01219cfc        0x0 c:/altera/nios2eds/bin/gnu/h-i686-mingw32/bin/../lib/gcc/nios2-elf/4.1.2\libgcc.a(_addsub_df.o)
 .data          0x01219cfc        0x0 c:/altera/nios2eds/bin/gnu/h-i686-mingw32/bin/../lib/gcc/nios2-elf/4.1.2\libgcc.a(_mul_df.o)
 .data          0x01219cfc        0x0 c:/altera/nios2eds/bin/gnu/h-i686-mingw32/bin/../lib/gcc/nios2-elf/4.1.2\libgcc.a(_div_df.o)
 .data          0x01219cfc        0x0 c:/altera/nios2eds/bin/gnu/h-i686-mingw32/bin/../lib/gcc/nios2-elf/4.1.2\libgcc.a(_eq_df.o)
 .data          0x01219cfc        0x0 c:/altera/nios2eds/bin/gnu/h-i686-mingw32/bin/../lib/gcc/nios2-elf/4.1.2\libgcc.a(_ne_df.o)
 .data          0x01219cfc        0x0 c:/altera/nios2eds/bin/gnu/h-i686-mingw32/bin/../lib/gcc/nios2-elf/4.1.2\libgcc.a(_gt_df.o)
 .data          0x01219cfc        0x0 c:/altera/nios2eds/bin/gnu/h-i686-mingw32/bin/../lib/gcc/nios2-elf/4.1.2\libgcc.a(_ge_df.o)
 .data          0x01219cfc        0x0 c:/altera/nios2eds/bin/gnu/h-i686-mingw32/bin/../lib/gcc/nios2-elf/4.1.2\libgcc.a(_lt_df.o)
 .data          0x01219cfc        0x0 c:/altera/nios2eds/bin/gnu/h-i686-mingw32/bin/../lib/gcc/nios2-elf/4.1.2\libgcc.a(_si_to_df.o)
 .data          0x01219cfc        0x0 c:/altera/nios2eds/bin/gnu/h-i686-mingw32/bin/../lib/gcc/nios2-elf/4.1.2\libgcc.a(_df_to_si.o)
 .data          0x01219cfc        0x0 c:/altera/nios2eds/bin/gnu/h-i686-mingw32/bin/../lib/gcc/nios2-elf/4.1.2\libgcc.a(_thenan_df.o)
 .data          0x01219cfc        0x0 c:/altera/nios2eds/bin/gnu/h-i686-mingw32/bin/../lib/gcc/nios2-elf/4.1.2\libgcc.a(_usi_to_df.o)
 .data          0x01219cfc        0x0 c:/altera/nios2eds/bin/gnu/h-i686-mingw32/bin/../lib/gcc/nios2-elf/4.1.2\libgcc.a(lib2-divmod.o)
 .data          0x01219cfc        0x0 c:/altera/nios2eds/bin/gnu/h-i686-mingw32/bin/../lib/gcc/nios2-elf/4.1.2\libgcc.a(_muldi3.o)
 .data          0x01219cfc        0x0 c:/altera/nios2eds/bin/gnu/h-i686-mingw32/bin/../lib/gcc/nios2-elf/4.1.2\libgcc.a(_clz.o)
 .data          0x01219cfc        0x0 c:/altera/nios2eds/bin/gnu/h-i686-mingw32/bin/../lib/gcc/nios2-elf/4.1.2\libgcc.a(_clzsi2.o)
 .data          0x01219cfc        0x0 c:/altera/nios2eds/bin/gnu/h-i686-mingw32/bin/../lib/gcc/nios2-elf/4.1.2\libgcc.a(_pack_df.o)
 .data          0x01219cfc        0x0 c:/altera/nios2eds/bin/gnu/h-i686-mingw32/bin/../lib/gcc/nios2-elf/4.1.2\libgcc.a(_unpack_df.o)
 .data          0x01219cfc        0x0 c:/altera/nios2eds/bin/gnu/h-i686-mingw32/bin/../lib/gcc/nios2-elf/4.1.2\libgcc.a(_fpcmp_parts_df.o)
 .data          0x01219cfc        0x0 ../ucosii_tutorial_bsp/\libucosii_bsp.a(alt_close.o)
 .data          0x01219cfc      0x1a8 ../ucosii_tutorial_bsp/\libucosii_bsp.a(alt_dev.o)
                0x01219cfc                alt_dev_null
                0x01219d24                alt_fd_list
 .data          0x01219ea4        0x0 ../ucosii_tutorial_bsp/\libucosii_bsp.a(alt_errno.o)
 .data          0x01219ea4        0x0 ../ucosii_tutorial_bsp/\libucosii_bsp.a(alt_exit.o)
 .data          0x01219ea4        0x0 ../ucosii_tutorial_bsp/\libucosii_bsp.a(alt_fstat.o)
 .data          0x01219ea4        0x0 ../ucosii_tutorial_bsp/\libucosii_bsp.a(alt_isatty.o)
 .data          0x01219ea4        0x0 ../ucosii_tutorial_bsp/\libucosii_bsp.a(alt_lseek.o)
 .data          0x01219ea4        0x0 ../ucosii_tutorial_bsp/\libucosii_bsp.a(alt_main.o)
 .data          0x01219ea4        0x0 ../ucosii_tutorial_bsp/\libucosii_bsp.a(alt_read.o)
 .data          0x01219ea4        0x0 ../ucosii_tutorial_bsp/\libucosii_bsp.a(alt_release_fd.o)
 .data          0x01219ea4        0x0 ../ucosii_tutorial_bsp/\libucosii_bsp.a(alt_sbrk.o)
 .data          0x01219ea4        0x0 ../ucosii_tutorial_bsp/\libucosii_bsp.a(alt_write.o)
 .data          0x01219ea4        0x0 ../ucosii_tutorial_bsp/\libucosii_bsp.a(alt_env_lock.o)
 .data          0x01219ea4        0x0 ../ucosii_tutorial_bsp/\libucosii_bsp.a(alt_malloc_lock.o)
 .data          0x01219ea4        0x0 ../ucosii_tutorial_bsp/\libucosii_bsp.a(os_core.o)
 .data          0x01219ea4        0x0 ../ucosii_tutorial_bsp/\libucosii_bsp.a(os_dbg.o)
 .data          0x01219ea4        0x0 ../ucosii_tutorial_bsp/\libucosii_bsp.a(os_flag.o)
 .data          0x01219ea4        0x0 ../ucosii_tutorial_bsp/\libucosii_bsp.a(os_mem.o)
 .data          0x01219ea4        0x0 ../ucosii_tutorial_bsp/\libucosii_bsp.a(os_q.o)
 .data          0x01219ea4        0x0 ../ucosii_tutorial_bsp/\libucosii_bsp.a(os_sem.o)
 .data          0x01219ea4        0x0 ../ucosii_tutorial_bsp/\libucosii_bsp.a(os_task.o)
 .data          0x01219ea4        0x0 ../ucosii_tutorial_bsp/\libucosii_bsp.a(os_time.o)
 .data          0x01219ea4     0x1144 ../ucosii_tutorial_bsp/\libucosii_bsp.a(alt_sys_init.o)
 .data          0x0121afe8        0x0 ../ucosii_tutorial_bsp/\libucosii_bsp.a(altera_avalon_cfi_flash.o)
 .data          0x0121afe8        0x0 ../ucosii_tutorial_bsp/\libucosii_bsp.a(altera_avalon_cfi_flash_table.o)
 .data          0x0121afe8        0x0 ../ucosii_tutorial_bsp/\libucosii_bsp.a(altera_avalon_jtag_uart_fd.o)
 .data          0x0121afe8        0x0 ../ucosii_tutorial_bsp/\libucosii_bsp.a(altera_avalon_jtag_uart_init.o)
 .data          0x0121afe8        0x0 ../ucosii_tutorial_bsp/\libucosii_bsp.a(altera_avalon_jtag_uart_ioctl.o)
 .data          0x0121afe8        0x0 ../ucosii_tutorial_bsp/\libucosii_bsp.a(altera_avalon_jtag_uart_read.o)
 .data          0x0121afe8        0x0 ../ucosii_tutorial_bsp/\libucosii_bsp.a(altera_avalon_jtag_uart_write.o)
 .data          0x0121afe8        0x0 ../ucosii_tutorial_bsp/\libucosii_bsp.a(altera_avalon_timer_sc.o)
 .data          0x0121afe8        0x0 ../ucosii_tutorial_bsp/\libucosii_bsp.a(alt_alarm_start.o)
 .data          0x0121afe8        0x0 ../ucosii_tutorial_bsp/\libucosii_bsp.a(alt_dcache_flush.o)
 .data          0x0121afe8        0x0 ../ucosii_tutorial_bsp/\libucosii_bsp.a(alt_dev_llist_insert.o)
 .data          0x0121afe8        0x0 ../ucosii_tutorial_bsp/\libucosii_bsp.a(alt_do_ctors.o)
 .data          0x0121afe8        0x0 ../ucosii_tutorial_bsp/\libucosii_bsp.a(alt_do_dtors.o)
 .data          0x0121afe8        0x0 ../ucosii_tutorial_bsp/\libucosii_bsp.a(alt_flash_dev.o)
 .data          0x0121afe8        0x0 ../ucosii_tutorial_bsp/\libucosii_bsp.a(alt_iic.o)
 .data          0x0121afe8        0x0 ../ucosii_tutorial_bsp/\libucosii_bsp.a(alt_iic_isr_register.o)
 .data          0x0121afe8        0x0 ../ucosii_tutorial_bsp/\libucosii_bsp.a(alt_io_redirect.o)
 .data          0x0121afe8        0x0 ../ucosii_tutorial_bsp/\libucosii_bsp.a(alt_irq_entry.o)
 .data          0x0121afe8        0x0 ../ucosii_tutorial_bsp/\libucosii_bsp.a(alt_irq_handler.o)
 .data          0x0121afe8        0x0 ../ucosii_tutorial_bsp/\libucosii_bsp.a(alt_irq_vars.o)
 .data          0x0121afe8        0x0 ../ucosii_tutorial_bsp/\libucosii_bsp.a(alt_open.o)
 .data          0x0121afe8        0x0 ../ucosii_tutorial_bsp/\libucosii_bsp.a(alt_tick.o)
 .data          0x0121afe8        0x0 ../ucosii_tutorial_bsp/\libucosii_bsp.a(altera_nios2_qsys_irq.o)
 .data          0x0121afe8        0x0 ../ucosii_tutorial_bsp/\libucosii_bsp.a(os_cpu_a.o)
 .data          0x0121afe8        0x0 ../ucosii_tutorial_bsp/\libucosii_bsp.a(os_cpu_c.o)
 .data          0x0121afe8        0x0 ../ucosii_tutorial_bsp/\libucosii_bsp.a(altera_avalon_cfi_flash_amd.o)
 .data          0x0121afe8        0x0 ../ucosii_tutorial_bsp/\libucosii_bsp.a(altera_avalon_cfi_flash_intel.o)
 .data          0x0121afe8        0x0 ../ucosii_tutorial_bsp/\libucosii_bsp.a(alt_exception_entry.o)
 .data          0x0121afe8        0x0 ../ucosii_tutorial_bsp/\libucosii_bsp.a(alt_find_dev.o)
 .data          0x0121afe8        0x0 ../ucosii_tutorial_bsp/\libucosii_bsp.a(alt_find_file.o)
 .data          0x0121afe8        0x0 ../ucosii_tutorial_bsp/\libucosii_bsp.a(alt_get_fd.o)
 .data          0x0121afe8        0x0 ../ucosii_tutorial_bsp/\libucosii_bsp.a(alt_usleep.o)
 .data          0x0121afe8        0x0 ../ucosii_tutorial_bsp/\libucosii_bsp.a(alt_busy_sleep.o)
 .data          0x0121afe8        0x0 c:/altera/nios2eds/bin/gnu/h-i686-mingw32/bin/../lib/gcc/nios2-elf/4.1.2/../../../../nios2-elf/lib\libc.a(lib_a-atexit.o)
 .data          0x0121afe8        0x0 c:/altera/nios2eds/bin/gnu/h-i686-mingw32/bin/../lib/gcc/nios2-elf/4.1.2/../../../../nios2-elf/lib\libc.a(lib_a-memcmp.o)
 .data          0x0121afe8        0x0 c:/altera/nios2eds/bin/gnu/h-i686-mingw32/bin/../lib/gcc/nios2-elf/4.1.2/../../../../nios2-elf/lib\libc.a(lib_a-__atexit.o)
 .data          0x0121afe8        0x0 c:/altera/nios2eds/bin/gnu/h-i686-mingw32/bin/../lib/gcc/nios2-elf/4.1.2\libgcc.a(_fixunsdfsi.o)
                0x01222fe8                _gp = ABSOLUTE ((. + 0x8000))
                0x01222fe8                PROVIDE (gp, _gp)
 *(.rwdata .rwdata.*)
 *(.sdata .sdata.* .gnu.linkonce.s.*)
 .sdata         0x0121afe8        0x8 c:/altera/nios2eds/bin/gnu/h-i686-mingw32/bin/../lib/gcc/nios2-elf/4.1.2/../../../../nios2-elf/lib\libc.a(lib_a-impure.o)
                0x0121afe8                _impure_ptr
                0x0121afec                _global_impure_ptr
 .sdata         0x0121aff0        0x8 c:/altera/nios2eds/bin/gnu/h-i686-mingw32/bin/../lib/gcc/nios2-elf/4.1.2/../../../../nios2-elf/lib\libc.a(lib_a-locale.o)
                0x0121aff0                __mb_cur_max
 .sdata         0x0121aff8        0x8 c:/altera/nios2eds/bin/gnu/h-i686-mingw32/bin/../lib/gcc/nios2-elf/4.1.2/../../../../nios2-elf/lib\libc.a(lib_a-mallocr.o)
                0x0121aff8                __malloc_trim_threshold
                0x0121affc                __malloc_sbrk_base
 .sdata         0x0121b000       0x14 ../ucosii_tutorial_bsp/\libucosii_bsp.a(alt_dev.o)
                0x0121b000                alt_fs_list
                0x0121b008                alt_dev_list
                0x0121b010                alt_max_fd
 .sdata         0x0121b014        0x4 ../ucosii_tutorial_bsp/\libucosii_bsp.a(alt_errno.o)
                0x0121b014                alt_errno
 .sdata         0x0121b018        0x4 ../ucosii_tutorial_bsp/\libucosii_bsp.a(alt_sbrk.o)
 .sdata         0x0121b01c        0x4 ../ucosii_tutorial_bsp/\libucosii_bsp.a(alt_env_lock.o)
 .sdata         0x0121b020        0x4 ../ucosii_tutorial_bsp/\libucosii_bsp.a(alt_malloc_lock.o)
 .sdata         0x0121b024       0x74 ../ucosii_tutorial_bsp/\libucosii_bsp.a(os_dbg.o)
                0x0121b024                OSDebugEn
                0x0121b028                OSEndiannessTest
                0x0121b02c                OSEventEn
                0x0121b02e                OSEventMax
                0x0121b030                OSEventNameSize
                0x0121b032                OSEventSize
                0x0121b034                OSEventTblSize
                0x0121b036                OSEventMultiEn
                0x0121b038                OSFlagEn
                0x0121b03a                OSFlagGrpSize
                0x0121b03c                OSFlagNodeSize
                0x0121b03e                OSFlagWidth
                0x0121b040                OSFlagMax
                0x0121b042                OSFlagNameSize
                0x0121b044                OSLowestPrio
                0x0121b046                OSMboxEn
                0x0121b048                OSMemEn
                0x0121b04a                OSMemMax
                0x0121b04c                OSMemNameSize
                0x0121b04e                OSMemSize
                0x0121b050                OSMemTblSize
                0x0121b052                OSMutexEn
                0x0121b054                OSPtrSize
                0x0121b056                OSQEn
                0x0121b058                OSQMax
                0x0121b05a                OSQSize
                0x0121b05c                OSRdyTblSize
                0x0121b05e                OSSemEn
                0x0121b060                OSStkWidth
                0x0121b062                OSTaskCreateEn
                0x0121b064                OSTaskCreateExtEn
                0x0121b066                OSTaskDelEn
                0x0121b068                OSTaskIdleStkSize
                0x0121b06a                OSTaskProfileEn
                0x0121b06c                OSTaskMax
                0x0121b06e                OSTaskNameSize
                0x0121b070                OSTaskStatEn
                0x0121b072                OSTaskStatStkSize
                0x0121b074                OSTaskStatStkChkEn
                0x0121b076                OSTaskSwHookEn
                0x0121b078                OSTCBPrioTblMax
                0x0121b07a                OSTCBSize
                0x0121b07c                OSTicksPerSec
                0x0121b07e                OSTimeTickHookEn
                0x0121b080                OSVersionNbr
                0x0121b082                OSTmrEn
                0x0121b084                OSTmrCfgMax
                0x0121b086                OSTmrCfgNameSize
                0x0121b088                OSTmrCfgWheelSize
                0x0121b08a                OSTmrCfgTicksPerSec
                0x0121b08c                OSTmrSize
                0x0121b08e                OSTmrTblSize
                0x0121b090                OSTmrWheelSize
                0x0121b092                OSTmrWheelTblSize
                0x0121b094                OSDataSize
 .sdata         0x0121b098        0x8 ../ucosii_tutorial_bsp/\libucosii_bsp.a(alt_flash_dev.o)
                0x0121b098                alt_flash_dev_list
 .sdata         0x0121b0a0        0x4 ../ucosii_tutorial_bsp/\libucosii_bsp.a(alt_irq_vars.o)
                0x0121b0a0                alt_priority_mask
 .sdata         0x0121b0a4        0x8 ../ucosii_tutorial_bsp/\libucosii_bsp.a(alt_tick.o)
                0x0121b0a4                alt_alarm_list
 *(.sdata2 .sdata2.* .gnu.linkonce.s2.*)
                0x0121b0ac                . = ALIGN (0x4)
                0x0121b0ac                _edata = ABSOLUTE (.)
                0x0121b0ac                PROVIDE (edata, ABSOLUTE (.))
                0x0121b0ac                PROVIDE (__ram_rwdata_end, ABSOLUTE (.))
                0x012194e8                PROVIDE (__flash_rwdata_start, LOADADDR (.rwdata))

.bss            0x0121b0ac     0xa61c
                0x0121b0ac                __bss_start = ABSOLUTE (.)
                0x0121b0ac                PROVIDE (__sbss_start, ABSOLUTE (.))
                0x0121b0ac                PROVIDE (___sbss_start, ABSOLUTE (.))
 *(.dynsbss)
 *(.sbss .sbss.* .gnu.linkonce.sb.*)
 .sbss          0x0121b0ac       0x14 obj/default/ucosii_tutorial.o
                0x0121b0ac                number_of_messages_sent
                0x0121b0b0                number_of_messages_received_task1
                0x0121b0b4                number_of_messages_received_task2
                0x0121b0b8                getsem_task1_got_sem
                0x0121b0bc                getsem_task2_got_sem
 .sbss          0x0121b0c0        0x8 obj/default/ucosii_tutorial.o
                0x0121b0c0                msgqueue
                0x0121b0c4                shared_resource_sem
 .sbss          0x0121b0c8        0xc c:/altera/nios2eds/bin/gnu/h-i686-mingw32/bin/../lib/gcc/nios2-elf/4.1.2/../../../../nios2-elf/lib\libc.a(lib_a-locale.o)
                0x0121b0c8                __nlocale_changed
                0x0121b0cc                __mlocale_changed
                0x0121b0d0                _PathLocale
 .sbss          0x0121b0d4        0xc c:/altera/nios2eds/bin/gnu/h-i686-mingw32/bin/../lib/gcc/nios2-elf/4.1.2/../../../../nios2-elf/lib\libc.a(lib_a-mallocr.o)
                0x0121b0d4                __malloc_top_pad
                0x0121b0d8                __malloc_max_sbrked_mem
                0x0121b0dc                __malloc_max_total_mem
 .sbss          0x0121b0e0        0x4 c:/altera/nios2eds/bin/gnu/h-i686-mingw32/bin/../lib/gcc/nios2-elf/4.1.2/../../../../nios2-elf/lib\libc.a(lib_a-int_errno.o)
                0x0121b0e0                errno
 .sbss          0x0121b0e4        0x4 ../ucosii_tutorial_bsp/\libucosii_bsp.a(alt_dev.o)
                0x0121b0e4                alt_fd_list_lock
 .sbss          0x0121b0e8        0xc ../ucosii_tutorial_bsp/\libucosii_bsp.a(alt_main.o)
                0x0121b0e8                alt_argc
                0x0121b0ec                alt_argv
                0x0121b0f0                alt_envp
 .sbss          0x0121b0f4        0x8 ../ucosii_tutorial_bsp/\libucosii_bsp.a(alt_env_lock.o)
                0x0121b0f8                alt_envsem
 .sbss          0x0121b0fc        0x8 ../ucosii_tutorial_bsp/\libucosii_bsp.a(alt_malloc_lock.o)
                0x0121b100                alt_heapsem
 .sbss          0x0121b104       0x50 ../ucosii_tutorial_bsp/\libucosii_bsp.a(os_core.o)
                0x0121b104                OSLockNesting
                0x0121b105                OSRunning
                0x0121b108                OSIdleCtr
                0x0121b10c                OSPrioHighRdy
                0x0121b10d                OSPrioCur
                0x0121b110                OSTCBList
                0x0121b114                OSTickStepState
                0x0121b118                OSCtxSwCtr
                0x0121b11c                OSIdleCtrMax
                0x0121b120                OSTCBFreeList
                0x0121b124                OSCPUUsage
                0x0121b125                OSTaskCtr
                0x0121b128                OSMemFreeList
                0x0121b12c                OSTCBHighRdy
                0x0121b130                OSQFreeList
                0x0121b134                OSRdyGrp
                0x0121b135                OSRdyTbl
                0x0121b138                OSEventFreeList
                0x0121b13c                OSIntNesting
                0x0121b140                OSTCBCur
                0x0121b144                OSTime
                0x0121b148                OSFlagFreeList
                0x0121b14c                OSStatRdy
                0x0121b150                OSIdleCtrRun
 .sbss          0x0121b154        0x4 ../ucosii_tutorial_bsp/\libucosii_bsp.a(alt_irq_vars.o)
                0x0121b154                alt_irq_active
 .sbss          0x0121b158        0x8 ../ucosii_tutorial_bsp/\libucosii_bsp.a(alt_tick.o)
                0x0121b158                _alt_tick_rate
                0x0121b15c                _alt_nticks
 *(.sbss2 .sbss2.* .gnu.linkonce.sb2.*)
 *(.scommon)
                0x0121b160                PROVIDE (__sbss_end, ABSOLUTE (.))
                0x0121b160                PROVIDE (___sbss_end, ABSOLUTE (.))
 *(.dynbss)
 *(.bss .bss.* .gnu.linkonce.b.*)
 .bss           0x0121b160        0x0 ../ucosii_tutorial_bsp//obj/HAL/src/crt0.o
 .bss           0x0121b160        0x0 obj/default/alt_ucosii_simple_error_check.o
 .bss           0x0121b160        0x0 obj/default/ucosii_tutorial.o
 .bss           0x0121b160        0x0 c:/altera/nios2eds/bin/gnu/h-i686-mingw32/bin/../lib/gcc/nios2-elf/4.1.2/../../../../nios2-elf/lib\libc.a(lib_a-exit.o)
 .bss           0x0121b160        0x0 c:/altera/nios2eds/bin/gnu/h-i686-mingw32/bin/../lib/gcc/nios2-elf/4.1.2/../../../../nios2-elf/lib\libc.a(lib_a-fprintf.o)
 .bss           0x0121b160        0x0 c:/altera/nios2eds/bin/gnu/h-i686-mingw32/bin/../lib/gcc/nios2-elf/4.1.2/../../../../nios2-elf/lib\libc.a(lib_a-fwrite.o)
 .bss           0x0121b160        0x0 c:/altera/nios2eds/bin/gnu/h-i686-mingw32/bin/../lib/gcc/nios2-elf/4.1.2/../../../../nios2-elf/lib\libc.a(lib_a-impure.o)
 .bss           0x0121b160        0x0 c:/altera/nios2eds/bin/gnu/h-i686-mingw32/bin/../lib/gcc/nios2-elf/4.1.2/../../../../nios2-elf/lib\libc.a(lib_a-printf.o)
 .bss           0x0121b160        0x0 c:/altera/nios2eds/bin/gnu/h-i686-mingw32/bin/../lib/gcc/nios2-elf/4.1.2/../../../../nios2-elf/lib\libc.a(lib_a-putchar.o)
 .bss           0x0121b160        0x0 c:/altera/nios2eds/bin/gnu/h-i686-mingw32/bin/../lib/gcc/nios2-elf/4.1.2/../../../../nios2-elf/lib\libc.a(lib_a-puts.o)
 .bss           0x0121b160        0x0 c:/altera/nios2eds/bin/gnu/h-i686-mingw32/bin/../lib/gcc/nios2-elf/4.1.2/../../../../nios2-elf/lib\libc.a(lib_a-strlen.o)
 .bss           0x0121b160        0x0 c:/altera/nios2eds/bin/gnu/h-i686-mingw32/bin/../lib/gcc/nios2-elf/4.1.2/../../../../nios2-elf/lib\libc.a(lib_a-vfprintf.o)
 .bss           0x0121b160        0x0 c:/altera/nios2eds/bin/gnu/h-i686-mingw32/bin/../lib/gcc/nios2-elf/4.1.2/../../../../nios2-elf/lib\libc.a(lib_a-wsetup.o)
 .bss           0x0121b160        0x0 c:/altera/nios2eds/bin/gnu/h-i686-mingw32/bin/../lib/gcc/nios2-elf/4.1.2/../../../../nios2-elf/lib\libc.a(lib_a-__call_atexit.o)
 .bss           0x0121b160        0x0 c:/altera/nios2eds/bin/gnu/h-i686-mingw32/bin/../lib/gcc/nios2-elf/4.1.2/../../../../nios2-elf/lib\libc.a(lib_a-dtoa.o)
 .bss           0x0121b160        0x0 c:/altera/nios2eds/bin/gnu/h-i686-mingw32/bin/../lib/gcc/nios2-elf/4.1.2/../../../../nios2-elf/lib\libc.a(lib_a-fflush.o)
 .bss           0x0121b160        0x0 c:/altera/nios2eds/bin/gnu/h-i686-mingw32/bin/../lib/gcc/nios2-elf/4.1.2/../../../../nios2-elf/lib\libc.a(lib_a-findfp.o)
 .bss           0x0121b160        0x0 c:/altera/nios2eds/bin/gnu/h-i686-mingw32/bin/../lib/gcc/nios2-elf/4.1.2/../../../../nios2-elf/lib\libc.a(lib_a-freer.o)
 .bss           0x0121b160        0x0 c:/altera/nios2eds/bin/gnu/h-i686-mingw32/bin/../lib/gcc/nios2-elf/4.1.2/../../../../nios2-elf/lib\libc.a(lib_a-fvwrite.o)
 .bss           0x0121b160        0x0 c:/altera/nios2eds/bin/gnu/h-i686-mingw32/bin/../lib/gcc/nios2-elf/4.1.2/../../../../nios2-elf/lib\libc.a(lib_a-fwalk.o)
 .bss           0x0121b160        0x0 c:/altera/nios2eds/bin/gnu/h-i686-mingw32/bin/../lib/gcc/nios2-elf/4.1.2/../../../../nios2-elf/lib\libc.a(lib_a-locale.o)
 .bss           0x0121b160        0x0 c:/altera/nios2eds/bin/gnu/h-i686-mingw32/bin/../lib/gcc/nios2-elf/4.1.2/../../../../nios2-elf/lib\libc.a(lib_a-makebuf.o)
 .bss           0x0121b160       0x28 c:/altera/nios2eds/bin/gnu/h-i686-mingw32/bin/../lib/gcc/nios2-elf/4.1.2/../../../../nios2-elf/lib\libc.a(lib_a-mallocr.o)
                0x0121b160                __malloc_current_mallinfo
 .bss           0x0121b188        0x0 c:/altera/nios2eds/bin/gnu/h-i686-mingw32/bin/../lib/gcc/nios2-elf/4.1.2/../../../../nios2-elf/lib\libc.a(lib_a-memchr.o)
 .bss           0x0121b188        0x0 c:/altera/nios2eds/bin/gnu/h-i686-mingw32/bin/../lib/gcc/nios2-elf/4.1.2/../../../../nios2-elf/lib\libc.a(lib_a-memcpy.o)
 .bss           0x0121b188        0x0 c:/altera/nios2eds/bin/gnu/h-i686-mingw32/bin/../lib/gcc/nios2-elf/4.1.2/../../../../nios2-elf/lib\libc.a(lib_a-memmove.o)
 .bss           0x0121b188        0x0 c:/altera/nios2eds/bin/gnu/h-i686-mingw32/bin/../lib/gcc/nios2-elf/4.1.2/../../../../nios2-elf/lib\libc.a(lib_a-memset.o)
 .bss           0x0121b188        0x0 c:/altera/nios2eds/bin/gnu/h-i686-mingw32/bin/../lib/gcc/nios2-elf/4.1.2/../../../../nios2-elf/lib\libc.a(lib_a-mprec.o)
 .bss           0x0121b188        0x0 c:/altera/nios2eds/bin/gnu/h-i686-mingw32/bin/../lib/gcc/nios2-elf/4.1.2/../../../../nios2-elf/lib\libc.a(lib_a-putc.o)
 .bss           0x0121b188        0x0 c:/altera/nios2eds/bin/gnu/h-i686-mingw32/bin/../lib/gcc/nios2-elf/4.1.2/../../../../nios2-elf/lib\libc.a(lib_a-reallocr.o)
 .bss           0x0121b188        0x0 c:/altera/nios2eds/bin/gnu/h-i686-mingw32/bin/../lib/gcc/nios2-elf/4.1.2/../../../../nios2-elf/lib\libc.a(lib_a-s_isinfd.o)
 .bss           0x0121b188        0x0 c:/altera/nios2eds/bin/gnu/h-i686-mingw32/bin/../lib/gcc/nios2-elf/4.1.2/../../../../nios2-elf/lib\libc.a(lib_a-s_isnand.o)
 .bss           0x0121b188        0x0 c:/altera/nios2eds/bin/gnu/h-i686-mingw32/bin/../lib/gcc/nios2-elf/4.1.2/../../../../nios2-elf/lib\libc.a(lib_a-sbrkr.o)
 .bss           0x0121b188        0x0 c:/altera/nios2eds/bin/gnu/h-i686-mingw32/bin/../lib/gcc/nios2-elf/4.1.2/../../../../nios2-elf/lib\libc.a(lib_a-stdio.o)
 .bss           0x0121b188        0x0 c:/altera/nios2eds/bin/gnu/h-i686-mingw32/bin/../lib/gcc/nios2-elf/4.1.2/../../../../nios2-elf/lib\libc.a(lib_a-strcmp.o)
 .bss           0x0121b188        0x0 c:/altera/nios2eds/bin/gnu/h-i686-mingw32/bin/../lib/gcc/nios2-elf/4.1.2/../../../../nios2-elf/lib\libc.a(lib_a-wbuf.o)
 .bss           0x0121b188        0x0 c:/altera/nios2eds/bin/gnu/h-i686-mingw32/bin/../lib/gcc/nios2-elf/4.1.2/../../../../nios2-elf/lib\libc.a(lib_a-writer.o)
 .bss           0x0121b188        0x0 c:/altera/nios2eds/bin/gnu/h-i686-mingw32/bin/../lib/gcc/nios2-elf/4.1.2/../../../../nios2-elf/lib\libc.a(lib_a-callocr.o)
 .bss           0x0121b188        0x0 c:/altera/nios2eds/bin/gnu/h-i686-mingw32/bin/../lib/gcc/nios2-elf/4.1.2/../../../../nios2-elf/lib\libc.a(lib_a-closer.o)
 .bss           0x0121b188        0x0 c:/altera/nios2eds/bin/gnu/h-i686-mingw32/bin/../lib/gcc/nios2-elf/4.1.2/../../../../nios2-elf/lib\libc.a(lib_a-fclose.o)
 .bss           0x0121b188        0x0 c:/altera/nios2eds/bin/gnu/h-i686-mingw32/bin/../lib/gcc/nios2-elf/4.1.2/../../../../nios2-elf/lib\libc.a(lib_a-fstatr.o)
 .bss           0x0121b188        0x0 c:/altera/nios2eds/bin/gnu/h-i686-mingw32/bin/../lib/gcc/nios2-elf/4.1.2/../../../../nios2-elf/lib\libc.a(lib_a-int_errno.o)
 .bss           0x0121b188        0x0 c:/altera/nios2eds/bin/gnu/h-i686-mingw32/bin/../lib/gcc/nios2-elf/4.1.2/../../../../nios2-elf/lib\libc.a(lib_a-isattyr.o)
 .bss           0x0121b188        0x0 c:/altera/nios2eds/bin/gnu/h-i686-mingw32/bin/../lib/gcc/nios2-elf/4.1.2/../../../../nios2-elf/lib\libc.a(lib_a-lseekr.o)
 .bss           0x0121b188        0x0 c:/altera/nios2eds/bin/gnu/h-i686-mingw32/bin/../lib/gcc/nios2-elf/4.1.2/../../../../nios2-elf/lib\libc.a(lib_a-readr.o)
 .bss           0x0121b188        0x0 c:/altera/nios2eds/bin/gnu/h-i686-mingw32/bin/../lib/gcc/nios2-elf/4.1.2\libgcc.a(_udivdi3.o)
 .bss           0x0121b188        0x0 c:/altera/nios2eds/bin/gnu/h-i686-mingw32/bin/../lib/gcc/nios2-elf/4.1.2\libgcc.a(_umoddi3.o)
 .bss           0x0121b188        0x0 c:/altera/nios2eds/bin/gnu/h-i686-mingw32/bin/../lib/gcc/nios2-elf/4.1.2\libgcc.a(_addsub_df.o)
 .bss           0x0121b188        0x0 c:/altera/nios2eds/bin/gnu/h-i686-mingw32/bin/../lib/gcc/nios2-elf/4.1.2\libgcc.a(_mul_df.o)
 .bss           0x0121b188        0x0 c:/altera/nios2eds/bin/gnu/h-i686-mingw32/bin/../lib/gcc/nios2-elf/4.1.2\libgcc.a(_div_df.o)
 .bss           0x0121b188        0x0 c:/altera/nios2eds/bin/gnu/h-i686-mingw32/bin/../lib/gcc/nios2-elf/4.1.2\libgcc.a(_eq_df.o)
 .bss           0x0121b188        0x0 c:/altera/nios2eds/bin/gnu/h-i686-mingw32/bin/../lib/gcc/nios2-elf/4.1.2\libgcc.a(_ne_df.o)
 .bss           0x0121b188        0x0 c:/altera/nios2eds/bin/gnu/h-i686-mingw32/bin/../lib/gcc/nios2-elf/4.1.2\libgcc.a(_gt_df.o)
 .bss           0x0121b188        0x0 c:/altera/nios2eds/bin/gnu/h-i686-mingw32/bin/../lib/gcc/nios2-elf/4.1.2\libgcc.a(_ge_df.o)
 .bss           0x0121b188        0x0 c:/altera/nios2eds/bin/gnu/h-i686-mingw32/bin/../lib/gcc/nios2-elf/4.1.2\libgcc.a(_lt_df.o)
 .bss           0x0121b188        0x0 c:/altera/nios2eds/bin/gnu/h-i686-mingw32/bin/../lib/gcc/nios2-elf/4.1.2\libgcc.a(_si_to_df.o)
 .bss           0x0121b188        0x0 c:/altera/nios2eds/bin/gnu/h-i686-mingw32/bin/../lib/gcc/nios2-elf/4.1.2\libgcc.a(_df_to_si.o)
 .bss           0x0121b188        0x0 c:/altera/nios2eds/bin/gnu/h-i686-mingw32/bin/../lib/gcc/nios2-elf/4.1.2\libgcc.a(_thenan_df.o)
 .bss           0x0121b188        0x0 c:/altera/nios2eds/bin/gnu/h-i686-mingw32/bin/../lib/gcc/nios2-elf/4.1.2\libgcc.a(_usi_to_df.o)
 .bss           0x0121b188        0x0 c:/altera/nios2eds/bin/gnu/h-i686-mingw32/bin/../lib/gcc/nios2-elf/4.1.2\libgcc.a(lib2-divmod.o)
 .bss           0x0121b188        0x0 c:/altera/nios2eds/bin/gnu/h-i686-mingw32/bin/../lib/gcc/nios2-elf/4.1.2\libgcc.a(_muldi3.o)
 .bss           0x0121b188        0x0 c:/altera/nios2eds/bin/gnu/h-i686-mingw32/bin/../lib/gcc/nios2-elf/4.1.2\libgcc.a(_clz.o)
 .bss           0x0121b188        0x0 c:/altera/nios2eds/bin/gnu/h-i686-mingw32/bin/../lib/gcc/nios2-elf/4.1.2\libgcc.a(_clzsi2.o)
 .bss           0x0121b188        0x0 c:/altera/nios2eds/bin/gnu/h-i686-mingw32/bin/../lib/gcc/nios2-elf/4.1.2\libgcc.a(_pack_df.o)
 .bss           0x0121b188        0x0 c:/altera/nios2eds/bin/gnu/h-i686-mingw32/bin/../lib/gcc/nios2-elf/4.1.2\libgcc.a(_unpack_df.o)
 .bss           0x0121b188        0x0 c:/altera/nios2eds/bin/gnu/h-i686-mingw32/bin/../lib/gcc/nios2-elf/4.1.2\libgcc.a(_fpcmp_parts_df.o)
 .bss           0x0121b188        0x0 ../ucosii_tutorial_bsp/\libucosii_bsp.a(alt_close.o)
 .bss           0x0121b188        0x0 ../ucosii_tutorial_bsp/\libucosii_bsp.a(alt_dev.o)
 .bss           0x0121b188        0x0 ../ucosii_tutorial_bsp/\libucosii_bsp.a(alt_errno.o)
 .bss           0x0121b188        0x0 ../ucosii_tutorial_bsp/\libucosii_bsp.a(alt_exit.o)
 .bss           0x0121b188        0x0 ../ucosii_tutorial_bsp/\libucosii_bsp.a(alt_fstat.o)
 .bss           0x0121b188        0x0 ../ucosii_tutorial_bsp/\libucosii_bsp.a(alt_isatty.o)
 .bss           0x0121b188        0x0 ../ucosii_tutorial_bsp/\libucosii_bsp.a(alt_lseek.o)
 .bss           0x0121b188        0x0 ../ucosii_tutorial_bsp/\libucosii_bsp.a(alt_main.o)
 .bss           0x0121b188        0x0 ../ucosii_tutorial_bsp/\libucosii_bsp.a(alt_read.o)
 .bss           0x0121b188        0x0 ../ucosii_tutorial_bsp/\libucosii_bsp.a(alt_release_fd.o)
 .bss           0x0121b188        0x0 ../ucosii_tutorial_bsp/\libucosii_bsp.a(alt_sbrk.o)
 .bss           0x0121b188        0x0 ../ucosii_tutorial_bsp/\libucosii_bsp.a(alt_write.o)
 .bss           0x0121b188        0x0 ../ucosii_tutorial_bsp/\libucosii_bsp.a(alt_env_lock.o)
 .bss           0x0121b188        0x0 ../ucosii_tutorial_bsp/\libucosii_bsp.a(alt_malloc_lock.o)
 .bss           0x0121b188        0x0 ../ucosii_tutorial_bsp/\libucosii_bsp.a(os_core.o)
 .bss           0x0121b188        0x0 ../ucosii_tutorial_bsp/\libucosii_bsp.a(os_dbg.o)
 .bss           0x0121b188        0x0 ../ucosii_tutorial_bsp/\libucosii_bsp.a(os_flag.o)
 .bss           0x0121b188        0x0 ../ucosii_tutorial_bsp/\libucosii_bsp.a(os_mem.o)
 .bss           0x0121b188        0x0 ../ucosii_tutorial_bsp/\libucosii_bsp.a(os_q.o)
 .bss           0x0121b188        0x0 ../ucosii_tutorial_bsp/\libucosii_bsp.a(os_sem.o)
 .bss           0x0121b188        0x0 ../ucosii_tutorial_bsp/\libucosii_bsp.a(os_task.o)
 .bss           0x0121b188        0x0 ../ucosii_tutorial_bsp/\libucosii_bsp.a(os_time.o)
 .bss           0x0121b188        0x0 ../ucosii_tutorial_bsp/\libucosii_bsp.a(alt_sys_init.o)
 .bss           0x0121b188        0x0 ../ucosii_tutorial_bsp/\libucosii_bsp.a(altera_avalon_cfi_flash.o)
 .bss           0x0121b188        0x0 ../ucosii_tutorial_bsp/\libucosii_bsp.a(altera_avalon_cfi_flash_table.o)
 .bss           0x0121b188        0x0 ../ucosii_tutorial_bsp/\libucosii_bsp.a(altera_avalon_jtag_uart_fd.o)
 .bss           0x0121b188        0x0 ../ucosii_tutorial_bsp/\libucosii_bsp.a(altera_avalon_jtag_uart_init.o)
 .bss           0x0121b188        0x0 ../ucosii_tutorial_bsp/\libucosii_bsp.a(altera_avalon_jtag_uart_ioctl.o)
 .bss           0x0121b188        0x0 ../ucosii_tutorial_bsp/\libucosii_bsp.a(altera_avalon_jtag_uart_read.o)
 .bss           0x0121b188        0x0 ../ucosii_tutorial_bsp/\libucosii_bsp.a(altera_avalon_jtag_uart_write.o)
 .bss           0x0121b188        0x0 ../ucosii_tutorial_bsp/\libucosii_bsp.a(altera_avalon_timer_sc.o)
 .bss           0x0121b188        0x0 ../ucosii_tutorial_bsp/\libucosii_bsp.a(alt_alarm_start.o)
 .bss           0x0121b188        0x0 ../ucosii_tutorial_bsp/\libucosii_bsp.a(alt_dcache_flush.o)
 .bss           0x0121b188        0x0 ../ucosii_tutorial_bsp/\libucosii_bsp.a(alt_dev_llist_insert.o)
 .bss           0x0121b188        0x0 ../ucosii_tutorial_bsp/\libucosii_bsp.a(alt_do_ctors.o)
 .bss           0x0121b188        0x0 ../ucosii_tutorial_bsp/\libucosii_bsp.a(alt_do_dtors.o)
 .bss           0x0121b188        0x0 ../ucosii_tutorial_bsp/\libucosii_bsp.a(alt_flash_dev.o)
 .bss           0x0121b188        0x0 ../ucosii_tutorial_bsp/\libucosii_bsp.a(alt_iic.o)
 .bss           0x0121b188        0x0 ../ucosii_tutorial_bsp/\libucosii_bsp.a(alt_iic_isr_register.o)
 .bss           0x0121b188        0x0 ../ucosii_tutorial_bsp/\libucosii_bsp.a(alt_io_redirect.o)
 .bss           0x0121b188        0x0 ../ucosii_tutorial_bsp/\libucosii_bsp.a(alt_irq_entry.o)
 .bss           0x0121b188        0x0 ../ucosii_tutorial_bsp/\libucosii_bsp.a(alt_irq_handler.o)
 .bss           0x0121b188        0x0 ../ucosii_tutorial_bsp/\libucosii_bsp.a(alt_irq_vars.o)
 .bss           0x0121b188        0x0 ../ucosii_tutorial_bsp/\libucosii_bsp.a(alt_open.o)
 .bss           0x0121b188        0x0 ../ucosii_tutorial_bsp/\libucosii_bsp.a(alt_tick.o)
 .bss           0x0121b188        0x0 ../ucosii_tutorial_bsp/\libucosii_bsp.a(altera_nios2_qsys_irq.o)
 .bss           0x0121b188        0x0 ../ucosii_tutorial_bsp/\libucosii_bsp.a(os_cpu_a.o)
 .bss           0x0121b188        0x0 ../ucosii_tutorial_bsp/\libucosii_bsp.a(os_cpu_c.o)
 .bss           0x0121b188        0x0 ../ucosii_tutorial_bsp/\libucosii_bsp.a(altera_avalon_cfi_flash_amd.o)
 .bss           0x0121b188        0x0 ../ucosii_tutorial_bsp/\libucosii_bsp.a(altera_avalon_cfi_flash_intel.o)
 .bss           0x0121b188        0x0 ../ucosii_tutorial_bsp/\libucosii_bsp.a(alt_exception_entry.o)
 .bss           0x0121b188        0x0 ../ucosii_tutorial_bsp/\libucosii_bsp.a(alt_find_dev.o)
 .bss           0x0121b188        0x0 ../ucosii_tutorial_bsp/\libucosii_bsp.a(alt_find_file.o)
 .bss           0x0121b188        0x0 ../ucosii_tutorial_bsp/\libucosii_bsp.a(alt_get_fd.o)
 .bss           0x0121b188        0x0 ../ucosii_tutorial_bsp/\libucosii_bsp.a(alt_usleep.o)
 .bss           0x0121b188        0x0 ../ucosii_tutorial_bsp/\libucosii_bsp.a(alt_busy_sleep.o)
 .bss           0x0121b188        0x0 c:/altera/nios2eds/bin/gnu/h-i686-mingw32/bin/../lib/gcc/nios2-elf/4.1.2/../../../../nios2-elf/lib\libc.a(lib_a-atexit.o)
 .bss           0x0121b188        0x0 c:/altera/nios2eds/bin/gnu/h-i686-mingw32/bin/../lib/gcc/nios2-elf/4.1.2/../../../../nios2-elf/lib\libc.a(lib_a-memcmp.o)
 .bss           0x0121b188        0x0 c:/altera/nios2eds/bin/gnu/h-i686-mingw32/bin/../lib/gcc/nios2-elf/4.1.2/../../../../nios2-elf/lib\libc.a(lib_a-__atexit.o)
 .bss           0x0121b188        0x0 c:/altera/nios2eds/bin/gnu/h-i686-mingw32/bin/../lib/gcc/nios2-elf/4.1.2\libgcc.a(_fixunsdfsi.o)
 *(COMMON)
 COMMON         0x0121b188     0x708c obj/default/ucosii_tutorial.o
                0x0121b188                send_task_stk
                0x0121c188                getsem_task1_stk
                0x0121d188                print_status_task_stk
                0x0121e188                msgqueueTbl
                0x0121e200                getsem_task2_stk
                0x0121f200                sem_owner_task_name
                0x0121f214                initialize_task_stk
                0x01220214                receive_task2_stk
                0x01221214                receive_task1_stk
 COMMON         0x01222214     0x3224 ../ucosii_tutorial_bsp/\libucosii_bsp.a(os_core.o)
                0x01222214                OSFlagTbl
                0x01222584                OSMemTbl
                0x012231b4                OSTaskStatStk
                0x012239b4                OSQTbl
                0x01223b94                OSTaskIdleStk
                0x01224394                OSEventTbl
                0x01224ed4                OSTCBTbl
                0x012253e4                OSTCBPrioTbl
 COMMON         0x01225438      0x100 ../ucosii_tutorial_bsp/\libucosii_bsp.a(alt_irq_handler.o)
                0x01225438                alt_irq
 COMMON         0x01225538      0x190 c:/altera/nios2eds/bin/gnu/h-i686-mingw32/bin/../lib/gcc/nios2-elf/4.1.2/../../../../nios2-elf/lib\libc.a(lib_a-atexit.o)
                0x01225538                _atexit0
                0x012256c8                . = ALIGN (0x4)
                0x012256c8                __bss_end = ABSOLUTE (.)

.ext_flash_ctl  0x00800020        0x0
                0x00800020                PROVIDE (_alt_partition_ext_flash_ctl_start, ABSOLUTE (.))
 *(.ext_flash_ctl. ext_flash_ctl.*)
                0x00800020                . = ALIGN (0x4)
                0x00800020                PROVIDE (_alt_partition_ext_flash_ctl_end, ABSOLUTE (.))
                0x00800020                PROVIDE (_alt_partition_ext_flash_ctl_load_addr, LOADADDR (.ext_flash_ctl))

.ext_ram_ctl    0x012256c8        0x0
                0x012256c8                PROVIDE (_alt_partition_ext_ram_ctl_start, ABSOLUTE (.))
 *(.ext_ram_ctl. ext_ram_ctl.*)
                0x012256c8                . = ALIGN (0x4)
                0x012256c8                PROVIDE (_alt_partition_ext_ram_ctl_end, ABSOLUTE (.))
                0x012256c8                _end = ABSOLUTE (.)
                0x012256c8                end = ABSOLUTE (.)
                0x012256c8                __alt_stack_base = ABSOLUTE (.)
                0x012256c8                PROVIDE (_alt_partition_ext_ram_ctl_load_addr, LOADADDR (.ext_ram_ctl))

.instruction_tcm
                0x02000000        0x0
                0x02000000                PROVIDE (_alt_partition_instruction_tcm_start, ABSOLUTE (.))
 *(.instruction_tcm. instruction_tcm.*)
                0x02000000                . = ALIGN (0x4)
                0x02000000                PROVIDE (_alt_partition_instruction_tcm_end, ABSOLUTE (.))
                0x02000000                PROVIDE (_alt_partition_instruction_tcm_load_addr, LOADADDR (.instruction_tcm))

.stab
 *(.stab)

.stabstr
 *(.stabstr)

.stab.excl
 *(.stab.excl)

.stab.exclstr
 *(.stab.exclstr)

.stab.index
 *(.stab.index)

.stab.indexstr
 *(.stab.indexstr)

.comment        0x00000000       0x26
 *(.comment)
 .comment       0x00000000       0x26 obj/default/alt_ucosii_simple_error_check.o
                                 0x27 (size before relaxing)
 .comment       0x00000000       0x27 obj/default/ucosii_tutorial.o
 .comment       0x00000000       0x27 c:/altera/nios2eds/bin/gnu/h-i686-mingw32/bin/../lib/gcc/nios2-elf/4.1.2/../../../../nios2-elf/lib\libc.a(lib_a-exit.o)
 .comment       0x00000000       0x27 c:/altera/nios2eds/bin/gnu/h-i686-mingw32/bin/../lib/gcc/nios2-elf/4.1.2/../../../../nios2-elf/lib\libc.a(lib_a-fprintf.o)
 .comment       0x00000000       0x27 c:/altera/nios2eds/bin/gnu/h-i686-mingw32/bin/../lib/gcc/nios2-elf/4.1.2/../../../../nios2-elf/lib\libc.a(lib_a-fwrite.o)
 .comment       0x00000000       0x27 c:/altera/nios2eds/bin/gnu/h-i686-mingw32/bin/../lib/gcc/nios2-elf/4.1.2/../../../../nios2-elf/lib\libc.a(lib_a-impure.o)
 .comment       0x00000000       0x27 c:/altera/nios2eds/bin/gnu/h-i686-mingw32/bin/../lib/gcc/nios2-elf/4.1.2/../../../../nios2-elf/lib\libc.a(lib_a-printf.o)
 .comment       0x00000000       0x27 c:/altera/nios2eds/bin/gnu/h-i686-mingw32/bin/../lib/gcc/nios2-elf/4.1.2/../../../../nios2-elf/lib\libc.a(lib_a-putchar.o)
 .comment       0x00000000       0x27 c:/altera/nios2eds/bin/gnu/h-i686-mingw32/bin/../lib/gcc/nios2-elf/4.1.2/../../../../nios2-elf/lib\libc.a(lib_a-puts.o)
 .comment       0x00000000       0x27 c:/altera/nios2eds/bin/gnu/h-i686-mingw32/bin/../lib/gcc/nios2-elf/4.1.2/../../../../nios2-elf/lib\libc.a(lib_a-strlen.o)
 .comment       0x00000000       0x27 c:/altera/nios2eds/bin/gnu/h-i686-mingw32/bin/../lib/gcc/nios2-elf/4.1.2/../../../../nios2-elf/lib\libc.a(lib_a-vfprintf.o)
 .comment       0x00000000       0x27 c:/altera/nios2eds/bin/gnu/h-i686-mingw32/bin/../lib/gcc/nios2-elf/4.1.2/../../../../nios2-elf/lib\libc.a(lib_a-wsetup.o)
 .comment       0x00000000       0x27 c:/altera/nios2eds/bin/gnu/h-i686-mingw32/bin/../lib/gcc/nios2-elf/4.1.2/../../../../nios2-elf/lib\libc.a(lib_a-__call_atexit.o)
 .comment       0x00000000       0x27 c:/altera/nios2eds/bin/gnu/h-i686-mingw32/bin/../lib/gcc/nios2-elf/4.1.2/../../../../nios2-elf/lib\libc.a(lib_a-dtoa.o)
 .comment       0x00000000       0x27 c:/altera/nios2eds/bin/gnu/h-i686-mingw32/bin/../lib/gcc/nios2-elf/4.1.2/../../../../nios2-elf/lib\libc.a(lib_a-fflush.o)
 .comment       0x00000000       0x27 c:/altera/nios2eds/bin/gnu/h-i686-mingw32/bin/../lib/gcc/nios2-elf/4.1.2/../../../../nios2-elf/lib\libc.a(lib_a-findfp.o)
 .comment       0x00000000       0x27 c:/altera/nios2eds/bin/gnu/h-i686-mingw32/bin/../lib/gcc/nios2-elf/4.1.2/../../../../nios2-elf/lib\libc.a(lib_a-freer.o)
 .comment       0x00000000       0x27 c:/altera/nios2eds/bin/gnu/h-i686-mingw32/bin/../lib/gcc/nios2-elf/4.1.2/../../../../nios2-elf/lib\libc.a(lib_a-fvwrite.o)
 .comment       0x00000000       0x27 c:/altera/nios2eds/bin/gnu/h-i686-mingw32/bin/../lib/gcc/nios2-elf/4.1.2/../../../../nios2-elf/lib\libc.a(lib_a-fwalk.o)
 .comment       0x00000000       0x27 c:/altera/nios2eds/bin/gnu/h-i686-mingw32/bin/../lib/gcc/nios2-elf/4.1.2/../../../../nios2-elf/lib\libc.a(lib_a-locale.o)
 .comment       0x00000000       0x27 c:/altera/nios2eds/bin/gnu/h-i686-mingw32/bin/../lib/gcc/nios2-elf/4.1.2/../../../../nios2-elf/lib\libc.a(lib_a-makebuf.o)
 .comment       0x00000000       0x27 c:/altera/nios2eds/bin/gnu/h-i686-mingw32/bin/../lib/gcc/nios2-elf/4.1.2/../../../../nios2-elf/lib\libc.a(lib_a-mallocr.o)
 .comment       0x00000000       0x27 c:/altera/nios2eds/bin/gnu/h-i686-mingw32/bin/../lib/gcc/nios2-elf/4.1.2/../../../../nios2-elf/lib\libc.a(lib_a-memchr.o)
 .comment       0x00000000       0x27 c:/altera/nios2eds/bin/gnu/h-i686-mingw32/bin/../lib/gcc/nios2-elf/4.1.2/../../../../nios2-elf/lib\libc.a(lib_a-memcpy.o)
 .comment       0x00000000       0x27 c:/altera/nios2eds/bin/gnu/h-i686-mingw32/bin/../lib/gcc/nios2-elf/4.1.2/../../../../nios2-elf/lib\libc.a(lib_a-memmove.o)
 .comment       0x00000000       0x27 c:/altera/nios2eds/bin/gnu/h-i686-mingw32/bin/../lib/gcc/nios2-elf/4.1.2/../../../../nios2-elf/lib\libc.a(lib_a-memset.o)
 .comment       0x00000000       0x27 c:/altera/nios2eds/bin/gnu/h-i686-mingw32/bin/../lib/gcc/nios2-elf/4.1.2/../../../../nios2-elf/lib\libc.a(lib_a-mprec.o)
 .comment       0x00000000       0x27 c:/altera/nios2eds/bin/gnu/h-i686-mingw32/bin/../lib/gcc/nios2-elf/4.1.2/../../../../nios2-elf/lib\libc.a(lib_a-putc.o)
 .comment       0x00000000       0x27 c:/altera/nios2eds/bin/gnu/h-i686-mingw32/bin/../lib/gcc/nios2-elf/4.1.2/../../../../nios2-elf/lib\libc.a(lib_a-reallocr.o)
 .comment       0x00000000       0x27 c:/altera/nios2eds/bin/gnu/h-i686-mingw32/bin/../lib/gcc/nios2-elf/4.1.2/../../../../nios2-elf/lib\libc.a(lib_a-s_isinfd.o)
 .comment       0x00000000       0x27 c:/altera/nios2eds/bin/gnu/h-i686-mingw32/bin/../lib/gcc/nios2-elf/4.1.2/../../../../nios2-elf/lib\libc.a(lib_a-s_isnand.o)
 .comment       0x00000000       0x27 c:/altera/nios2eds/bin/gnu/h-i686-mingw32/bin/../lib/gcc/nios2-elf/4.1.2/../../../../nios2-elf/lib\libc.a(lib_a-sbrkr.o)
 .comment       0x00000000       0x27 c:/altera/nios2eds/bin/gnu/h-i686-mingw32/bin/../lib/gcc/nios2-elf/4.1.2/../../../../nios2-elf/lib\libc.a(lib_a-stdio.o)
 .comment       0x00000000       0x27 c:/altera/nios2eds/bin/gnu/h-i686-mingw32/bin/../lib/gcc/nios2-elf/4.1.2/../../../../nios2-elf/lib\libc.a(lib_a-strcmp.o)
 .comment       0x00000000       0x27 c:/altera/nios2eds/bin/gnu/h-i686-mingw32/bin/../lib/gcc/nios2-elf/4.1.2/../../../../nios2-elf/lib\libc.a(lib_a-wbuf.o)
 .comment       0x00000000       0x27 c:/altera/nios2eds/bin/gnu/h-i686-mingw32/bin/../lib/gcc/nios2-elf/4.1.2/../../../../nios2-elf/lib\libc.a(lib_a-writer.o)
 .comment       0x00000000       0x27 c:/altera/nios2eds/bin/gnu/h-i686-mingw32/bin/../lib/gcc/nios2-elf/4.1.2/../../../../nios2-elf/lib\libc.a(lib_a-callocr.o)
 .comment       0x00000000       0x27 c:/altera/nios2eds/bin/gnu/h-i686-mingw32/bin/../lib/gcc/nios2-elf/4.1.2/../../../../nios2-elf/lib\libc.a(lib_a-closer.o)
 .comment       0x00000000       0x27 c:/altera/nios2eds/bin/gnu/h-i686-mingw32/bin/../lib/gcc/nios2-elf/4.1.2/../../../../nios2-elf/lib\libc.a(lib_a-fclose.o)
 .comment       0x00000000       0x27 c:/altera/nios2eds/bin/gnu/h-i686-mingw32/bin/../lib/gcc/nios2-elf/4.1.2/../../../../nios2-elf/lib\libc.a(lib_a-fstatr.o)