Archive member included because of file (symbol)

c:/altera/nios2eds/bin/gnu/h-i686-mingw32/bin/../lib/gcc/nios2-elf/4.1.2/../../../../nios2-elf/lib\libc.a(lib_a-exit.o)
                              obj/default/alt_ucosii_simple_error_check.o (exit)
c:/altera/nios2eds/bin/gnu/h-i686-mingw32/bin/../lib/gcc/nios2-elf/4.1.2/../../../../nios2-elf/lib\libc.a(lib_a-fprintf.o)
                              obj/default/alt_ucosii_simple_error_check.o (fprintf)
c:/altera/nios2eds/bin/gnu/h-i686-mingw32/bin/../lib/gcc/nios2-elf/4.1.2/../../../../nios2-elf/lib\libc.a(lib_a-fwrite.o)
                              obj/default/alt_ucosii_simple_error_check.o (fwrite)
c:/altera/nios2eds/bin/gnu/h-i686-mingw32/bin/../lib/gcc/nios2-elf/4.1.2/../../../../nios2-elf/lib\libc.a(lib_a-impure.o)
                              obj/default/alt_ucosii_simple_error_check.o (_impure_ptr)
c:/altera/nios2eds/bin/gnu/h-i686-mingw32/bin/../lib/gcc/nios2-elf/4.1.2/../../../../nios2-elf/lib\libc.a(lib_a-printf.o)
                              obj/default/ucosii_tutorial.o (printf)
c:/altera/nios2eds/bin/gnu/h-i686-mingw32/bin/../lib/gcc/nios2-elf/4.1.2/../../../../nios2-elf/lib\libc.a(lib_a-putchar.o)
                              obj/default/ucosii_tutorial.o (putchar)
c:/altera/nios2eds/bin/gnu/h-i686-mingw32/bin/../lib/gcc/nios2-elf/4.1.2/../../../../nios2-elf/lib\libc.a(lib_a-puts.o)
                              obj/default/alt_ucosii_simple_error_check.o (puts)
c:/altera/nios2eds/bin/gnu/h-i686-mingw32/bin/../lib/gcc/nios2-elf/4.1.2/../../../../nios2-elf/lib\libc.a(lib_a-strlen.o)
                              c:/altera/nios2eds/bin/gnu/h-i686-mingw32/bin/../lib/gcc/nios2-elf/4.1.2/../../../../nios2-elf/lib\libc.a(lib_a-puts.o) (strlen)
c:/altera/nios2eds/bin/gnu/h-i686-mingw32/bin/../lib/gcc/nios2-elf/4.1.2/../../../../nios2-elf/lib\libc.a(lib_a-vfprintf.o)
                              c:/altera/nios2eds/bin/gnu/h-i686-mingw32/bin/../lib/gcc/nios2-elf/4.1.2/../../../../nios2-elf/lib\libc.a(lib_a-printf.o) (___vfprintf_internal_r)
c:/altera/nios2eds/bin/gnu/h-i686-mingw32/bin/../lib/gcc/nios2-elf/4.1.2/../../../../nios2-elf/lib\libc.a(lib_a-wsetup.o)
                              c:/altera/nios2eds/bin/gnu/h-i686-mingw32/bin/../lib/gcc/nios2-elf/4.1.2/../../../../nios2-elf/lib\libc.a(lib_a-vfprintf.o) (__swsetup_r)
c:/altera/nios2eds/bin/gnu/h-i686-mingw32/bin/../lib/gcc/nios2-elf/4.1.2/../../../../nios2-elf/lib\libc.a(lib_a-__call_atexit.o)
                              c:/altera/nios2eds/bin/gnu/h-i686-mingw32/bin/../lib/gcc/nios2-elf/4.1.2/../../../../nios2-elf/lib\libc.a(lib_a-exit.o) (__call_exitprocs)
c:/altera/nios2eds/bin/gnu/h-i686-mingw32/bin/../lib/gcc/nios2-elf/4.1.2/../../../../nios2-elf/lib\libc.a(lib_a-dtoa.o)
                              c:/altera/nios2eds/bin/gnu/h-i686-mingw32/bin/../lib/gcc/nios2-elf/4.1.2/../../../../nios2-elf/lib\libc.a(lib_a-vfprintf.o) (_dtoa_r)
c:/altera/nios2eds/bin/gnu/h-i686-mingw32/bin/../lib/gcc/nios2-elf/4.1.2/../../../../nios2-elf/lib\libc.a(lib_a-fflush.o)
                              c:/altera/nios2eds/bin/gnu/h-i686-mingw32/bin/../lib/gcc/nios2-elf/4.1.2/../../../../nios2-elf/lib\libc.a(lib_a-vfprintf.o) (_fflush_r)
c:/altera/nios2eds/bin/gnu/h-i686-mingw32/bin/../lib/gcc/nios2-elf/4.1.2/../../../../nios2-elf/lib\libc.a(lib_a-findfp.o)
                              c:/altera/nios2eds/bin/gnu/h-i686-mingw32/bin/../lib/gcc/nios2-elf/4.1.2/../../../../nios2-elf/lib\libc.a(lib_a-fwrite.o) (__sinit)
c:/altera/nios2eds/bin/gnu/h-i686-mingw32/bin/../lib/gcc/nios2-elf/4.1.2/../../../../nios2-elf/lib\libc.a(lib_a-freer.o)
                              c:/altera/nios2eds/bin/gnu/h-i686-mingw32/bin/../lib/gcc/nios2-elf/4.1.2/../../../../nios2-elf/lib\libc.a(lib_a-wsetup.o) (_free_r)
c:/altera/nios2eds/bin/gnu/h-i686-mingw32/bin/../lib/gcc/nios2-elf/4.1.2/../../../../nios2-elf/lib\libc.a(lib_a-fvwrite.o)
                              c:/altera/nios2eds/bin/gnu/h-i686-mingw32/bin/../lib/gcc/nios2-elf/4.1.2/../../../../nios2-elf/lib\libc.a(lib_a-fwrite.o) (__sfvwrite_r)
c:/altera/nios2eds/bin/gnu/h-i686-mingw32/bin/../lib/gcc/nios2-elf/4.1.2/../../../../nios2-elf/lib\libc.a(lib_a-fwalk.o)
                              c:/altera/nios2eds/bin/gnu/h-i686-mingw32/bin/../lib/gcc/nios2-elf/4.1.2/../../../../nios2-elf/lib\libc.a(lib_a-fflush.o) (_fwalk_reent)
c:/altera/nios2eds/bin/gnu/h-i686-mingw32/bin/../lib/gcc/nios2-elf/4.1.2/../../../../nios2-elf/lib\libc.a(lib_a-locale.o)
                              c:/altera/nios2eds/bin/gnu/h-i686-mingw32/bin/../lib/gcc/nios2-elf/4.1.2/../../../../nios2-elf/lib\libc.a(lib_a-vfprintf.o) (_localeconv_r)
c:/altera/nios2eds/bin/gnu/h-i686-mingw32/bin/../lib/gcc/nios2-elf/4.1.2/../../../../nios2-elf/lib\libc.a(lib_a-makebuf.o)
                              c:/altera/nios2eds/bin/gnu/h-i686-mingw32/bin/../lib/gcc/nios2-elf/4.1.2/../../../../nios2-elf/lib\libc.a(lib_a-wsetup.o) (__smakebuf_r)
[...]
Memory Configuration

Name             Origin             Length             Attributes
reset            0x00800000         0x00000020
ext_flash_ctl    0x00800020         0x007fffe0
ext_ram_ctl_BEFORE_EXCEPTION 0x01200000         0x00000020
ext_ram_ctl      0x01200020         0x001fffe0
instruction_tcm  0x02000000         0x00004000
*default*        0x00000000         0xffffffff

Linker script and memory map

LOAD ../ucosii_tutorial_bsp//obj/HAL/src/crt0.o
LOAD obj/default/alt_ucosii_simple_error_check.o
LOAD obj/default/ucosii_tutorial.o
LOAD c:/altera/nios2eds/bin/gnu/h-i686-mingw32/bin/../lib/gcc/nios2-elf/4.1.2/../../../../nios2-elf/lib\libstdc++.a
LOAD c:/altera/nios2eds/bin/gnu/h-i686-mingw32/bin/../lib/gcc/nios2-elf/4.1.2/../../../../nios2-elf/lib\libm.a
LOAD c:/altera/nios2eds/bin/gnu/h-i686-mingw32/bin/../lib/gcc/nios2-elf/4.1.2\libgcc.a
START GROUP
LOAD c:/altera/nios2eds/bin/gnu/h-i686-mingw32/bin/../lib/gcc/nios2-elf/4.1.2/../../../../nios2-elf/lib\libc.a
LOAD c:/altera/nios2eds/bin/gnu/h-i686-mingw32/bin/../lib/gcc/nios2-elf/4.1.2\libgcc.a
LOAD ../ucosii_tutorial_bsp/\libucosii_bsp.a
END GROUP
LOAD c:/altera/nios2eds/bin/gnu/h-i686-mingw32/bin/../lib/gcc/nios2-elf/4.1.2\libgcc.a
                0x00800000                __alt_mem_ext_flash_ctl = 0x800000
                0x01200000                __alt_mem_ext_ram_ctl = 0x1200000
                0x02000000                __alt_mem_instruction_tcm = 0x2000000

.entry          0x00800000        0x0
 *(.entry)
 .entry         0x00800000        0x0 ../ucosii_tutorial_bsp//obj/HAL/src/crt0.o
                0x00800000                __reset

.exceptions     0x01200020      0x19c
                0x01200020                PROVIDE (__ram_exceptions_start, ABSOLUTE (.))
                0x01200020                . = ALIGN (0x20)
 *(.irq)
 *(.exceptions.entry.label)
 .exceptions.entry.label
                0x01200020        0x0 ../ucosii_tutorial_bsp/\libucosii_bsp.a(alt_irq_entry.o)
                0x01200020                alt_irq_entry
 .exceptions.entry.label
                0x01200020        0x0 ../ucosii_tutorial_bsp/\libucosii_bsp.a(alt_exception_entry.o)
                0x01200020                alt_exception
 *(.exceptions.entry.user)
 *(.exceptions.entry)
 .exceptions.entry
                0x01200020       0x54 ../ucosii_tutorial_bsp/\libucosii_bsp.a(alt_exception_entry.o)
 *(.exceptions.irqtest.user)
 *(.exceptions.irqtest)
 .exceptions.irqtest
                0x01200074       0x10 ../ucosii_tutorial_bsp/\libucosii_bsp.a(alt_irq_entry.o)
 *(.exceptions.irqhandler.user)
 *(.exceptions.irqhandler)
 .exceptions.irqhandler
                0x01200084        0x4 ../ucosii_tutorial_bsp/\libucosii_bsp.a(alt_irq_entry.o)
 *(.exceptions.irqreturn.user)
 *(.exceptions.irqreturn)
 .exceptions.irqreturn
                0x01200088        0x4 ../ucosii_tutorial_bsp/\libucosii_bsp.a(alt_irq_entry.o)
 *(.exceptions.notirq.label)
 .exceptions.notirq.label
                0x0120008c        0x0 ../ucosii_tutorial_bsp/\libucosii_bsp.a(alt_irq_entry.o)
 *(.exceptions.notirq.user)
 *(.exceptions.notirq)
 .exceptions.notirq
                0x0120008c        0x8 ../ucosii_tutorial_bsp/\libucosii_bsp.a(alt_exception_entry.o)
 *(.exceptions.soft.user)
 *(.exceptions.soft)
 *(.exceptions.unknown.user)
 *(.exceptions.unknown)
 .exceptions.unknown
                0x01200094        0x4 ../ucosii_tutorial_bsp/\libucosii_bsp.a(alt_exception_entry.o)
 *(.exceptions.exit.label)
 .exceptions.exit.label
                0x01200098        0x0 ../ucosii_tutorial_bsp/\libucosii_bsp.a(alt_irq_entry.o)
 .exceptions.exit.label
                0x01200098        0x0 ../ucosii_tutorial_bsp/\libucosii_bsp.a(alt_exception_entry.o)
 *(.exceptions.exit.user)
 *(.exceptions.exit)
 .exceptions.exit
                0x01200098       0x54 ../ucosii_tutorial_bsp/\libucosii_bsp.a(alt_exception_entry.o)
 *(.exceptions)
 .exceptions    0x012000ec       0xd0 ../ucosii_tutorial_bsp/\libucosii_bsp.a(alt_irq_handler.o)
                0x012000ec                alt_irq_handler
                0x012001bc                PROVIDE (__ram_exceptions_end, ABSOLUTE (.))
                0x01200020                PROVIDE (__flash_exceptions_start, LOADADDR (.exceptions))

.text           0x012001bc    0x18b3c
                0x012001bc                PROVIDE (stext, ABSOLUTE (.))
 *(.interp)
 *(.hash)
 *(.dynsym)
 *(.dynstr)
 *(.gnu.version)
 *(.gnu.version_d)
 *(.gnu.version_r)
 *(.rel.init)
 *(.rela.init)
 *(.rel.text .rel.text.* .rel.gnu.linkonce.t.*)
 *(.rela.text .rela.text.* .rela.gnu.linkonce.t.*)
 *(.rel.fini)
 *(.rela.fini)
 *(.rel.rodata .rel.rodata.* .rel.gnu.linkonce.r.*)
 *(.rela.rodata .rela.rodata.* .rela.gnu.linkonce.r.*)
 *(.rel.data .rel.data.* .rel.gnu.linkonce.d.*)
 *(.rela.data .rela.data.* .rela.gnu.linkonce.d.*)
 *(.rel.tdata .rel.tdata.* .rel.gnu.linkonce.td.*)
 *(.rela.tdata .rela.tdata.* .rela.gnu.linkonce.td.*)
 *(.rel.tbss .rel.tbss.* .rel.gnu.linkonce.tb.*)
 *(.rela.tbss .rela.tbss.* .rela.gnu.linkonce.tb.*)
 *(.rel.ctors)
 *(.rela.ctors)
 *(.rel.dtors)
 *(.rela.dtors)
 *(.rel.got)
 *(.rela.got)
 *(.rel.sdata .rel.sdata.* .rel.gnu.linkonce.s.*)
 *(.rela.sdata .rela.sdata.* .rela.gnu.linkonce.s.*)
 *(.rel.sbss .rel.sbss.* .rel.gnu.linkonce.sb.*)
 *(.rela.sbss .rela.sbss.* .rela.gnu.linkonce.sb.*)
 *(.rel.sdata2 .rel.sdata2.* .rel.gnu.linkonce.s2.*)
 *(.rela.sdata2 .rela.sdata2.* .rela.gnu.linkonce.s2.*)
 *(.rel.sbss2 .rel.sbss2.* .rel.gnu.linkonce.sb2.*)
 *(.rela.sbss2 .rela.sbss2.* .rela.gnu.linkonce.sb2.*)
 *(.rel.bss .rel.bss.* .rel.gnu.linkonce.b.*)
 *(.rela.bss .rela.bss.* .rela.gnu.linkonce.b.*)
 *(.rel.plt)
 *(.rela.plt)
 *(.rel.dyn)
 *(.init)
 *(.plt)
 *(.text .stub .text.* .gnu.linkonce.t.*)
 .text          0x012001bc       0x48 ../ucosii_tutorial_bsp//obj/HAL/src/crt0.o
                0x012001bc                _start
 .text          0x01200204      0x4f0 obj/default/alt_ucosii_simple_error_check.o
                0x01200204                alt_ucosii_check_return_code
                0x01200248                alt_ucosii_simple_error_handler
 .text          0x012006f4      0x6a8 obj/default/ucosii_tutorial.o
                0x012006f4                print_status_task
                0x01200824                getsem_task1
                0x012008f0                getsem_task2
                0x012009f4                send_task
                0x01200a94                receive_task1
                0x01200af4                receive_task2
                0x01200b54                initialize_task
                0x01200bb4                main
                0x01200c18                initOSDataStructs
                0x01200c60                initCreateTasks
                0x01200d44                isr_button
 .text          0x01200d9c       0x38 c:/altera/nios2eds/bin/gnu/h-i686-mingw32/bin/../lib/gcc/nios2-elf/4.1.2/../../../../nios2-elf/lib\libc.a(lib_a-exit.o)
                0x01200d9c                exit
 .text          0x01200dd4       0x60 c:/altera/nios2eds/bin/gnu/h-i686-mingw32/bin/../lib/gcc/nios2-elf/4.1.2/../../../../nios2-elf/lib\libc.a(lib_a-fprintf.o)
                0x01200dd4                fprintf
                0x01200e00                _fprintf_r
 .text          0x01200e34       0xdc c:/altera/nios2eds/bin/gnu/h-i686-mingw32/bin/../lib/gcc/nios2-elf/4.1.2/../../../../nios2-elf/lib\libc.a(lib_a-fwrite.o)
                0x01200e34                _fwrite_r
                0x01200ed0                fwrite
 .text          0x01200f10        0x0 c:/altera/nios2eds/bin/gnu/h-i686-mingw32/bin/../lib/gcc/nios2-elf/4.1.2/../../../../nios2-elf/lib\libc.a(lib_a-impure.o)
 .text          0x01200f10       0x78 c:/altera/nios2eds/bin/gnu/h-i686-mingw32/bin/../lib/gcc/nios2-elf/4.1.2/../../../../nios2-elf/lib\libc.a(lib_a-printf.o)
                0x01200f10                printf
                0x01200f54                _printf_r
 .text          0x01200f88       0x24 c:/altera/nios2eds/bin/gnu/h-i686-mingw32/bin/../lib/gcc/nios2-elf/4.1.2/../../../../nios2-elf/lib\libc.a(lib_a-putchar.o)
                0x01200f88                putchar
                0x01200fa4                _putchar_r
 .text          0x01200fac       0xb4 c:/altera/nios2eds/bin/gnu/h-i686-mingw32/bin/../lib/gcc/nios2-elf/4.1.2/../../../../nios2-elf/lib\libc.a(lib_a-puts.o)
                0x01200fac                _puts_r
                0x0120104c                puts
 .text          0x01201060       0x74 c:/altera/nios2eds/bin/gnu/h-i686-mingw32/bin/../lib/gcc/nios2-elf/4.1.2/../../../../nios2-elf/lib\libc.a(lib_a-strlen.o)
                0x01201060                strlen
 .text          0x012010d4     0x1f28 c:/altera/nios2eds/bin/gnu/h-i686-mingw32/bin/../lib/gcc/nios2-elf/4.1.2/../../../../nios2-elf/lib\libc.a(lib_a-vfprintf.o)
                0x0120112c                ___vfprintf_internal_r
                0x01202fd8                __vfprintf_internal
 .text          0x01202ffc      0x13c c:/altera/nios2eds/bin/gnu/h-i686-mingw32/bin/../lib/gcc/nios2-elf/4.1.2/../../../../nios2-elf/lib\libc.a(lib_a-wsetup.o)
                0x01202ffc                __swsetup_r
 .text          0x01203138      0x1b4 c:/altera/nios2eds/bin/gnu/h-i686-mingw32/bin/../lib/gcc/nios2-elf/4.1.2/../../../../nios2-elf/lib\libc.a(lib_a-__call_atexit.o)
                0x0120313c                __call_exitprocs
 .text          0x012032ec     0x17cc c:/altera/nios2eds/bin/gnu/h-i686-mingw32/bin/../lib/gcc/nios2-elf/4.1.2/../../../../nios2-elf/lib\libc.a(lib_a-dtoa.o)
                0x01203504                _dtoa_r
 .text          0x01204ab8      0x230 c:/altera/nios2eds/bin/gnu/h-i686-mingw32/bin/../lib/gcc/nios2-elf/4.1.2/../../../../nios2-elf/lib\libc.a(lib_a-fflush.o)
                0x01204ab8                _fflush_r
                0x01204cb4                fflush
 .text          0x01204ce8      0x2c0 c:/altera/nios2eds/bin/gnu/h-i686-mingw32/bin/../lib/gcc/nios2-elf/4.1.2/../../../../nios2-elf/lib\libc.a(lib_a-findfp.o)
                0x01204d40                __sfp_lock_acquire
                0x01204d44                __sfp_lock_release
                0x01204d48                __sinit_lock_acquire
                0x01204d4c                __sinit_lock_release
                0x01204d50                __sinit
                0x01204e04                __fp_unlock_all
                0x01204e1c                __fp_lock_all
                0x01204e34                _cleanup_r
                0x01204e40                _cleanup
                0x01204e50                __sfmoreglue
                0x01204eb8                __sfp
 .text          0x01204fa8      0x440 c:/altera/nios2eds/bin/gnu/h-i686-mingw32/bin/../lib/gcc/nios2-elf/4.1.2/../../../../nios2-elf/lib\libc.a(lib_a-freer.o)
                0x01204fa8                _malloc_trim_r
                0x012050d4                _free_r
 .text          0x012053e8      0x49c c:/altera/nios2eds/bin/gnu/h-i686-mingw32/bin/../lib/gcc/nios2-elf/4.1.2/../../../../nios2-elf/lib\libc.a(lib_a-fvwrite.o)
                0x012053e8                __sfvwrite_r
 .text          0x01205884      0x180 c:/altera/nios2eds/bin/gnu/h-i686-mingw32/bin/../lib/gcc/nios2-elf/4.1.2/../../../../nios2-elf/lib\libc.a(lib_a-fwalk.o)
                0x01205884                _fwalk_reent
                0x0120594c                _fwalk
 .text          0x01205a04       0xc4 c:/altera/nios2eds/bin/gnu/h-i686-mingw32/bin/../lib/gcc/nios2-elf/4.1.2/../../../../nios2-elf/lib\libc.a(lib_a-locale.o)
                0x01205a04                __locale_charset
                0x01205a0c                _localeconv_r
                0x01205a18                localeconv
                0x01205a28                _setlocale_r
                0x01205aac                setlocale
 .text          0x01205ac8      0x194 c:/altera/nios2eds/bin/gnu/h-i686-mingw32/bin/../lib/gcc/nios2-elf/4.1.2/../../../../nios2-elf/lib\libc.a(lib_a-makebuf.o)
                0x01205ac8                __smakebuf_r
 .text          0x01205c5c      0x740 c:/altera/nios2eds/bin/gnu/h-i686-mingw32/bin/../lib/gcc/nios2-elf/4.1.2/../../../../nios2-elf/lib\libc.a(lib_a-mallocr.o)
                0x01205c5c                _malloc_r
 .text          0x0120639c       0xe4 c:/altera/nios2eds/bin/gnu/h-i686-mingw32/bin/../lib/gcc/nios2-elf/4.1.2/../../../../nios2-elf/lib\libc.a(lib_a-memchr.o)
                0x0120639c                memchr
 .text          0x01206480       0xa0 c:/altera/nios2eds/bin/gnu/h-i686-mingw32/bin/../lib/gcc/nios2-elf/4.1.2/../../../../nios2-elf/lib\libc.a(lib_a-memcpy.o)
                0x01206480                memcpy
 .text          0x01206520       0xe0 c:/altera/nios2eds/bin/gnu/h-i686-mingw32/bin/../lib/gcc/nios2-elf/4.1.2/../../../../nios2-elf/lib\libc.a(lib_a-memmove.o)
                0x01206520                memmove
 .text          0x01206600       0x98 c:/altera/nios2eds/bin/gnu/h-i686-mingw32/bin/../lib/gcc/nios2-elf/4.1.2/../../../../nios2-elf/lib\libc.a(lib_a-memset.o)
                0x01206600                memset
 .text          0x01206698      0xff4 c:/altera/nios2eds/bin/gnu/h-i686-mingw32/bin/../lib/gcc/nios2-elf/4.1.2/../../../../nios2-elf/lib\libc.a(lib_a-mprec.o)
                0x01206698                _Bfree
                0x012066c0                __hi0bits
                0x01206730                __lo0bits
                0x012067f4                __mcmp
                0x01206854                __ulp
                0x012068d4                __b2d
                0x012069f4                __ratio
                0x01206aa4                _mprec_log10
                0x01206b38                __copybits
                0x01206b90                __any_on
                0x01206c18                _Balloc
                0x01206cd4                __d2b
                0x01206e50                __mdiff
                0x01206fdc                __lshift
                0x01207128                __multiply
                0x01207310                __i2b
                0x0120734c                __multadd
                0x0120744c                __pow5mult
                0x0120756c                __s2b
 .text          0x0120768c      0x1ec c:/altera/nios2eds/bin/gnu/h-i686-mingw32/bin/../lib/gcc/nios2-elf/4.1.2/../../../../nios2-elf/lib\libc.a(lib_a-putc.o)
                0x0120768c                putc
                0x01207790                _putc_r
 .text          0x01207878      0x5f4 c:/altera/nios2eds/bin/gnu/h-i686-mingw32/bin/../lib/gcc/nios2-elf/4.1.2/../../../../nios2-elf/lib\libc.a(lib_a-reallocr.o)
                0x01207878                _realloc_r
 .text          0x01207e6c       0x40 c:/altera/nios2eds/bin/gnu/h-i686-mingw32/bin/../lib/gcc/nios2-elf/4.1.2/../../../../nios2-elf/lib\libc.a(lib_a-s_isinfd.o)
                0x01207e6c                __isinfd
 .text          0x01207eac       0x30 c:/altera/nios2eds/bin/gnu/h-i686-mingw32/bin/../lib/gcc/nios2-elf/4.1.2/../../../../nios2-elf/lib\libc.a(lib_a-s_isnand.o)
                0x01207eac                __isnand
 .text          0x01207edc       0x70 c:/altera/nios2eds/bin/gnu/h-i686-mingw32/bin/../lib/gcc/nios2-elf/4.1.2/../../../../nios2-elf/lib\libc.a(lib_a-sbrkr.o)
                0x01207edc                _sbrk_r
 .text          0x01207f4c      0x14c c:/altera/nios2eds/bin/gnu/h-i686-mingw32/bin/../lib/gcc/nios2-elf/4.1.2/../../../../nios2-elf/lib\libc.a(lib_a-stdio.o)
                0x01207f4c                __sclose
                0x01207f54                __sseek
                0x01207fbc                __swrite
                0x01208038                __sread
 .text          0x01208098       0xbc c:/altera/nios2eds/bin/gnu/h-i686-mingw32/bin/../lib/gcc/nios2-elf/4.1.2/../../../../nios2-elf/lib\libc.a(lib_a-strcmp.o)
                0x01208098                strcmp
 .text          0x01208154      0x14c c:/altera/nios2eds/bin/gnu/h-i686-mingw32/bin/../lib/gcc/nios2-elf/4.1.2/../../../../nios2-elf/lib\libc.a(lib_a-wbuf.o)
                0x01208154                __swbuf_r
                0x01208284                __swbuf
 .text          0x012082a0       0x78 c:/altera/nios2eds/bin/gnu/h-i686-mingw32/bin/../lib/gcc/nios2-elf/4.1.2/../../../../nios2-elf/lib\libc.a(lib_a-writer.o)
                0x012082a0                _write_r
 .text          0x01208318       0xb4 c:/altera/nios2eds/bin/gnu/h-i686-mingw32/bin/../lib/gcc/nios2-elf/4.1.2/../../../../nios2-elf/lib\libc.a(lib_a-callocr.o)
                0x01208318                _calloc_r
 .text          0x012083cc       0x70 c:/altera/nios2eds/bin/gnu/h-i686-mingw32/bin/../lib/gcc/nios2-elf/4.1.2/../../../../nios2-elf/lib\libc.a(lib_a-closer.o)
                0x012083cc                _close_r
 .text          0x0120843c      0x124 c:/altera/nios2eds/bin/gnu/h-i686-mingw32/bin/../lib/gcc/nios2-elf/4.1.2/../../../../nios2-elf/lib\libc.a(lib_a-fclose.o)
                0x0120843c                _fclose_r
                0x0120854c                fclose
 .text          0x01208560       0x74 c:/altera/nios2eds/bin/gnu/h-i686-mingw32/bin/../lib/gcc/nios2-elf/4.1.2/../../../../nios2-elf/lib\libc.a(lib_a-fstatr.o)
                0x01208560                _fstat_r
 .text          0x012085d4        0x0 c:/altera/nios2eds/bin/gnu/h-i686-mingw32/bin/../lib/gcc/nios2-elf/4.1.2/../../../../nios2-elf/lib\libc.a(lib_a-int_errno.o)
 .text          0x012085d4       0x70 c:/altera/nios2eds/bin/gnu/h-i686-mingw32/bin/../lib/gcc/nios2-elf/4.1.2/../../../../nios2-elf/lib\libc.a(lib_a-isattyr.o)
                0x012085d4                _isatty_r
 .text          0x01208644       0x78 c:/altera/nios2eds/bin/gnu/h-i686-mingw32/bin/../lib/gcc/nios2-elf/4.1.2/../../../../nios2-elf/lib\libc.a(lib_a-lseekr.o)
                0x01208644                _lseek_r
 .text          0x012086bc       0x78 c:/altera/nios2eds/bin/gnu/h-i686-mingw32/bin/../lib/gcc/nios2-elf/4.1.2/../../../../nios2-elf/lib\libc.a(lib_a-readr.o)
                0x012086bc                _read_r
 .text          0x01208734      0x5dc c:/altera/nios2eds/bin/gnu/h-i686-mingw32/bin/../lib/gcc/nios2-elf/4.1.2\libgcc.a(_udivdi3.o)
                0x01208734                __udivdi3
 .text          0x01208d10      0x5b0 c:/altera/nios2eds/bin/gnu/h-i686-mingw32/bin/../lib/gcc/nios2-elf/4.1.2\libgcc.a(_umoddi3.o)
                0x01208d10                __umoddi3
 .text          0x012092c0      0x504 c:/altera/nios2eds/bin/gnu/h-i686-mingw32/bin/../lib/gcc/nios2-elf/4.1.2\libgcc.a(_addsub_df.o)
                0x012096d0                __subdf3
                0x01209750                __adddf3
 .text          0x012097c4      0x3c4 c:/altera/nios2eds/bin/gnu/h-i686-mingw32/bin/../lib/gcc/nios2-elf/4.1.2\libgcc.a(_mul_df.o)
                0x012097c4                __muldf3
 .text          0x01209b88      0x258 c:/altera/nios2eds/bin/gnu/h-i686-mingw32/bin/../lib/gcc/nios2-elf/4.1.2\libgcc.a(_div_df.o)
                0x01209b88                __divdf3
 .text          0x01209de0       0x88 c:/altera/nios2eds/bin/gnu/h-i686-mingw32/bin/../lib/gcc/nios2-elf/4.1.2\libgcc.a(_eq_df.o)
                0x01209de0                __eqdf2
 .text          0x01209e68       0x88 c:/altera/nios2eds/bin/gnu/h-i686-mingw32/bin/../lib/gcc/nios2-elf/4.1.2\libgcc.a(_ne_df.o)
                0x01209e68                __nedf2
 .text          0x01209ef0       0x88 c:/altera/nios2eds/bin/gnu/h-i686-mingw32/bin/../lib/gcc/nios2-elf/4.1.2\libgcc.a(_gt_df.o)
                0x01209ef0                __gtdf2
 .text          0x01209f78       0x88 c:/altera/nios2eds/bin/gnu/h-i686-mingw32/bin/../lib/gcc/nios2-elf/4.1.2\libgcc.a(_ge_df.o)
                0x01209f78                __gedf2
 .text          0x0120a000       0x88 c:/altera/nios2eds/bin/gnu/h-i686-mingw32/bin/../lib/gcc/nios2-elf/4.1.2\libgcc.a(_lt_df.o)
                0x0120a000                __ltdf2
 .text          0x0120a088       0xf8 c:/altera/nios2eds/bin/gnu/h-i686-mingw32/bin/../lib/gcc/nios2-elf/4.1.2\libgcc.a(_si_to_df.o)
                0x0120a088                __floatsidf
 .text          0x0120a180       0xd8 c:/altera/nios2eds/bin/gnu/h-i686-mingw32/bin/../lib/gcc/nios2-elf/4.1.2\libgcc.a(_df_to_si.o)
                0x0120a180                __fixdfsi
 .text          0x0120a258        0x0 c:/altera/nios2eds/bin/gnu/h-i686-mingw32/bin/../lib/gcc/nios2-elf/4.1.2\libgcc.a(_thenan_df.o)
 .text          0x0120a258      0x194 c:/altera/nios2eds/bin/gnu/h-i686-mingw32/bin/../lib/gcc/nios2-elf/4.1.2\libgcc.a(_usi_to_df.o)
                0x0120a258                __floatunsidf
 .text          0x0120a3ec      0x14c c:/altera/nios2eds/bin/gnu/h-i686-mingw32/bin/../lib/gcc/nios2-elf/4.1.2\libgcc.a(lib2-divmod.o)
                0x0120a468                __divsi3
                0x0120a4c8                __modsi3
                0x0120a528                __udivsi3
                0x0120a530                __umodsi3
 .text          0x0120a538       0x98 c:/altera/nios2eds/bin/gnu/h-i686-mingw32/bin/../lib/gcc/nios2-elf/4.1.2\libgcc.a(_muldi3.o)
                0x0120a538                __muldi3
 .text          0x0120a5d0        0x0 c:/altera/nios2eds/bin/gnu/h-i686-mingw32/bin/../lib/gcc/nios2-elf/4.1.2\libgcc.a(_clz.o)
 .text          0x0120a5d0       0x80 c:/altera/nios2eds/bin/gnu/h-i686-mingw32/bin/../lib/gcc/nios2-elf/4.1.2\libgcc.a(_clzsi2.o)
                0x0120a5d0                __clzsi2
 .text          0x0120a650      0x314 c:/altera/nios2eds/bin/gnu/h-i686-mingw32/bin/../lib/gcc/nios2-elf/4.1.2\libgcc.a(_pack_df.o)
                0x0120a650                __pack_d
 .text          0x0120a964      0x138 c:/altera/nios2eds/bin/gnu/h-i686-mingw32/bin/../lib/gcc/nios2-elf/4.1.2\libgcc.a(_unpack_df.o)
                0x0120a964                __unpack_d
 .text          0x0120aa9c       0xc8 c:/altera/nios2eds/bin/gnu/h-i686-mingw32/bin/../lib/gcc/nios2-elf/4.1.2\libgcc.a(_fpcmp_parts_df.o)
                0x0120aa9c                __fpcmp_parts_d
 .text          0x0120ab64      0x15c ../ucosii_tutorial_bsp/\libucosii_bsp.a(alt_close.o)
                0x0120ab64                close
 .text          0x0120acc0       0x2c ../ucosii_tutorial_bsp/\libucosii_bsp.a(alt_dev.o)
 .text          0x0120acec        0x0 ../ucosii_tutorial_bsp/\libucosii_bsp.a(alt_errno.o)
 .text          0x0120acec       0x6c ../ucosii_tutorial_bsp/\libucosii_bsp.a(alt_exit.o)
                0x0120ad2c                _exit
 .text          0x0120ad58      0x134 ../ucosii_tutorial_bsp/\libucosii_bsp.a(alt_fstat.o)
                0x0120ad58                fstat
 .text          0x0120ae8c      0x1c0 ../ucosii_tutorial_bsp/\libucosii_bsp.a(alt_irq_register.o)
                0x0120ae8c                alt_irq_register
 .text          0x0120b04c        0x0 ../ucosii_tutorial_bsp/\libucosii_bsp.a(alt_irq_vars.o)
 .text          0x0120b04c      0x120 ../ucosii_tutorial_bsp/\libucosii_bsp.a(alt_isatty.o)
                0x0120b04c                isatty
 .text          0x0120b16c      0x150 ../ucosii_tutorial_bsp/\libucosii_bsp.a(alt_lseek.o)
                0x0120b16c                lseek
 .text          0x0120b2bc       0xc8 ../ucosii_tutorial_bsp/\libucosii_bsp.a(alt_main.o)
                0x0120b2bc                alt_main
 .text          0x0120b384      0x180 ../ucosii_tutorial_bsp/\libucosii_bsp.a(alt_read.o)
                0x0120b384                read
 .text          0x0120b504       0x60 ../ucosii_tutorial_bsp/\libucosii_bsp.a(alt_release_fd.o)
                0x0120b504                alt_release_fd
 .text          0x0120b564       0xbc ../ucosii_tutorial_bsp/\libucosii_bsp.a(alt_sbrk.o)
                0x0120b564                sbrk
 .text          0x0120b620      0x180 ../ucosii_tutorial_bsp/\libucosii_bsp.a(alt_write.o)
                0x0120b620                write
 .text          0x0120b7a0      0x108 ../ucosii_tutorial_bsp/\libucosii_bsp.a(alt_env_lock.o)
                0x0120b7a0                __env_lock
                0x0120b84c                __env_unlock
 .text          0x0120b8a8      0x1d8 ../ucosii_tutorial_bsp/\libucosii_bsp.a(alt_malloc_lock.o)
                0x0120b8a8                __malloc_lock
                0x0120b9b0                __malloc_unlock
 .text          0x0120ba80     0x2128 ../ucosii_tutorial_bsp/\libucosii_bsp.a(os_core.o)
                0x0120ba80                OSEventNameGet
                0x0120bbb0                OSEventNameSet
                0x0120bcf4                OSEventPendMulti
                0x0120c3a8                OSInit
                0x0120c3fc                OSIntEnter
                0x0120c478                OSIntExit
                0x0120c578                OSSchedLock
                0x0120c604                OSSchedUnlock
                0x0120c6e8                OSStart
                0x0120c758                OSStatInit
                0x0120c804                OSTimeTick
                0x0120ca44                OSVersion
                0x0120ca64                OS_Dummy
                0x0120ca80                OS_EventTaskRdy
                0x0120cc14                OS_EventTaskWait
                0x0120cd24                OS_EventTaskWaitMulti
                0x0120ce78                OS_EventTaskRemove
                0x0120cf30                OS_EventTaskRemoveMulti
                0x0120d034                OS_EventWaitListInit
                0x0120d400                OS_MemClr
                0x0120d454                OS_MemCopy
                0x0120d4c0                OS_Sched
                0x0120d604                OS_StrCopy
                0x0120d684                OS_StrLen
                0x0120d6dc                OS_TaskIdle
                0x0120d738                OS_TaskStat
                0x0120d800                OS_TaskStatStkChk
                0x0120d8c8                OS_TCBInit
 .text          0x0120dba8      0x18c ../ucosii_tutorial_bsp/\libucosii_bsp.a(os_dbg.o)
                0x0120dba8                OSDebugInit
 .text          0x0120dd34     0x193c ../ucosii_tutorial_bsp/\libucosii_bsp.a(os_flag.o)
                0x0120dd34                OSFlagAccept
                0x0120e068                OSFlagCreate
                0x0120e1a4                OSFlagDel
                0x0120e44c                OSFlagNameGet
                0x0120e590                OSFlagNameSet
                0x0120e6e4                OSFlagPend
                0x0120ed28                OSFlagPendGetFlagsRdy
                0x0120ed90                OSFlagPost
                0x0120f138                OSFlagQuery
                0x0120f3d0                OS_FlagInit
                0x0120f5c4                OS_FlagUnlink
 .text          0x0120f670      0x808 ../ucosii_tutorial_bsp/\libucosii_bsp.a(os_mem.o)
                0x0120f670                OSMemCreate
                0x0120f88c                OSMemGet
                0x0120f990                OSMemNameGet
                0x0120fa9c                OSMemNameSet
                0x0120fbbc                OSMemPut
                0x0120fcac                OSMemQuery
                0x0120fda8                OS_MemInit
 .text          0x0120fe78     0x1334 ../ucosii_tutorial_bsp/\libucosii_bsp.a(os_q.o)
                0x0120fe78                OSQAccept
                0x0120ffcc                OSQCreate
                0x012101e0                OSQDel
                0x012104e0                OSQFlush
                0x012105a8                OSQPend
                0x012108c8                OSQPendAbort
                0x01210a44                OSQPost
                0x01210bc4                OSQPostFront
                0x01210d4c                OSQPostOpt
                0x01210f80                OSQQuery
                0x01211100                OS_QInit
 .text          0x012111ac      0xbc8 ../ucosii_tutorial_bsp/\libucosii_bsp.a(os_sem.o)
                0x012111ac                OSSemAccept
                0x0121126c                OSSemCreate
                0x01211380                OSSemDel
                0x01211620                OSSemPend
                0x0121189c                OSSemPendAbort
                0x01211a18                OSSemPost
                0x01211b40                OSSemQuery
                0x01211c70                OSSemSet
 .text          0x01211d74     0x1a40 ../ucosii_tutorial_bsp/\libucosii_bsp.a(os_task.o)
                0x01211d74                OSTaskChangePrio
                0x012122e8                OSTaskCreate
                0x012124bc                OSTaskCreateExt
                0x012126bc                OSTaskDel
                0x01212ac8                OSTaskDelReq
                0x01212c38                OSTaskNameGet
                0x01212df0                OSTaskNameSet
                0x01212fb4                OSTaskResume
                0x012131cc                OSTaskStkChk
                0x012133c8                OSTaskSuspend
                0x012135f4                OSTaskQuery
                0x01213738                OS_TaskStkClr
 .text          0x012137b4      0x670 ../ucosii_tutorial_bsp/\libucosii_bsp.a(os_time.o)
                0x012137b4                OSTimeDly
                0x01213900                OSTimeDlyHMSM
                0x01213b4c                OSTimeDlyResume
                0x01213d5c                OSTimeGet
                0x01213dc0                OSTimeSet
 .text          0x01213e24       0xe4 ../ucosii_tutorial_bsp/\libucosii_bsp.a(alt_sys_init.o)
                0x01213e24                alt_irq_init
                0x01213e58                alt_sys_init
 .text          0x01213f08      0x8c8 ../ucosii_tutorial_bsp/\libucosii_bsp.a(altera_avalon_cfi_flash.o)
                0x01213f08                alt_flash_cfi_init
                0x01213fdc                alt_flash_cfi_write
                0x0121429c                alt_flash_cfi_get_info
                0x0121432c                alt_flash_cfi_read
                0x01214394                alt_write_value_to_flash
                0x012144f8                alt_flash_program_block
 .text          0x012147d0     0x14a8 ../ucosii_tutorial_bsp/\libucosii_bsp.a(altera_avalon_cfi_flash_table.o)
                0x012147d0                alt_read_query_entry_8bit
                0x01214810                alt_read_query_entry_16bit
                0x01214854                alt_read_query_entry_32bit
                0x0121489c                alt_write_flash_command_8bit_device_8bit_mode
                0x012148d8                alt_write_flash_command_16bit_device_8bit_mode
                0x01214954                alt_write_flash_command_32bit_device_8bit_mode
                0x0121499c                alt_write_flash_command_16bit_device_16bit_mode
                0x012149e0                alt_write_flash_command_32bit_device_16bit_mode
                0x01214a28                alt_write_flash_command_32bit_device_32bit_mode
                0x01214a70                alt_write_native_8bit
                0x01214aa4                alt_write_native_16bit
                0x01214ad8                alt_write_native_32bit
                0x01214b08                alt_set_flash_width_func
                0x01214ce8                alt_set_flash_algorithm_func
                0x01214e10                alt_read_cfi_table
                0x012153f0                alt_read_cfi_width
                0x01215b9c                alt_check_primary_table
 .text          0x01215c78      0x148 ../ucosii_tutorial_bsp/\libucosii_bsp.a(altera_avalon_jtag_uart_fd.o)
                0x01215c78                altera_avalon_jtag_uart_read_fd
                0x01215cd0                altera_avalon_jtag_uart_write_fd
                0x01215d28                altera_avalon_jtag_uart_close_fd
                0x01215d70                altera_avalon_jtag_uart_ioctl_fd
 .text          0x01215dc0      0x584 ../ucosii_tutorial_bsp/\libucosii_bsp.a(altera_avalon_jtag_uart_init.o)
                0x01215dc0                altera_avalon_jtag_uart_init
                0x012162d0                altera_avalon_jtag_uart_close
 .text          0x01216344       0xf4 ../ucosii_tutorial_bsp/\libucosii_bsp.a(altera_avalon_jtag_uart_ioctl.o)
                0x01216344                altera_avalon_jtag_uart_ioctl
 .text          0x01216438      0x2c0 ../ucosii_tutorial_bsp/\libucosii_bsp.a(altera_avalon_jtag_uart_read.o)
                0x01216438                altera_avalon_jtag_uart_read
 .text          0x012166f8      0x2dc ../ucosii_tutorial_bsp/\libucosii_bsp.a(altera_avalon_jtag_uart_write.o)
                0x012166f8                altera_avalon_jtag_uart_write
 .text          0x012169d4      0x100 ../ucosii_tutorial_bsp/\libucosii_bsp.a(altera_avalon_timer_sc.o)
                0x01216a44                alt_avalon_timer_sc_init
 .text          0x01216ad4      0x154 ../ucosii_tutorial_bsp/\libucosii_bsp.a(alt_alarm_start.o)
                0x01216ad4                alt_alarm_start
 .text          0x01216c28       0x78 ../ucosii_tutorial_bsp/\libucosii_bsp.a(alt_dcache_flush.o)
                0x01216c28                alt_dcache_flush
 .text          0x01216ca0      0x114 ../ucosii_tutorial_bsp/\libucosii_bsp.a(alt_dev_llist_insert.o)
                0x01216ca0                alt_dev_llist_insert
 .text          0x01216db4       0x64 ../ucosii_tutorial_bsp/\libucosii_bsp.a(alt_do_ctors.o)
                0x01216db4                _do_ctors
 .text          0x01216e18       0x64 ../ucosii_tutorial_bsp/\libucosii_bsp.a(alt_do_dtors.o)
                0x01216e18                _do_dtors
 .text          0x01216e7c       0xd0 ../ucosii_tutorial_bsp/\libucosii_bsp.a(alt_flash_dev.o)
                0x01216e7c                alt_flash_open_dev
                0x01216ef8                alt_flash_close_dev
 .text          0x01216f4c      0x1d4 ../ucosii_tutorial_bsp/\libucosii_bsp.a(alt_iic.o)
                0x01216f4c                alt_ic_isr_register
                0x01216f9c                alt_ic_irq_enable
                0x01217038                alt_ic_irq_disable
                0x012170d8                alt_ic_irq_enabled
 .text          0x01217120       0xf8 ../ucosii_tutorial_bsp/\libucosii_bsp.a(alt_iic_isr_register.o)
                0x01217120                alt_iic_isr_register
 .text          0x01217218      0x13c ../ucosii_tutorial_bsp/\libucosii_bsp.a(alt_io_redirect.o)
                0x012172dc                alt_io_redirect
 .text          0x01217354        0x0 ../ucosii_tutorial_bsp/\libucosii_bsp.a(alt_irq_entry.o)
 .text          0x01217354        0x0 ../ucosii_tutorial_bsp/\libucosii_bsp.a(alt_irq_handler.o)
 .text          0x01217354      0x2c4 ../ucosii_tutorial_bsp/\libucosii_bsp.a(alt_open.o)
                0x01217430                open
 .text          0x01217618      0x1a8 ../ucosii_tutorial_bsp/\libucosii_bsp.a(alt_tick.o)
                0x01217618                alt_alarm_stop
                0x012176b0                alt_tick
 .text          0x012177c0       0x20 ../ucosii_tutorial_bsp/\libucosii_bsp.a(altera_nios2_qsys_irq.o)
                0x012177c0                altera_nios2_qsys_irq_init
 .text          0x012177e0       0xd0 ../ucosii_tutorial_bsp/\libucosii_bsp.a(os_cpu_a.o)
                0x012177e0                OSCtxSw
                0x012177e0                OSIntCtxSw
                0x0121786c                OSStartHighRdy
                0x0121788c                OSStartTsk
 .text          0x012178b0      0x418 ../ucosii_tutorial_bsp/\libucosii_bsp.a(os_cpu_c.o)
                0x012178b0                OSTaskStkInit
                0x01217bc0                OSTaskCreateHook
                0x01217be0                OSTaskDelHook
                0x01217c00                OSTaskSwHook
                0x01217c1c                OSTaskStatHook
                0x01217c38                OSTimeTickHook
                0x01217c54                OSInitHookBegin
                0x01217c70                OSInitHookEnd
                0x01217c8c                OSTaskIdleHook
                0x01217ca8                OSTCBInitHook
 .text          0x01217cc8      0x460 ../ucosii_tutorial_bsp/\libucosii_bsp.a(altera_avalon_cfi_flash_amd.o)
                0x01217cc8                alt_program_amd
                0x01217d30                alt_erase_block_amd
 .text          0x01218128      0x460 ../ucosii_tutorial_bsp/\libucosii_bsp.a(altera_avalon_cfi_flash_intel.o)
                0x01218128                alt_program_intel
                0x012181ac                alt_erase_block_intel
 .text          0x01218588        0x0 ../ucosii_tutorial_bsp/\libucosii_bsp.a(alt_exception_entry.o)
 .text          0x01218588       0x94 ../ucosii_tutorial_bsp/\libucosii_bsp.a(alt_find_dev.o)
                0x01218588                alt_find_dev
 .text          0x0121861c      0x120 ../ucosii_tutorial_bsp/\libucosii_bsp.a(alt_find_file.o)
                0x0121861c                alt_find_file
 .text          0x0121873c       0xf4 ../ucosii_tutorial_bsp/\libucosii_bsp.a(alt_get_fd.o)
                0x0121873c                alt_get_fd
 .text          0x01218830      0x118 ../ucosii_tutorial_bsp/\libucosii_bsp.a(alt_usleep.o)
                0x01218830                usleep
 .text          0x01218948      0x14c ../ucosii_tutorial_bsp/\libucosii_bsp.a(alt_busy_sleep.o)
                0x01218948                alt_busy_sleep
 .text          0x01218a94       0x14 c:/altera/nios2eds/bin/gnu/h-i686-mingw32/bin/../lib/gcc/nios2-elf/4.1.2/../../../../nios2-elf/lib\libc.a(lib_a-atexit.o)
                0x01218a94                atexit
 .text          0x01218aa8       0x74 c:/altera/nios2eds/bin/gnu/h-i686-mingw32/bin/../lib/gcc/nios2-elf/4.1.2/../../../../nios2-elf/lib\libc.a(lib_a-memcmp.o)
                0x01218aa8                memcmp
 .text          0x01218b1c      0x134 c:/altera/nios2eds/bin/gnu/h-i686-mingw32/bin/../lib/gcc/nios2-elf/4.1.2/../../../../nios2-elf/lib\libc.a(lib_a-__atexit.o)
                0x01218b1c                __register_exitproc
 .text          0x01218c50       0xa4 c:/altera/nios2eds/bin/gnu/h-i686-mingw32/bin/../lib/gcc/nios2-elf/4.1.2\libgcc.a(_fixunsdfsi.o)
                0x01218c50                __fixunsdfsi
 *(.gnu.warning.*)
 *(.fini)
                0x01218cf4                PROVIDE (__etext, ABSOLUTE (.))
                0x01218cf4                PROVIDE (_etext, ABSOLUTE (.))
                0x01218cf4                PROVIDE (etext, ABSOLUTE (.))
 *(.eh_frame_hdr)
                0x01218cf4                . = ALIGN (0x4)
                0x01218cf4                PROVIDE (__preinit_array_start, ABSOLUTE (.))
 *(.preinit_array)
                0x01218cf4                PROVIDE (__preinit_array_end, ABSOLUTE (.))
                0x01218cf4                PROVIDE (__init_array_start, ABSOLUTE (.))
 *(.init_array)
                0x01218cf4                PROVIDE (__init_array_end, ABSOLUTE (.))
                0x01218cf4                PROVIDE (__fini_array_start, ABSOLUTE (.))
 *(.fini_array)
                0x01218cf4                PROVIDE (__fini_array_end, ABSOLUTE (.))
 *(.eh_frame)
 *(.gcc_except_table)
 *(.dynamic)
                0x01218cf4                PROVIDE (__CTOR_LIST__, ABSOLUTE (.))
 *(.ctors)
 *(SORT(.ctors.*))
 .ctors.65535   0x01218cf4        0x4 c:/altera/nios2eds/bin/gnu/h-i686-mingw32/bin/../lib/gcc/nios2-elf/4.1.2/../../../../nios2-elf/lib\libc.a(lib_a-__call_atexit.o)
                0x01218cf8                PROVIDE (__CTOR_END__, ABSOLUTE (.))
                0x01218cf8                PROVIDE (__DTOR_LIST__, ABSOLUTE (.))
 *(.dtors)
 *(SORT(.dtors.*))
                0x01218cf8                PROVIDE (__DTOR_END__, ABSOLUTE (.))
 *(.jcr)
                0x01218cf8                . = ALIGN (0x4)

.rodata         0x01218cf8      0xa4c
                0x01218cf8                PROVIDE (__ram_rodata_start, ABSOLUTE (.))
                0x01218cf8                . = ALIGN (0x4)
 *(.rodata .rodata.* .gnu.linkonce.r.*)
 .rodata        0x01218cf8      0x378 obj/default/alt_ucosii_simple_error_check.o
 .rodata        0x01219070      0x260 obj/default/ucosii_tutorial.o
 .rodata.str1.4
                0x012192d0        0x2 c:/altera/nios2eds/bin/gnu/h-i686-mingw32/bin/../lib/gcc/nios2-elf/4.1.2/../../../../nios2-elf/lib\libc.a(lib_a-impure.o)
                                  0x4 (size before relaxing)
 *fill*         0x012192d2        0x2 00
 .rodata.str1.4
                0x012192d4        0x2 c:/altera/nios2eds/bin/gnu/h-i686-mingw32/bin/../lib/gcc/nios2-elf/4.1.2/../../../../nios2-elf/lib\libc.a(lib_a-puts.o)
                                  0x4 (size before relaxing)
 *fill*         0x012192d6        0x2 00
 .rodata.str1.4
                0x012192d8       0x5e c:/altera/nios2eds/bin/gnu/h-i686-mingw32/bin/../lib/gcc/nios2-elf/4.1.2/../../../../nios2-elf/lib\libc.a(lib_a-vfprintf.o)
                                 0x60 (size before relaxing)
 .rodata        0x01219336       0x20 c:/altera/nios2eds/bin/gnu/h-i686-mingw32/bin/../lib/gcc/nios2-elf/4.1.2/../../../../nios2-elf/lib\libc.a(lib_a-vfprintf.o)
 *fill*         0x01219356        0x2 00
 .rodata.str1.4
                0x01219358       0x10 c:/altera/nios2eds/bin/gnu/h-i686-mingw32/bin/../lib/gcc/nios2-elf/4.1.2/../../../../nios2-elf/lib\libc.a(lib_a-dtoa.o)
                                 0x14 (size before relaxing)
 .rodata.str1.4
                0x01219368       0x10 c:/altera/nios2eds/bin/gnu/h-i686-mingw32/bin/../lib/gcc/nios2-elf/4.1.2/../../../../nios2-elf/lib\libc.a(lib_a-locale.o)
                                 0x18 (size before relaxing)
 .rodata        0x01219378       0x30 c:/altera/nios2eds/bin/gnu/h-i686-mingw32/bin/../lib/gcc/nios2-elf/4.1.2/../../../../nios2-elf/lib\libc.a(lib_a-locale.o)
 .rodata        0x012193a8      0x124 c:/altera/nios2eds/bin/gnu/h-i686-mingw32/bin/../lib/gcc/nios2-elf/4.1.2/../../../../nios2-elf/lib\libc.a(lib_a-mprec.o)
                0x012193a8                __mprec_tens
                0x01219470                __mprec_bigtens
                0x01219498                __mprec_tinytens
 .rodata        0x012194cc       0x14 c:/altera/nios2eds/bin/gnu/h-i686-mingw32/bin/../lib/gcc/nios2-elf/4.1.2\libgcc.a(_thenan_df.o)
                0x012194cc                __thenan_df
 .rodata        0x012194e0      0x100 c:/altera/nios2eds/bin/gnu/h-i686-mingw32/bin/../lib/gcc/nios2-elf/4.1.2\libgcc.a(_clz.o)
                0x012194e0                __clz_tab
 .rodata        0x012195e0        0xc ../ucosii_tutorial_bsp/\libucosii_bsp.a(alt_dev.o)
 .rodata        0x012195ec       0x10 ../ucosii_tutorial_bsp/\libucosii_bsp.a(alt_main.o)
 .rodata        0x012195fc      0x120 ../ucosii_tutorial_bsp/\libucosii_bsp.a(os_core.o)
                0x012195fc                OSUnMapTbl
 .rodata        0x0121971c       0x24 ../ucosii_tutorial_bsp/\libucosii_bsp.a(alt_sys_init.o)
 .rodata        0x01219740        0x4 ../ucosii_tutorial_bsp/\libucosii_bsp.a(os_cpu_c.o)
 *(.rodata1)
                0x01219744                . = ALIGN (0x4)
                0x01219744                PROVIDE (__ram_rodata_end, ABSOLUTE (.))
                0x01218cf8                PROVIDE (__flash_rodata_start, LOADADDR (.rodata))

.rwdata         0x01219744     0x1bc4
                0x01219744                PROVIDE (__ram_rwdata_start, ABSOLUTE (.))
                0x01219744                . = ALIGN (0x4)
 *(.got.plt)
 *(.got)
 *(.data1)
 *(.data .data.* .gnu.linkonce.d.*)
 .data          0x01219744        0x0 ../ucosii_tutorial_bsp//obj/HAL/src/crt0.o
 .data          0x01219744        0x0 obj/default/alt_ucosii_simple_error_check.o
 .data          0x01219744        0x0 obj/default/ucosii_tutorial.o
 .data          0x01219744        0x0 c:/altera/nios2eds/bin/gnu/h-i686-mingw32/bin/../lib/gcc/nios2-elf/4.1.2/../../../../nios2-elf/lib\libc.a(lib_a-exit.o)
 .data          0x01219744        0x0 c:/altera/nios2eds/bin/gnu/h-i686-mingw32/bin/../lib/gcc/nios2-elf/4.1.2/../../../../nios2-elf/lib\libc.a(lib_a-fprintf.o)
 .data          0x01219744        0x0 c:/altera/nios2eds/bin/gnu/h-i686-mingw32/bin/../lib/gcc/nios2-elf/4.1.2/../../../../nios2-elf/lib\libc.a(lib_a-fwrite.o)
 .data          0x01219744      0x400 c:/altera/nios2eds/bin/gnu/h-i686-mingw32/bin/../lib/gcc/nios2-elf/4.1.2/../../../../nios2-elf/lib\libc.a(lib_a-impure.o)
 .data          0x01219b44        0x0 c:/altera/nios2eds/bin/gnu/h-i686-mingw32/bin/../lib/gcc/nios2-elf/4.1.2/../../../../nios2-elf/lib\libc.a(lib_a-printf.o)
 .data          0x01219b44        0x0 c:/altera/nios2eds/bin/gnu/h-i686-mingw32/bin/../lib/gcc/nios2-elf/4.1.2/../../../../nios2-elf/lib\libc.a(lib_a-putchar.o)
 .data          0x01219b44        0x0 c:/altera/nios2eds/bin/gnu/h-i686-mingw32/bin/../lib/gcc/nios2-elf/4.1.2/../../../../nios2-elf/lib\libc.a(lib_a-puts.o)
 .data          0x01219b44        0x0 c:/altera/nios2eds/bin/gnu/h-i686-mingw32/bin/../lib/gcc/nios2-elf/4.1.2/../../../../nios2-elf/lib\libc.a(lib_a-strlen.o)
 .data          0x01219b44        0x0 c:/altera/nios2eds/bin/gnu/h-i686-mingw32/bin/../lib/gcc/nios2-elf/4.1.2/../../../../nios2-elf/lib\libc.a(lib_a-vfprintf.o)
 .data          0x01219b44        0x0 c:/altera/nios2eds/bin/gnu/h-i686-mingw32/bin/../lib/gcc/nios2-elf/4.1.2/../../../../nios2-elf/lib\libc.a(lib_a-wsetup.o)
 .data          0x01219b44        0x0 c:/altera/nios2eds/bin/gnu/h-i686-mingw32/bin/../lib/gcc/nios2-elf/4.1.2/../../../../nios2-elf/lib\libc.a(lib_a-__call_atexit.o)
 .data          0x01219b44        0x0 c:/altera/nios2eds/bin/gnu/h-i686-mingw32/bin/../lib/gcc/nios2-elf/4.1.2/../../../../nios2-elf/lib\libc.a(lib_a-dtoa.o)
 .data          0x01219b44        0x0 c:/altera/nios2eds/bin/gnu/h-i686-mingw32/bin/../lib/gcc/nios2-elf/4.1.2/../../../../nios2-elf/lib\libc.a(lib_a-fflush.o)
 .data          0x01219b44        0x0 c:/altera/nios2eds/bin/gnu/h-i686-mingw32/bin/../lib/gcc/nios2-elf/4.1.2/../../../../nios2-elf/lib\libc.a(lib_a-findfp.o)
 .data          0x01219b44        0x0 c:/altera/nios2eds/bin/gnu/h-i686-mingw32/bin/../lib/gcc/nios2-elf/4.1.2/../../../../nios2-elf/lib\libc.a(lib_a-freer.o)
 .data          0x01219b44        0x0 c:/altera/nios2eds/bin/gnu/h-i686-mingw32/bin/../lib/gcc/nios2-elf/4.1.2/../../../../nios2-elf/lib\libc.a(lib_a-fvwrite.o)
 .data          0x01219b44        0x0 c:/altera/nios2eds/bin/gnu/h-i686-mingw32/bin/../lib/gcc/nios2-elf/4.1.2/../../../../nios2-elf/lib\libc.a(lib_a-fwalk.o)
 .data          0x01219b44        0xc c:/altera/nios2eds/bin/gnu/h-i686-mingw32/bin/../lib/gcc/nios2-elf/4.1.2/../../../../nios2-elf/lib\libc.a(lib_a-locale.o)
                0x01219b44                __lc_ctype
 .data          0x01219b50        0x0 c:/altera/nios2eds/bin/gnu/h-i686-mingw32/bin/../lib/gcc/nios2-elf/4.1.2/../../../../nios2-elf/lib\libc.a(lib_a-makebuf.o)
 .data          0x01219b50      0x408 c:/altera/nios2eds/bin/gnu/h-i686-mingw32/bin/../lib/gcc/nios2-elf/4.1.2/../../../../nios2-elf/lib\libc.a(lib_a-mallocr.o)
                0x01219b50                __malloc_av_
 .data          0x01219f58        0x0 c:/altera/nios2eds/bin/gnu/h-i686-mingw32/bin/../lib/gcc/nios2-elf/4.1.2/../../../../nios2-elf/lib\libc.a(lib_a-memchr.o)
 .data          0x01219f58        0x0 c:/altera/nios2eds/bin/gnu/h-i686-mingw32/bin/../lib/gcc/nios2-elf/4.1.2/../../../../nios2-elf/lib\libc.a(lib_a-memcpy.o)
 .data          0x01219f58        0x0 c:/altera/nios2eds/bin/gnu/h-i686-mingw32/bin/../lib/gcc/nios2-elf/4.1.2/../../../../nios2-elf/lib\libc.a(lib_a-memmove.o)
 .data          0x01219f58        0x0 c:/altera/nios2eds/bin/gnu/h-i686-mingw32/bin/../lib/gcc/nios2-elf/4.1.2/../../../../nios2-elf/lib\libc.a(lib_a-memset.o)
 .data          0x01219f58        0x0 c:/altera/nios2eds/bin/gnu/h-i686-mingw32/bin/../lib/gcc/nios2-elf/4.1.2/../../../../nios2-elf/lib\libc.a(lib_a-mprec.o)
 .data          0x01219f58        0x0 c:/altera/nios2eds/bin/gnu/h-i686-mingw32/bin/../lib/gcc/nios2-elf/4.1.2/../../../../nios2-elf/lib\libc.a(lib_a-putc.o)
 .data          0x01219f58        0x0 c:/altera/nios2eds/bin/gnu/h-i686-mingw32/bin/../lib/gcc/nios2-elf/4.1.2/../../../../nios2-elf/lib\libc.a(lib_a-reallocr.o)
 .data          0x01219f58        0x0 c:/altera/nios2eds/bin/gnu/h-i686-mingw32/bin/../lib/gcc/nios2-elf/4.1.2/../../../../nios2-elf/lib\libc.a(lib_a-s_isinfd.o)
 .data          0x01219f58        0x0 c:/altera/nios2eds/bin/gnu/h-i686-mingw32/bin/../lib/gcc/nios2-elf/4.1.2/../../../../nios2-elf/lib\libc.a(lib_a-s_isnand.o)
 .data          0x01219f58        0x0 c:/altera/nios2eds/bin/gnu/h-i686-mingw32/bin/../lib/gcc/nios2-elf/4.1.2/../../../../nios2-elf/lib\libc.a(lib_a-sbrkr.o)
 .data          0x01219f58        0x0 c:/altera/nios2eds/bin/gnu/h-i686-mingw32/bin/../lib/gcc/nios2-elf/4.1.2/../../../../nios2-elf/lib\libc.a(lib_a-stdio.o)
 .data          0x01219f58        0x0 c:/altera/nios2eds/bin/gnu/h-i686-mingw32/bin/../lib/gcc/nios2-elf/4.1.2/../../../../nios2-elf/lib\libc.a(lib_a-strcmp.o)
 .data          0x01219f58        0x0 c:/altera/nios2eds/bin/gnu/h-i686-mingw32/bin/../lib/gcc/nios2-elf/4.1.2/../../../../nios2-elf/lib\libc.a(lib_a-wbuf.o)
 .data          0x01219f58        0x0 c:/altera/nios2eds/bin/gnu/h-i686-mingw32/bin/../lib/gcc/nios2-elf/4.1.2/../../../../nios2-elf/lib\libc.a(lib_a-writer.o)
 .data          0x01219f58        0x0 c:/altera/nios2eds/bin/gnu/h-i686-mingw32/bin/../lib/gcc/nios2-elf/4.1.2/../../../../nios2-elf/lib\libc.a(lib_a-callocr.o)
 .data          0x01219f58        0x0 c:/altera/nios2eds/bin/gnu/h-i686-mingw32/bin/../lib/gcc/nios2-elf/4.1.2/../../../../nios2-elf/lib\libc.a(lib_a-closer.o)
 .data          0x01219f58        0x0 c:/altera/nios2eds/bin/gnu/h-i686-mingw32/bin/../lib/gcc/nios2-elf/4.1.2/../../../../nios2-elf/lib\libc.a(lib_a-fclose.o)
 .data          0x01219f58        0x0 c:/altera/nios2eds/bin/gnu/h-i686-mingw32/bin/../lib/gcc/nios2-elf/4.1.2/../../../../nios2-elf/lib\libc.a(lib_a-fstatr.o)
 .data          0x01219f58        0x0 c:/altera/nios2eds/bin/gnu/h-i686-mingw32/bin/../lib/gcc/nios2-elf/4.1.2/../../../../nios2-elf/lib\libc.a(lib_a-int_errno.o)
 .data          0x01219f58        0x0 c:/altera/nios2eds/bin/gnu/h-i686-mingw32/bin/../lib/gcc/nios2-elf/4.1.2/../../../../nios2-elf/lib\libc.a(lib_a-isattyr.o)
 .data          0x01219f58        0x0 c:/altera/nios2eds/bin/gnu/h-i686-mingw32/bin/../lib/gcc/nios2-elf/4.1.2/../../../../nios2-elf/lib\libc.a(lib_a-lseekr.o)
 .data          0x01219f58        0x0 c:/altera/nios2eds/bin/gnu/h-i686-mingw32/bin/../lib/gcc/nios2-elf/4.1.2/../../../../nios2-elf/lib\libc.a(lib_a-readr.o)
 .data          0x01219f58        0x0 c:/altera/nios2eds/bin/gnu/h-i686-mingw32/bin/../lib/gcc/nios2-elf/4.1.2\libgcc.a(_udivdi3.o)
 .data          0x01219f58        0x0 c:/altera/nios2eds/bin/gnu/h-i686-mingw32/bin/../lib/gcc/nios2-elf/4.1.2\libgcc.a(_umoddi3.o)
 .data          0x01219f58        0x0 c:/altera/nios2eds/bin/gnu/h-i686-mingw32/bin/../lib/gcc/nios2-elf/4.1.2\libgcc.a(_addsub_df.o)
 .data          0x01219f58        0x0 c:/altera/nios2eds/bin/gnu/h-i686-mingw32/bin/../lib/gcc/nios2-elf/4.1.2\libgcc.a(_mul_df.o)
 .data          0x01219f58        0x0 c:/altera/nios2eds/bin/gnu/h-i686-mingw32/bin/../lib/gcc/nios2-elf/4.1.2\libgcc.a(_div_df.o)
 .data          0x01219f58        0x0 c:/altera/nios2eds/bin/gnu/h-i686-mingw32/bin/../lib/gcc/nios2-elf/4.1.2\libgcc.a(_eq_df.o)
 .data          0x01219f58        0x0 c:/altera/nios2eds/bin/gnu/h-i686-mingw32/bin/../lib/gcc/nios2-elf/4.1.2\libgcc.a(_ne_df.o)
 .data          0x01219f58        0x0 c:/altera/nios2eds/bin/gnu/h-i686-mingw32/bin/../lib/gcc/nios2-elf/4.1.2\libgcc.a(_gt_df.o)
 .data          0x01219f58        0x0 c:/altera/nios2eds/bin/gnu/h-i686-mingw32/bin/../lib/gcc/nios2-elf/4.1.2\libgcc.a(_ge_df.o)
 .data          0x01219f58        0x0 c:/altera/nios2eds/bin/gnu/h-i686-mingw32/bin/../lib/gcc/nios2-elf/4.1.2\libgcc.a(_lt_df.o)
 .data          0x01219f58        0x0 c:/altera/nios2eds/bin/gnu/h-i686-mingw32/bin/../lib/gcc/nios2-elf/4.1.2\libgcc.a(_si_to_df.o)
 .data          0x01219f58        0x0 c:/altera/nios2eds/bin/gnu/h-i686-mingw32/bin/../lib/gcc/nios2-elf/4.1.2\libgcc.a(_df_to_si.o)
 .data          0x01219f58        0x0 c:/altera/nios2eds/bin/gnu/h-i686-mingw32/bin/../lib/gcc/nios2-elf/4.1.2\libgcc.a(_thenan_df.o)
 .data          0x01219f58        0x0 c:/altera/nios2eds/bin/gnu/h-i686-mingw32/bin/../lib/gcc/nios2-elf/4.1.2\libgcc.a(_usi_to_df.o)
 .data          0x01219f58        0x0 c:/altera/nios2eds/bin/gnu/h-i686-mingw32/bin/../lib/gcc/nios2-elf/4.1.2\libgcc.a(lib2-divmod.o)
 .data          0x01219f58        0x0 c:/altera/nios2eds/bin/gnu/h-i686-mingw32/bin/../lib/gcc/nios2-elf/4.1.2\libgcc.a(_muldi3.o)
 .data          0x01219f58        0x0 c:/altera/nios2eds/bin/gnu/h-i686-mingw32/bin/../lib/gcc/nios2-elf/4.1.2\libgcc.a(_clz.o)
 .data          0x01219f58        0x0 c:/altera/nios2eds/bin/gnu/h-i686-mingw32/bin/../lib/gcc/nios2-elf/4.1.2\libgcc.a(_clzsi2.o)
 .data          0x01219f58        0x0 c:/altera/nios2eds/bin/gnu/h-i686-mingw32/bin/../lib/gcc/nios2-elf/4.1.2\libgcc.a(_pack_df.o)
 .data          0x01219f58        0x0 c:/altera/nios2eds/bin/gnu/h-i686-mingw32/bin/../lib/gcc/nios2-elf/4.1.2\libgcc.a(_unpack_df.o)
 .data          0x01219f58        0x0 c:/altera/nios2eds/bin/gnu/h-i686-mingw32/bin/../lib/gcc/nios2-elf/4.1.2\libgcc.a(_fpcmp_parts_df.o)
 .data          0x01219f58        0x0 ../ucosii_tutorial_bsp/\libucosii_bsp.a(alt_close.o)
 .data          0x01219f58      0x1a8 ../ucosii_tutorial_bsp/\libucosii_bsp.a(alt_dev.o)
                0x01219f58                alt_dev_null
                0x01219f80                alt_fd_list
 .data          0x0121a100        0x0 ../ucosii_tutorial_bsp/\libucosii_bsp.a(alt_errno.o)
 .data          0x0121a100        0x0 ../ucosii_tutorial_bsp/\libucosii_bsp.a(alt_exit.o)
 .data          0x0121a100        0x0 ../ucosii_tutorial_bsp/\libucosii_bsp.a(alt_fstat.o)
 .data          0x0121a100        0x0 ../ucosii_tutorial_bsp/\libucosii_bsp.a(alt_irq_register.o)
 .data          0x0121a100        0x0 ../ucosii_tutorial_bsp/\libucosii_bsp.a(alt_irq_vars.o)
 .data          0x0121a100        0x0 ../ucosii_tutorial_bsp/\libucosii_bsp.a(alt_isatty.o)
 .data          0x0121a100        0x0 ../ucosii_tutorial_bsp/\libucosii_bsp.a(alt_lseek.o)
 .data          0x0121a100        0x0 ../ucosii_tutorial_bsp/\libucosii_bsp.a(alt_main.o)
 .data          0x0121a100        0x0 ../ucosii_tutorial_bsp/\libucosii_bsp.a(alt_read.o)
 .data          0x0121a100        0x0 ../ucosii_tutorial_bsp/\libucosii_bsp.a(alt_release_fd.o)
 .data          0x0121a100        0x0 ../ucosii_tutorial_bsp/\libucosii_bsp.a(alt_sbrk.o)
 .data          0x0121a100        0x0 ../ucosii_tutorial_bsp/\libucosii_bsp.a(alt_write.o)
 .data          0x0121a100        0x0 ../ucosii_tutorial_bsp/\libucosii_bsp.a(alt_env_lock.o)
 .data          0x0121a100        0x0 ../ucosii_tutorial_bsp/\libucosii_bsp.a(alt_malloc_lock.o)
 .data          0x0121a100        0x0 ../ucosii_tutorial_bsp/\libucosii_bsp.a(os_core.o)
 .data          0x0121a100        0x0 ../ucosii_tutorial_bsp/\libucosii_bsp.a(os_dbg.o)
 .data          0x0121a100        0x0 ../ucosii_tutorial_bsp/\libucosii_bsp.a(os_flag.o)
 .data          0x0121a100        0x0 ../ucosii_tutorial_bsp/\libucosii_bsp.a(os_mem.o)
 .data          0x0121a100        0x0 ../ucosii_tutorial_bsp/\libucosii_bsp.a(os_q.o)
 .data          0x0121a100        0x0 ../ucosii_tutorial_bsp/\libucosii_bsp.a(os_sem.o)
 .data          0x0121a100        0x0 ../ucosii_tutorial_bsp/\libucosii_bsp.a(os_task.o)
 .data          0x0121a100        0x0 ../ucosii_tutorial_bsp/\libucosii_bsp.a(os_time.o)
 .data          0x0121a100     0x1144 ../ucosii_tutorial_bsp/\libucosii_bsp.a(alt_sys_init.o)
 .data          0x0121b244        0x0 ../ucosii_tutorial_bsp/\libucosii_bsp.a(altera_avalon_cfi_flash.o)
 .data          0x0121b244        0x0 ../ucosii_tutorial_bsp/\libucosii_bsp.a(altera_avalon_cfi_flash_table.o)
 .data          0x0121b244        0x0 ../ucosii_tutorial_bsp/\libucosii_bsp.a(altera_avalon_jtag_uart_fd.o)
 .data          0x0121b244        0x0 ../ucosii_tutorial_bsp/\libucosii_bsp.a(altera_avalon_jtag_uart_init.o)
 .data          0x0121b244        0x0 ../ucosii_tutorial_bsp/\libucosii_bsp.a(altera_avalon_jtag_uart_ioctl.o)
 .data          0x0121b244        0x0 ../ucosii_tutorial_bsp/\libucosii_bsp.a(altera_avalon_jtag_uart_read.o)
 .data          0x0121b244        0x0 ../ucosii_tutorial_bsp/\libucosii_bsp.a(altera_avalon_jtag_uart_write.o)
 .data          0x0121b244        0x0 ../ucosii_tutorial_bsp/\libucosii_bsp.a(altera_avalon_timer_sc.o)
 .data          0x0121b244        0x0 ../ucosii_tutorial_bsp/\libucosii_bsp.a(alt_alarm_start.o)
 .data          0x0121b244        0x0 ../ucosii_tutorial_bsp/\libucosii_bsp.a(alt_dcache_flush.o)
 .data          0x0121b244        0x0 ../ucosii_tutorial_bsp/\libucosii_bsp.a(alt_dev_llist_insert.o)
 .data          0x0121b244        0x0 ../ucosii_tutorial_bsp/\libucosii_bsp.a(alt_do_ctors.o)
 .data          0x0121b244        0x0 ../ucosii_tutorial_bsp/\libucosii_bsp.a(alt_do_dtors.o)
 .data          0x0121b244        0x0 ../ucosii_tutorial_bsp/\libucosii_bsp.a(alt_flash_dev.o)
 .data          0x0121b244        0x0 ../ucosii_tutorial_bsp/\libucosii_bsp.a(alt_iic.o)
 .data          0x0121b244        0x0 ../ucosii_tutorial_bsp/\libucosii_bsp.a(alt_iic_isr_register.o)
 .data          0x0121b244        0x0 ../ucosii_tutorial_bsp/\libucosii_bsp.a(alt_io_redirect.o)
 .data          0x0121b244        0x0 ../ucosii_tutorial_bsp/\libucosii_bsp.a(alt_irq_entry.o)
 .data          0x0121b244        0x0 ../ucosii_tutorial_bsp/\libucosii_bsp.a(alt_irq_handler.o)
 .data          0x0121b244        0x0 ../ucosii_tutorial_bsp/\libucosii_bsp.a(alt_open.o)
 .data          0x0121b244        0x0 ../ucosii_tutorial_bsp/\libucosii_bsp.a(alt_tick.o)
 .data          0x0121b244        0x0 ../ucosii_tutorial_bsp/\libucosii_bsp.a(altera_nios2_qsys_irq.o)
 .data          0x0121b244        0x0 ../ucosii_tutorial_bsp/\libucosii_bsp.a(os_cpu_a.o)
 .data          0x0121b244        0x0 ../ucosii_tutorial_bsp/\libucosii_bsp.a(os_cpu_c.o)
 .data          0x0121b244        0x0 ../ucosii_tutorial_bsp/\libucosii_bsp.a(altera_avalon_cfi_flash_amd.o)
 .data          0x0121b244        0x0 ../ucosii_tutorial_bsp/\libucosii_bsp.a(altera_avalon_cfi_flash_intel.o)
 .data          0x0121b244        0x0 ../ucosii_tutorial_bsp/\libucosii_bsp.a(alt_exception_entry.o)
 .data          0x0121b244        0x0 ../ucosii_tutorial_bsp/\libucosii_bsp.a(alt_find_dev.o)
 .data          0x0121b244        0x0 ../ucosii_tutorial_bsp/\libucosii_bsp.a(alt_find_file.o)
 .data          0x0121b244        0x0 ../ucosii_tutorial_bsp/\libucosii_bsp.a(alt_get_fd.o)
 .data          0x0121b244        0x0 ../ucosii_tutorial_bsp/\libucosii_bsp.a(alt_usleep.o)
 .data          0x0121b244        0x0 ../ucosii_tutorial_bsp/\libucosii_bsp.a(alt_busy_sleep.o)
 .data          0x0121b244        0x0 c:/altera/nios2eds/bin/gnu/h-i686-mingw32/bin/../lib/gcc/nios2-elf/4.1.2/../../../../nios2-elf/lib\libc.a(lib_a-atexit.o)
 .data          0x0121b244        0x0 c:/altera/nios2eds/bin/gnu/h-i686-mingw32/bin/../lib/gcc/nios2-elf/4.1.2/../../../../nios2-elf/lib\libc.a(lib_a-memcmp.o)
 .data          0x0121b244        0x0 c:/altera/nios2eds/bin/gnu/h-i686-mingw32/bin/../lib/gcc/nios2-elf/4.1.2/../../../../nios2-elf/lib\libc.a(lib_a-__atexit.o)
 .data          0x0121b244        0x0 c:/altera/nios2eds/bin/gnu/h-i686-mingw32/bin/../lib/gcc/nios2-elf/4.1.2\libgcc.a(_fixunsdfsi.o)
                0x01223244                _gp = ABSOLUTE ((. + 0x8000))
                0x01223244                PROVIDE (gp, _gp)
 *(.rwdata .rwdata.*)
 *(.sdata .sdata.* .gnu.linkonce.s.*)
 .sdata         0x0121b244        0x8 c:/altera/nios2eds/bin/gnu/h-i686-mingw32/bin/../lib/gcc/nios2-elf/4.1.2/../../../../nios2-elf/lib\libc.a(lib_a-impure.o)
                0x0121b244                _impure_ptr
                0x0121b248                _global_impure_ptr
 .sdata         0x0121b24c        0x8 c:/altera/nios2eds/bin/gnu/h-i686-mingw32/bin/../lib/gcc/nios2-elf/4.1.2/../../../../nios2-elf/lib\libc.a(lib_a-locale.o)
                0x0121b24c                __mb_cur_max
 .sdata         0x0121b254        0x8 c:/altera/nios2eds/bin/gnu/h-i686-mingw32/bin/../lib/gcc/nios2-elf/4.1.2/../../../../nios2-elf/lib\libc.a(lib_a-mallocr.o)
                0x0121b254                __malloc_trim_threshold
                0x0121b258                __malloc_sbrk_base
 .sdata         0x0121b25c       0x14 ../ucosii_tutorial_bsp/\libucosii_bsp.a(alt_dev.o)
                0x0121b25c                alt_fs_list
                0x0121b264                alt_dev_list
                0x0121b26c                alt_max_fd
 .sdata         0x0121b270        0x4 ../ucosii_tutorial_bsp/\libucosii_bsp.a(alt_errno.o)
                0x0121b270                alt_errno
 .sdata         0x0121b274        0x4 ../ucosii_tutorial_bsp/\libucosii_bsp.a(alt_irq_vars.o)
                0x0121b274                alt_priority_mask
 .sdata         0x0121b278        0x4 ../ucosii_tutorial_bsp/\libucosii_bsp.a(alt_sbrk.o)
 .sdata         0x0121b27c        0x4 ../ucosii_tutorial_bsp/\libucosii_bsp.a(alt_env_lock.o)
 .sdata         0x0121b280        0x4 ../ucosii_tutorial_bsp/\libucosii_bsp.a(alt_malloc_lock.o)
 .sdata         0x0121b284       0x74 ../ucosii_tutorial_bsp/\libucosii_bsp.a(os_dbg.o)
                0x0121b284                OSDebugEn
                0x0121b288                OSEndiannessTest
                0x0121b28c                OSEventEn
                0x0121b28e                OSEventMax
                0x0121b290                OSEventNameSize
                0x0121b292                OSEventSize
                0x0121b294                OSEventTblSize
                0x0121b296                OSEventMultiEn
                0x0121b298                OSFlagEn
                0x0121b29a                OSFlagGrpSize
                0x0121b29c                OSFlagNodeSize
                0x0121b29e                OSFlagWidth
                0x0121b2a0                OSFlagMax
                0x0121b2a2                OSFlagNameSize
                0x0121b2a4                OSLowestPrio
                0x0121b2a6                OSMboxEn
                0x0121b2a8                OSMemEn
                0x0121b2aa                OSMemMax
                0x0121b2ac                OSMemNameSize
                0x0121b2ae                OSMemSize
                0x0121b2b0                OSMemTblSize
                0x0121b2b2                OSMutexEn
                0x0121b2b4                OSPtrSize
                0x0121b2b6                OSQEn
                0x0121b2b8                OSQMax
                0x0121b2ba                OSQSize
                0x0121b2bc                OSRdyTblSize
                0x0121b2be                OSSemEn
                0x0121b2c0                OSStkWidth
                0x0121b2c2                OSTaskCreateEn
                0x0121b2c4                OSTaskCreateExtEn
                0x0121b2c6                OSTaskDelEn
                0x0121b2c8                OSTaskIdleStkSize
                0x0121b2ca                OSTaskProfileEn
                0x0121b2cc                OSTaskMax
                0x0121b2ce                OSTaskNameSize
                0x0121b2d0                OSTaskStatEn
                0x0121b2d2                OSTaskStatStkSize
                0x0121b2d4                OSTaskStatStkChkEn
                0x0121b2d6                OSTaskSwHookEn
                0x0121b2d8                OSTCBPrioTblMax
                0x0121b2da                OSTCBSize
                0x0121b2dc                OSTicksPerSec
                0x0121b2de                OSTimeTickHookEn
                0x0121b2e0                OSVersionNbr
                0x0121b2e2                OSTmrEn
                0x0121b2e4                OSTmrCfgMax
                0x0121b2e6                OSTmrCfgNameSize
                0x0121b2e8                OSTmrCfgWheelSize
                0x0121b2ea                OSTmrCfgTicksPerSec
                0x0121b2ec                OSTmrSize
                0x0121b2ee                OSTmrTblSize
                0x0121b2f0                OSTmrWheelSize
                0x0121b2f2                OSTmrWheelTblSize
                0x0121b2f4                OSDataSize
 .sdata         0x0121b2f8        0x8 ../ucosii_tutorial_bsp/\libucosii_bsp.a(alt_flash_dev.o)
                0x0121b2f8                alt_flash_dev_list
 .sdata         0x0121b300        0x8 ../ucosii_tutorial_bsp/\libucosii_bsp.a(alt_tick.o)
                0x0121b300                alt_alarm_list
 *(.sdata2 .sdata2.* .gnu.linkonce.s2.*)
                0x0121b308                . = ALIGN (0x4)
                0x0121b308                _edata = ABSOLUTE (.)
                0x0121b308                PROVIDE (edata, ABSOLUTE (.))
                0x0121b308                PROVIDE (__ram_rwdata_end, ABSOLUTE (.))
                0x01219744                PROVIDE (__flash_rwdata_start, LOADADDR (.rwdata))

.bss            0x0121b308     0xa61c
                0x0121b308                __bss_start = ABSOLUTE (.)
                0x0121b308                PROVIDE (__sbss_start, ABSOLUTE (.))
                0x0121b308                PROVIDE (___sbss_start, ABSOLUTE (.))
 *(.dynsbss)
 *(.sbss .sbss.* .gnu.linkonce.sb.*)
 .sbss          0x0121b308       0x14 obj/default/ucosii_tutorial.o
                0x0121b308                number_of_messages_sent
                0x0121b30c                number_of_messages_received_task1
                0x0121b310                number_of_messages_received_task2
                0x0121b314                getsem_task1_got_sem
                0x0121b318                getsem_task2_got_sem
 .sbss          0x0121b31c        0x8 obj/default/ucosii_tutorial.o
                0x0121b31c                msgqueue
                0x0121b320                shared_resource_sem
 .sbss          0x0121b324        0xc c:/altera/nios2eds/bin/gnu/h-i686-mingw32/bin/../lib/gcc/nios2-elf/4.1.2/../../../../nios2-elf/lib\libc.a(lib_a-locale.o)
                0x0121b324                __nlocale_changed
                0x0121b328                __mlocale_changed
                0x0121b32c                _PathLocale
 .sbss          0x0121b330        0xc c:/altera/nios2eds/bin/gnu/h-i686-mingw32/bin/../lib/gcc/nios2-elf/4.1.2/../../../../nios2-elf/lib\libc.a(lib_a-mallocr.o)
                0x0121b330                __malloc_top_pad
                0x0121b334                __malloc_max_sbrked_mem
                0x0121b338                __malloc_max_total_mem
 .sbss          0x0121b33c        0x4 c:/altera/nios2eds/bin/gnu/h-i686-mingw32/bin/../lib/gcc/nios2-elf/4.1.2/../../../../nios2-elf/lib\libc.a(lib_a-int_errno.o)
                0x0121b33c                errno
 .sbss          0x0121b340        0x4 ../ucosii_tutorial_bsp/\libucosii_bsp.a(alt_dev.o)
                0x0121b340                alt_fd_list_lock
 .sbss          0x0121b344        0x4 ../ucosii_tutorial_bsp/\libucosii_bsp.a(alt_irq_vars.o)
                0x0121b344                alt_irq_active
 .sbss          0x0121b348        0xc ../ucosii_tutorial_bsp/\libucosii_bsp.a(alt_main.o)
                0x0121b348                alt_argc
                0x0121b34c                alt_argv
                0x0121b350                alt_envp
 .sbss          0x0121b354        0x8 ../ucosii_tutorial_bsp/\libucosii_bsp.a(alt_env_lock.o)
                0x0121b358                alt_envsem
 .sbss          0x0121b35c        0x8 ../ucosii_tutorial_bsp/\libucosii_bsp.a(alt_malloc_lock.o)
                0x0121b360                alt_heapsem
 .sbss          0x0121b364       0x50 ../ucosii_tutorial_bsp/\libucosii_bsp.a(os_core.o)
                0x0121b364                OSLockNesting
                0x0121b365                OSRunning
                0x0121b368                OSIdleCtr
                0x0121b36c                OSPrioHighRdy
                0x0121b36d                OSPrioCur
                0x0121b370                OSTCBList
                0x0121b374                OSTickStepState
                0x0121b378                OSCtxSwCtr
                0x0121b37c                OSIdleCtrMax
                0x0121b380                OSTCBFreeList
                0x0121b384                OSCPUUsage
                0x0121b385                OSTaskCtr
                0x0121b388                OSMemFreeList
                0x0121b38c                OSTCBHighRdy
                0x0121b390                OSQFreeList
                0x0121b394                OSRdyGrp
                0x0121b395                OSRdyTbl
                0x0121b398                OSEventFreeList
                0x0121b39c                OSIntNesting
                0x0121b3a0                OSTCBCur
                0x0121b3a4                OSTime
                0x0121b3a8                OSFlagFreeList
                0x0121b3ac                OSStatRdy
                0x0121b3b0                OSIdleCtrRun
 .sbss          0x0121b3b4        0x8 ../ucosii_tutorial_bsp/\libucosii_bsp.a(alt_tick.o)
                0x0121b3b4                _alt_tick_rate
                0x0121b3b8                _alt_nticks
 *(.sbss2 .sbss2.* .gnu.linkonce.sb2.*)
 *(.scommon)
                0x0121b3bc                PROVIDE (__sbss_end, ABSOLUTE (.))
                0x0121b3bc                PROVIDE (___sbss_end, ABSOLUTE (.))
 *(.dynbss)
 *(.bss .bss.* .gnu.linkonce.b.*)
 .bss           0x0121b3bc        0x0 ../ucosii_tutorial_bsp//obj/HAL/src/crt0.o
 .bss           0x0121b3bc        0x0 obj/default/alt_ucosii_simple_error_check.o
 .bss           0x0121b3bc        0x0 obj/default/ucosii_tutorial.o
 .bss           0x0121b3bc        0x0 c:/altera/nios2eds/bin/gnu/h-i686-mingw32/bin/../lib/gcc/nios2-elf/4.1.2/../../../../nios2-elf/lib\libc.a(lib_a-exit.o)
 .bss           0x0121b3bc        0x0 c:/altera/nios2eds/bin/gnu/h-i686-mingw32/bin/../lib/gcc/nios2-elf/4.1.2/../../../../nios2-elf/lib\libc.a(lib_a-fprintf.o)
 .bss           0x0121b3bc        0x0 c:/altera/nios2eds/bin/gnu/h-i686-mingw32/bin/../lib/gcc/nios2-elf/4.1.2/../../../../nios2-elf/lib\libc.a(lib_a-fwrite.o)
 .bss           0x0121b3bc        0x0 c:/altera/nios2eds/bin/gnu/h-i686-mingw32/bin/../lib/gcc/nios2-elf/4.1.2/../../../../nios2-elf/lib\libc.a(lib_a-impure.o)
 .bss           0x0121b3bc        0x0 c:/altera/nios2eds/bin/gnu/h-i686-mingw32/bin/../lib/gcc/nios2-elf/4.1.2/../../../../nios2-elf/lib\libc.a(lib_a-printf.o)
 .bss           0x0121b3bc        0x0 c:/altera/nios2eds/bin/gnu/h-i686-mingw32/bin/../lib/gcc/nios2-elf/4.1.2/../../../../nios2-elf/lib\libc.a(lib_a-putchar.o)
 .bss           0x0121b3bc        0x0 c:/altera/nios2eds/bin/gnu/h-i686-mingw32/bin/../lib/gcc/nios2-elf/4.1.2/../../../../nios2-elf/lib\libc.a(lib_a-puts.o)
 .bss           0x0121b3bc        0x0 c:/altera/nios2eds/bin/gnu/h-i686-mingw32/bin/../lib/gcc/nios2-elf/4.1.2/../../../../nios2-elf/lib\libc.a(lib_a-strlen.o)
 .bss           0x0121b3bc        0x0 c:/altera/nios2eds/bin/gnu/h-i686-mingw32/bin/../lib/gcc/nios2-elf/4.1.2/../../../../nios2-elf/lib\libc.a(lib_a-vfprintf.o)
 .bss           0x0121b3bc        0x0 c:/altera/nios2eds/bin/gnu/h-i686-mingw32/bin/../lib/gcc/nios2-elf/4.1.2/../../../../nios2-elf/lib\libc.a(lib_a-wsetup.o)
 .bss           0x0121b3bc        0x0 c:/altera/nios2eds/bin/gnu/h-i686-mingw32/bin/../lib/gcc/nios2-elf/4.1.2/../../../../nios2-elf/lib\libc.a(lib_a-__call_atexit.o)
 .bss           0x0121b3bc        0x0 c:/altera/nios2eds/bin/gnu/h-i686-mingw32/bin/../lib/gcc/nios2-elf/4.1.2/../../../../nios2-elf/lib\libc.a(lib_a-dtoa.o)
 .bss           0x0121b3bc        0x0 c:/altera/nios2eds/bin/gnu/h-i686-mingw32/bin/../lib/gcc/nios2-elf/4.1.2/../../../../nios2-elf/lib\libc.a(lib_a-fflush.o)
 .bss           0x0121b3bc        0x0 c:/altera/nios2eds/bin/gnu/h-i686-mingw32/bin/../lib/gcc/nios2-elf/4.1.2/../../../../nios2-elf/lib\libc.a(lib_a-findfp.o)
 .bss           0x0121b3bc        0x0 c:/altera/nios2eds/bin/gnu/h-i686-mingw32/bin/../lib/gcc/nios2-elf/4.1.2/../../../../nios2-elf/lib\libc.a(lib_a-freer.o)
 .bss           0x0121b3bc        0x0 c:/altera/nios2eds/bin/gnu/h-i686-mingw32/bin/../lib/gcc/nios2-elf/4.1.2/../../../../nios2-elf/lib\libc.a(lib_a-fvwrite.o)
 .bss           0x0121b3bc        0x0 c:/altera/nios2eds/bin/gnu/h-i686-mingw32/bin/../lib/gcc/nios2-elf/4.1.2/../../../../nios2-elf/lib\libc.a(lib_a-fwalk.o)
 .bss           0x0121b3bc        0x0 c:/altera/nios2eds/bin/gnu/h-i686-mingw32/bin/../lib/gcc/nios2-elf/4.1.2/../../../../nios2-elf/lib\libc.a(lib_a-locale.o)
 .bss           0x0121b3bc        0x0 c:/altera/nios2eds/bin/gnu/h-i686-mingw32/bin/../lib/gcc/nios2-elf/4.1.2/../../../../nios2-elf/lib\libc.a(lib_a-makebuf.o)
 .bss           0x0121b3bc       0x28 c:/altera/nios2eds/bin/gnu/h-i686-mingw32/bin/../lib/gcc/nios2-elf/4.1.2/../../../../nios2-elf/lib\libc.a(lib_a-mallocr.o)
                0x0121b3bc                __malloc_current_mallinfo
 .bss           0x0121b3e4        0x0 c:/altera/nios2eds/bin/gnu/h-i686-mingw32/bin/../lib/gcc/nios2-elf/4.1.2/../../../../nios2-elf/lib\libc.a(lib_a-memchr.o)
 .bss           0x0121b3e4        0x0 c:/altera/nios2eds/bin/gnu/h-i686-mingw32/bin/../lib/gcc/nios2-elf/4.1.2/../../../../nios2-elf/lib\libc.a(lib_a-memcpy.o)
 .bss           0x0121b3e4        0x0 c:/altera/nios2eds/bin/gnu/h-i686-mingw32/bin/../lib/gcc/nios2-elf/4.1.2/../../../../nios2-elf/lib\libc.a(lib_a-memmove.o)
 .bss           0x0121b3e4        0x0 c:/altera/nios2eds/bin/gnu/h-i686-mingw32/bin/../lib/gcc/nios2-elf/4.1.2/../../../../nios2-elf/lib\libc.a(lib_a-memset.o)
 .bss           0x0121b3e4        0x0 c:/altera/nios2eds/bin/gnu/h-i686-mingw32/bin/../lib/gcc/nios2-elf/4.1.2/../../../../nios2-elf/lib\libc.a(lib_a-mprec.o)
 .bss           0x0121b3e4        0x0 c:/altera/nios2eds/bin/gnu/h-i686-mingw32/bin/../lib/gcc/nios2-elf/4.1.2/../../../../nios2-elf/lib\libc.a(lib_a-putc.o)
 .bss           0x0121b3e4        0x0 c:/altera/nios2eds/bin/gnu/h-i686-mingw32/bin/../lib/gcc/nios2-elf/4.1.2/../../../../nios2-elf/lib\libc.a(lib_a-reallocr.o)
 .bss           0x0121b3e4        0x0 c:/altera/nios2eds/bin/gnu/h-i686-mingw32/bin/../lib/gcc/nios2-elf/4.1.2/../../../../nios2-elf/lib\libc.a(lib_a-s_isinfd.o)
 .bss           0x0121b3e4        0x0 c:/altera/nios2eds/bin/gnu/h-i686-mingw32/bin/../lib/gcc/nios2-elf/4.1.2/../../../../nios2-elf/lib\libc.a(lib_a-s_isnand.o)
 .bss           0x0121b3e4        0x0 c:/altera/nios2eds/bin/gnu/h-i686-mingw32/bin/../lib/gcc/nios2-elf/4.1.2/../../../../nios2-elf/lib\libc.a(lib_a-sbrkr.o)
 .bss           0x0121b3e4        0x0 c:/altera/nios2eds/bin/gnu/h-i686-mingw32/bin/../lib/gcc/nios2-elf/4.1.2/../../../../nios2-elf/lib\libc.a(lib_a-stdio.o)
 .bss           0x0121b3e4        0x0 c:/altera/nios2eds/bin/gnu/h-i686-mingw32/bin/../lib/gcc/nios2-elf/4.1.2/../../../../nios2-elf/lib\libc.a(lib_a-strcmp.o)
 .bss           0x0121b3e4        0x0 c:/altera/nios2eds/bin/gnu/h-i686-mingw32/bin/../lib/gcc/nios2-elf/4.1.2/../../../../nios2-elf/lib\libc.a(lib_a-wbuf.o)
 .bss           0x0121b3e4        0x0 c:/altera/nios2eds/bin/gnu/h-i686-mingw32/bin/../lib/gcc/nios2-elf/4.1.2/../../../../nios2-elf/lib\libc.a(lib_a-writer.o)
 .bss           0x0121b3e4        0x0 c:/altera/nios2eds/bin/gnu/h-i686-mingw32/bin/../lib/gcc/nios2-elf/4.1.2/../../../../nios2-elf/lib\libc.a(lib_a-callocr.o)
 .bss           0x0121b3e4        0x0 c:/altera/nios2eds/bin/gnu/h-i686-mingw32/bin/../lib/gcc/nios2-elf/4.1.2/../../../../nios2-elf/lib\libc.a(lib_a-closer.o)
 .bss           0x0121b3e4        0x0 c:/altera/nios2eds/bin/gnu/h-i686-mingw32/bin/../lib/gcc/nios2-elf/4.1.2/../../../../nios2-elf/lib\libc.a(lib_a-fclose.o)
 .bss           0x0121b3e4        0x0 c:/altera/nios2eds/bin/gnu/h-i686-mingw32/bin/../lib/gcc/nios2-elf/4.1.2/../../../../nios2-elf/lib\libc.a(lib_a-fstatr.o)
 .bss           0x0121b3e4        0x0 c:/altera/nios2eds/bin/gnu/h-i686-mingw32/bin/../lib/gcc/nios2-elf/4.1.2/../../../../nios2-elf/lib\libc.a(lib_a-int_errno.o)
 .bss           0x0121b3e4        0x0 c:/altera/nios2eds/bin/gnu/h-i686-mingw32/bin/../lib/gcc/nios2-elf/4.1.2/../../../../nios2-elf/lib\libc.a(lib_a-isattyr.o)
 .bss           0x0121b3e4        0x0 c:/altera/nios2eds/bin/gnu/h-i686-mingw32/bin/../lib/gcc/nios2-elf/4.1.2/../../../../nios2-elf/lib\libc.a(lib_a-lseekr.o)
 .bss           0x0121b3e4        0x0 c:/altera/nios2eds/bin/gnu/h-i686-mingw32/bin/../lib/gcc/nios2-elf/4.1.2/../../../../nios2-elf/lib\libc.a(lib_a-readr.o)
 .bss           0x0121b3e4        0x0 c:/altera/nios2eds/bin/gnu/h-i686-mingw32/bin/../lib/gcc/nios2-elf/4.1.2\libgcc.a(_udivdi3.o)
 .bss           0x0121b3e4        0x0 c:/altera/nios2eds/bin/gnu/h-i686-mingw32/bin/../lib/gcc/nios2-elf/4.1.2\libgcc.a(_umoddi3.o)
 .bss           0x0121b3e4        0x0 c:/altera/nios2eds/bin/gnu/h-i686-mingw32/bin/../lib/gcc/nios2-elf/4.1.2\libgcc.a(_addsub_df.o)
 .bss           0x0121b3e4        0x0 c:/altera/nios2eds/bin/gnu/h-i686-mingw32/bin/../lib/gcc/nios2-elf/4.1.2\libgcc.a(_mul_df.o)
 .bss           0x0121b3e4        0x0 c:/altera/nios2eds/bin/gnu/h-i686-mingw32/bin/../lib/gcc/nios2-elf/4.1.2\libgcc.a(_div_df.o)
 .bss           0x0121b3e4        0x0 c:/altera/nios2eds/bin/gnu/h-i686-mingw32/bin/../lib/gcc/nios2-elf/4.1.2\libgcc.a(_eq_df.o)
 .bss           0x0121b3e4        0x0 c:/altera/nios2eds/bin/gnu/h-i686-mingw32/bin/../lib/gcc/nios2-elf/4.1.2\libgcc.a(_ne_df.o)
 .bss           0x0121b3e4        0x0 c:/altera/nios2eds/bin/gnu/h-i686-mingw32/bin/../lib/gcc/nios2-elf/4.1.2\libgcc.a(_gt_df.o)
 .bss           0x0121b3e4        0x0 c:/altera/nios2eds/bin/gnu/h-i686-mingw32/bin/../lib/gcc/nios2-elf/4.1.2\libgcc.a(_ge_df.o)
 .bss           0x0121b3e4        0x0 c:/altera/nios2eds/bin/gnu/h-i686-mingw32/bin/../lib/gcc/nios2-elf/4.1.2\libgcc.a(_lt_df.o)
 .bss           0x0121b3e4        0x0 c:/altera/nios2eds/bin/gnu/h-i686-mingw32/bin/../lib/gcc/nios2-elf/4.1.2\libgcc.a(_si_to_df.o)
 .bss           0x0121b3e4        0x0 c:/altera/nios2eds/bin/gnu/h-i686-mingw32/bin/../lib/gcc/nios2-elf/4.1.2\libgcc.a(_df_to_si.o)
 .bss           0x0121b3e4        0x0 c:/altera/nios2eds/bin/gnu/h-i686-mingw32/bin/../lib/gcc/nios2-elf/4.1.2\libgcc.a(_thenan_df.o)
 .bss           0x0121b3e4        0x0 c:/altera/nios2eds/bin/gnu/h-i686-mingw32/bin/../lib/gcc/nios2-elf/4.1.2\libgcc.a(_usi_to_df.o)
 .bss           0x0121b3e4        0x0 c:/altera/nios2eds/bin/gnu/h-i686-mingw32/bin/../lib/gcc/nios2-elf/4.1.2\libgcc.a(lib2-divmod.o)
 .bss           0x0121b3e4        0x0 c:/altera/nios2eds/bin/gnu/h-i686-mingw32/bin/../lib/gcc/nios2-elf/4.1.2\libgcc.a(_muldi3.o)
 .bss           0x0121b3e4        0x0 c:/altera/nios2eds/bin/gnu/h-i686-mingw32/bin/../lib/gcc/nios2-elf/4.1.2\libgcc.a(_clz.o)
 .bss           0x0121b3e4        0x0 c:/altera/nios2eds/bin/gnu/h-i686-mingw32/bin/../lib/gcc/nios2-elf/4.1.2\libgcc.a(_clzsi2.o)
 .bss           0x0121b3e4        0x0 c:/altera/nios2eds/bin/gnu/h-i686-mingw32/bin/../lib/gcc/nios2-elf/4.1.2\libgcc.a(_pack_df.o)
 .bss           0x0121b3e4        0x0 c:/altera/nios2eds/bin/gnu/h-i686-mingw32/bin/../lib/gcc/nios2-elf/4.1.2\libgcc.a(_unpack_df.o)
 .bss           0x0121b3e4        0x0 c:/altera/nios2eds/bin/gnu/h-i686-mingw32/bin/../lib/gcc/nios2-elf/4.1.2\libgcc.a(_fpcmp_parts_df.o)
 .bss           0x0121b3e4        0x0 ../ucosii_tutorial_bsp/\libucosii_bsp.a(alt_close.o)
 .bss           0x0121b3e4        0x0 ../ucosii_tutorial_bsp/\libucosii_bsp.a(alt_dev.o)
 .bss           0x0121b3e4        0x0 ../ucosii_tutorial_bsp/\libucosii_bsp.a(alt_errno.o)
 .bss           0x0121b3e4        0x0 ../ucosii_tutorial_bsp/\libucosii_bsp.a(alt_exit.o)
 .bss           0x0121b3e4        0x0 ../ucosii_tutorial_bsp/\libucosii_bsp.a(alt_fstat.o)
 .bss           0x0121b3e4        0x0 ../ucosii_tutorial_bsp/\libucosii_bsp.a(alt_irq_register.o)
 .bss           0x0121b3e4        0x0 ../ucosii_tutorial_bsp/\libucosii_bsp.a(alt_irq_vars.o)
 .bss           0x0121b3e4        0x0 ../ucosii_tutorial_bsp/\libucosii_bsp.a(alt_isatty.o)
 .bss           0x0121b3e4        0x0 ../ucosii_tutorial_bsp/\libucosii_bsp.a(alt_lseek.o)
 .bss           0x0121b3e4        0x0 ../ucosii_tutorial_bsp/\libucosii_bsp.a(alt_main.o)
 .bss           0x0121b3e4        0x0 ../ucosii_tutorial_bsp/\libucosii_bsp.a(alt_read.o)
 .bss           0x0121b3e4        0x0 ../ucosii_tutorial_bsp/\libucosii_bsp.a(alt_release_fd.o)
 .bss           0x0121b3e4        0x0 ../ucosii_tutorial_bsp/\libucosii_bsp.a(alt_sbrk.o)
 .bss           0x0121b3e4        0x0 ../ucosii_tutorial_bsp/\libucosii_bsp.a(alt_write.o)
 .bss           0x0121b3e4        0x0 ../ucosii_tutorial_bsp/\libucosii_bsp.a(alt_env_lock.o)
 .bss           0x0121b3e4        0x0 ../ucosii_tutorial_bsp/\libucosii_bsp.a(alt_malloc_lock.o)
 .bss           0x0121b3e4        0x0 ../ucosii_tutorial_bsp/\libucosii_bsp.a(os_core.o)
 .bss           0x0121b3e4        0x0 ../ucosii_tutorial_bsp/\libucosii_bsp.a(os_dbg.o)
 .bss           0x0121b3e4        0x0 ../ucosii_tutorial_bsp/\libucosii_bsp.a(os_flag.o)
 .bss           0x0121b3e4        0x0 ../ucosii_tutorial_bsp/\libucosii_bsp.a(os_mem.o)
 .bss           0x0121b3e4        0x0 ../ucosii_tutorial_bsp/\libucosii_bsp.a(os_q.o)
 .bss           0x0121b3e4        0x0 ../ucosii_tutorial_bsp/\libucosii_bsp.a(os_sem.o)
 .bss           0x0121b3e4        0x0 ../ucosii_tutorial_bsp/\libucosii_bsp.a(os_task.o)
 .bss           0x0121b3e4        0x0 ../ucosii_tutorial_bsp/\libucosii_bsp.a(os_time.o)
 .bss           0x0121b3e4        0x0 ../ucosii_tutorial_bsp/\libucosii_bsp.a(alt_sys_init.o)
 .bss           0x0121b3e4        0x0 ../ucosii_tutorial_bsp/\libucosii_bsp.a(altera_avalon_cfi_flash.o)
 .bss           0x0121b3e4        0x0 ../ucosii_tutorial_bsp/\libucosii_bsp.a(altera_avalon_cfi_flash_table.o)
 .bss           0x0121b3e4        0x0 ../ucosii_tutorial_bsp/\libucosii_bsp.a(altera_avalon_jtag_uart_fd.o)
 .bss           0x0121b3e4        0x0 ../ucosii_tutorial_bsp/\libucosii_bsp.a(altera_avalon_jtag_uart_init.o)
 .bss           0x0121b3e4        0x0 ../ucosii_tutorial_bsp/\libucosii_bsp.a(altera_avalon_jtag_uart_ioctl.o)
 .bss           0x0121b3e4        0x0 ../ucosii_tutorial_bsp/\libucosii_bsp.a(altera_avalon_jtag_uart_read.o)
 .bss           0x0121b3e4        0x0 ../ucosii_tutorial_bsp/\libucosii_bsp.a(altera_avalon_jtag_uart_write.o)
 .bss           0x0121b3e4        0x0 ../ucosii_tutorial_bsp/\libucosii_bsp.a(altera_avalon_timer_sc.o)
 .bss           0x0121b3e4        0x0 ../ucosii_tutorial_bsp/\libucosii_bsp.a(alt_alarm_start.o)
 .bss           0x0121b3e4        0x0 ../ucosii_tutorial_bsp/\libucosii_bsp.a(alt_dcache_flush.o)
 .bss           0x0121b3e4        0x0 ../ucosii_tutorial_bsp/\libucosii_bsp.a(alt_dev_llist_insert.o)
 .bss           0x0121b3e4        0x0 ../ucosii_tutorial_bsp/\libucosii_bsp.a(alt_do_ctors.o)
 .bss           0x0121b3e4        0x0 ../ucosii_tutorial_bsp/\libucosii_bsp.a(alt_do_dtors.o)
 .bss           0x0121b3e4        0x0 ../ucosii_tutorial_bsp/\libucosii_bsp.a(alt_flash_dev.o)
 .bss           0x0121b3e4        0x0 ../ucosii_tutorial_bsp/\libucosii_bsp.a(alt_iic.o)
 .bss           0x0121b3e4        0x0 ../ucosii_tutorial_bsp/\libucosii_bsp.a(alt_iic_isr_register.o)
 .bss           0x0121b3e4        0x0 ../ucosii_tutorial_bsp/\libucosii_bsp.a(alt_io_redirect.o)
 .bss           0x0121b3e4        0x0 ../ucosii_tutorial_bsp/\libucosii_bsp.a(alt_irq_entry.o)
 .bss           0x0121b3e4        0x0 ../ucosii_tutorial_bsp/\libucosii_bsp.a(alt_irq_handler.o)
 .bss           0x0121b3e4        0x0 ../ucosii_tutorial_bsp/\libucosii_bsp.a(alt_open.o)
 .bss           0x0121b3e4        0x0 ../ucosii_tutorial_bsp/\libucosii_bsp.a(alt_tick.o)
 .bss           0x0121b3e4        0x0 ../ucosii_tutorial_bsp/\libucosii_bsp.a(altera_nios2_qsys_irq.o)
 .bss           0x0121b3e4        0x0 ../ucosii_tutorial_bsp/\libucosii_bsp.a(os_cpu_a.o)
 .bss           0x0121b3e4        0x0 ../ucosii_tutorial_bsp/\libucosii_bsp.a(os_cpu_c.o)
 .bss           0x0121b3e4        0x0 ../ucosii_tutorial_bsp/\libucosii_bsp.a(altera_avalon_cfi_flash_amd.o)
 .bss           0x0121b3e4        0x0 ../ucosii_tutorial_bsp/\libucosii_bsp.a(altera_avalon_cfi_flash_intel.o)
 .bss           0x0121b3e4        0x0 ../ucosii_tutorial_bsp/\libucosii_bsp.a(alt_exception_entry.o)
 .bss           0x0121b3e4        0x0 ../ucosii_tutorial_bsp/\libucosii_bsp.a(alt_find_dev.o)
 .bss           0x0121b3e4        0x0 ../ucosii_tutorial_bsp/\libucosii_bsp.a(alt_find_file.o)
 .bss           0x0121b3e4        0x0 ../ucosii_tutorial_bsp/\libucosii_bsp.a(alt_get_fd.o)
 .bss           0x0121b3e4        0x0 ../ucosii_tutorial_bsp/\libucosii_bsp.a(alt_usleep.o)
 .bss           0x0121b3e4        0x0 ../ucosii_tutorial_bsp/\libucosii_bsp.a(alt_busy_sleep.o)
 .bss           0x0121b3e4        0x0 c:/altera/nios2eds/bin/gnu/h-i686-mingw32/bin/../lib/gcc/nios2-elf/4.1.2/../../../../nios2-elf/lib\libc.a(lib_a-atexit.o)
 .bss           0x0121b3e4        0x0 c:/altera/nios2eds/bin/gnu/h-i686-mingw32/bin/../lib/gcc/nios2-elf/4.1.2/../../../../nios2-elf/lib\libc.a(lib_a-memcmp.o)
 .bss           0x0121b3e4        0x0 c:/altera/nios2eds/bin/gnu/h-i686-mingw32/bin/../lib/gcc/nios2-elf/4.1.2/../../../../nios2-elf/lib\libc.a(lib_a-__atexit.o)
 .bss           0x0121b3e4        0x0 c:/altera/nios2eds/bin/gnu/h-i686-mingw32/bin/../lib/gcc/nios2-elf/4.1.2\libgcc.a(_fixunsdfsi.o)
 *(COMMON)
 COMMON         0x0121b3e4     0x708c obj/default/ucosii_tutorial.o
                0x0121b3e4                send_task_stk
                0x0121c3e4                getsem_task1_stk
                0x0121d3e4                print_status_task_stk
                0x0121e3e4                msgqueueTbl
                0x0121e45c                getsem_task2_stk
                0x0121f45c                sem_owner_task_name
                0x0121f470                initialize_task_stk
                0x01220470                receive_task2_stk
                0x01221470                receive_task1_stk
 COMMON         0x01222470     0x3224 ../ucosii_tutorial_bsp/\libucosii_bsp.a(os_core.o)
                0x01222470                OSFlagTbl
                0x012227e0                OSMemTbl
                0x01223410                OSTaskStatStk
                0x01223c10                OSQTbl
                0x01223df0                OSTaskIdleStk
                0x012245f0                OSEventTbl
                0x01225130                OSTCBTbl
                0x01225640                OSTCBPrioTbl
 COMMON         0x01225694      0x100 ../ucosii_tutorial_bsp/\libucosii_bsp.a(alt_irq_handler.o)
                0x01225694                alt_irq
 COMMON         0x01225794      0x190 c:/altera/nios2eds/bin/gnu/h-i686-mingw32/bin/../lib/gcc/nios2-elf/4.1.2/../../../../nios2-elf/lib\libc.a(lib_a-atexit.o)
                0x01225794                _atexit0
                0x01225924                . = ALIGN (0x4)
                0x01225924                __bss_end = ABSOLUTE (.)

.ext_flash_ctl  0x00800020        0x0
                0x00800020                PROVIDE (_alt_partition_ext_flash_ctl_start, ABSOLUTE (.))
 *(.ext_flash_ctl. ext_flash_ctl.*)
                0x00800020                . = ALIGN (0x4)
                0x00800020                PROVIDE (_alt_partition_ext_flash_ctl_end, ABSOLUTE (.))
                0x00800020                PROVIDE (_alt_partition_ext_flash_ctl_load_addr, LOADADDR (.ext_flash_ctl))

.ext_ram_ctl    0x01225924        0x0
                0x01225924                PROVIDE (_alt_partition_ext_ram_ctl_start, ABSOLUTE (.))
 *(.ext_ram_ctl. ext_ram_ctl.*)
                0x01225924                . = ALIGN (0x4)
                0x01225924                PROVIDE (_alt_partition_ext_ram_ctl_end, ABSOLUTE (.))
                0x01225924                _end = ABSOLUTE (.)
                0x01225924                end = ABSOLUTE (.)
                0x01225924                __alt_stack_base = ABSOLUTE (.)
                0x01225924                PROVIDE (_alt_partition_ext_ram_ctl_load_addr, LOADADDR (.ext_ram_ctl))

.instruction_tcm
                0x02000000        0x0
                0x02000000                PROVIDE (_alt_partition_instruction_tcm_start, ABSOLUTE (.))
 *(.instruction_tcm. instruction_tcm.*)
                0x02000000                . = ALIGN (0x4)
                0x02000000                PROVIDE (_alt_partition_instruction_tcm_end, ABSOLUTE (.))
                0x02000000                PROVIDE (_alt_partition_instruction_tcm_load_addr, LOADADDR (.instruction_tcm))

.stab
 *(.stab)

.stabstr
 *(.stabstr)

.stab.excl
 *(.stab.excl)

.stab.exclstr
 *(.stab.exclstr)

.stab.index
 *(.stab.index)

.stab.indexstr
 *(.stab.indexstr)

.comment        0x00000000       0x26
 *(.comment)
 .comment       0x00000000       0x26 obj/default/alt_ucosii_simple_error_check.o
                                 0x27 (size before relaxing)
 .comment       0x00000000       0x27 obj/default/ucosii_tutorial.o
 .comment       0x00000000       0x27 c:/altera/nios2eds/bin/gnu/h-i686-mingw32/bin/../lib/gcc/nios2-elf/4.1.2/../../../../nios2-elf/lib\libc.a(lib_a-exit.o)
 .comment       0x00000000       0x27 c:/altera/nios2eds/bin/gnu/h-i686-mingw32/bin/../lib/gcc/nios2-elf/4.1.2/../../../../nios2-elf/lib\libc.a(lib_a-fprintf.o)
 .comment       0x00000000       0x27 c:/altera/nios2eds/bin/gnu/h-i686-mingw32/bin/../lib/gcc/nios2-elf/4.1.2/../../../../nios2-elf/lib\libc.a(lib_a-fwrite.o)
 .comment       0x00000000       0x27 c:/altera/nios2eds/bin/gnu/h-i686-mingw32/bin/../lib/gcc/nios2-elf/4.1.2/../../../../nios2-elf/lib\libc.a(lib_a-impure.o)
 .comment       0x00000000       0x27 c:/altera/nios2eds/bin/gnu/h-i686-mingw32/bin/../lib/gcc/nios2-elf/4.1.2/../../../../nios2-elf/lib\libc.a(lib_a-printf.o)
 .comment       0x00000000       0x27 c:/altera/nios2eds/bin/gnu/h-i686-mingw32/bin/../lib/gcc/nios2-elf/4.1.2/../../../../nios2-elf/lib\libc.a(lib_a-putchar.o)
 .comment       0x00000000       0x27 c:/altera/nios2eds/bin/gnu/h-i686-mingw32/bin/../lib/gcc/nios2-elf/4.1.2/../../../../nios2-elf/lib\libc.a(lib_a-puts.o)
 .comment       0x00000000       0x27 c:/altera/nios2eds/bin/gnu/h-i686-mingw32/bin/../lib/gcc/nios2-elf/4.1.2/../../../../nios2-elf/lib\libc.a(lib_a-strlen.o)
 .comment       0x00000000       0x27 c:/altera/nios2eds/bin/gnu/h-i686-mingw32/bin/../lib/gcc/nios2-elf/4.1.2/../../../../nios2-elf/lib\libc.a(lib_a-vfprintf.o)
 .comment       0x00000000       0x27 c:/altera/nios2eds/bin/gnu/h-i686-mingw32/bin/../lib/gcc/nios2-elf/4.1.2/../../../../nios2-elf/lib\libc.a(lib_a-wsetup.o)
 .comment       0x00000000       0x27 c:/altera/nios2eds/bin/gnu/h-i686-mingw32/bin/../lib/gcc/nios2-elf/4.1.2/../../../../nios2-elf/lib\libc.a(lib_a-__call_atexit.o)
 .comment       0x00000000       0x27 c:/altera/nios2eds/bin/gnu/h-i686-mingw32/bin/../lib/gcc/nios2-elf/4.1.2/../../../../nios2-elf/lib\libc.a(lib_a-dtoa.o)
 .comment       0x00000000       0x27 c:/altera/nios2eds/bin/gnu/h-i686-mingw32/bin/../lib/gcc/nios2-elf/4.1.2/../../../../nios2-elf/lib\libc.a(lib_a-fflush.o)
 .comment       0x00000000       0x27 c:/altera/nios2eds/bin/gnu/h-i686-mingw32/bin/../lib/gcc/nios2-elf/4.1.2/../../../../nios2-elf/lib\libc.a(lib_a-findfp.o)
 .comment       0x00000000       0x27 c:/altera/nios2eds/bin/gnu/h-i686-mingw32/bin/../lib/gcc/nios2-elf/4.1.2/../../../../nios2-elf/lib\libc.a(lib_a-freer.o)
 .comment       0x00000000       0x27 c:/altera/nios2eds/bin/gnu/h-i686-mingw32/bin/../lib/gcc/nios2-elf/4.1.2/../../../../nios2-elf/lib\libc.a(lib_a-fvwrite.o)
 .comment       0x00000000       0x27 c:/altera/nios2eds/bin/gnu/h-i686-mingw32/bin/../lib/gcc/nios2-elf/4.1.2/../../../../nios2-elf/lib\libc.a(lib_a-fwalk.o)
 .comment       0x00000000       0x27 c:/altera/nios2eds/bin/gnu/h-i686-mingw32/bin/../lib/gcc/nios2-elf/4.1.2/../../../../nios2-elf/lib\libc.a(lib_a-locale.o)
 .comment       0x00000000       0x27 c:/altera/nios2eds/bin/gnu/h-i686-mingw32/bin/../lib/gcc/nios2-elf/4.1.2/../../../../nios2-elf/lib\libc.a(lib_a-makebuf.o)
 .comment       0x00000000       0x27 c:/altera/nios2eds/bin/gnu/h-i686-mingw32/bin/../lib/gcc/nios2-elf/4.1.2/../../../../nios2-elf/lib\libc.a(lib_a-mallocr.o)
 .comment       0x00000000       0x27 c:/altera/nios2eds/bin/gnu/h-i686-mingw32/bin/../lib/gcc/nios2-elf/4.1.2/../../../../nios2-elf/lib\libc.a(lib_a-memchr.o)
 .comment       0x00000000       0x27 c:/altera/nios2eds/bin/gnu/h-i686-mingw32/bin/../lib/gcc/nios2-elf/4.1.2/../../../../nios2-elf/lib\libc.a(lib_a-memcpy.o)
 .comment       0x00000000       0x27 c:/altera/nios2eds/bin/gnu/h-i686-mingw32/bin/../lib/gcc/nios2-elf/4.1.2/../../../../nios2-elf/lib\libc.a(lib_a-memmove.o)
 .comment       0x00000000       0x27 c:/altera/nios2eds/bin/gnu/h-i686-mingw32/bin/../lib/gcc/nios2-elf/4.1.2/../../../../nios2-elf/lib\libc.a(lib_a-memset.o)
 .comment       0x00000000       0x27 c:/altera/nios2eds/bin/gnu/h-i686-mingw32/bin/../lib/gcc/nios2-elf/4.1.2/../../../../nios2-elf/lib\libc.a(lib_a-mprec.o)
 .comment       0x00000000       0x27 c:/altera/nios2eds/bin/gnu/h-i686-mingw32/bin/../lib/gcc/nios2-elf/4.1.2/../../../../nios2-elf/lib\libc.a(lib_a-putc.o)
 .comment       0x00000000       0x27 c:/altera/nios2eds/bin/gnu/h-i686-mingw32/bin/../lib/gcc/nios2-elf/4.1.2/../../../../nios2-elf/lib\libc.a(lib_a-reallocr.o)
 .comment       0x00000000       0x27 c:/altera/nios2eds/bin/gnu/h-i686-mingw32/bin/../lib/gcc/nios2-elf/4.1.2/../../../../nios2-elf/lib\libc.a(lib_a-s_isinfd.o)
 .comment       0x00000000       0x27 c:/altera/nios2eds/bin/gnu/h-i686-mingw32/bin/../lib/gcc/nios2-elf/4.1.2/../../../../nios2-elf/lib\libc.a(lib_a-s_isnand.o)
 .comment       0x00000000       0x27 c:/altera/nios2eds/bin/gnu/h-i686-mingw32/bin/../lib/gcc/nios2-elf/4.1.2/../../../../nios2-elf/lib\libc.a(lib_a-sbrkr.o)
 .comment       0x00000000       0x27 c:/altera/nios2eds/bin/gnu/h-i686-mingw32/bin/../lib/gcc/nios2-elf/4.1.2/../../../../nios2-elf/lib\libc.a(lib_a-stdio.o)
 .comment       0x00000000       0x27 c:/altera/nios2eds/bin/gnu/h-i686-mingw32/bin/../lib/gcc/nios2-elf/4.1.2/../../../../nios2-elf/lib\libc.a(lib_a-strcmp.o)
 .comment       0x00000000       0x27 c:/altera/nios2eds/bin/gnu/h-i686-mingw32/bin/../lib/gcc/nios2-elf/4.1.2/../../../../nios2-elf/lib\libc.a(lib_a-wbuf.o)
 .comment       0x00000000       0x27 c:/altera/nios2eds/bin/gnu/h-i686-mingw32/bin/../lib/gcc/nios2-elf/4.1.2/../../../../nios2-elf/lib\libc.a(lib_a-writer.o)
 .comment       0x00000000       0x27 c:/altera/nios2eds/bin/gnu/h-i686-mingw32/bin/../lib/gcc/nios2-elf/4.1.2/../../../../nios2-elf/lib\libc.a(lib_a-callocr.o)
 .comment       0x00000000       0x27 c:/altera/nios2eds/bin/gnu/h-i686-mingw32/bin/../lib/gcc/nios2-elf/4.1.2/../../../../nios2-elf/lib\libc.a(lib_a-closer.o)