Archive member included to satisfy reference by file (symbol)

c:/altera/15.0/nios2eds/bin/gnu/h-x86_64-mingw32/bin/../lib/gcc/nios2-elf/4.9.1/../../../../../H-x86_64-mingw32/nios2-elf/lib\libc.a(lib_a-fgets.o)
                              obj/default/pwm.o (fgets)
c:/altera/15.0/nios2eds/bin/gnu/h-x86_64-mingw32/bin/../lib/gcc/nios2-elf/4.9.1/../../../../../H-x86_64-mingw32/nios2-elf/lib\libc.a(lib_a-findfp.o)
                              c:/altera/15.0/nios2eds/bin/gnu/h-x86_64-mingw32/bin/../lib/gcc/nios2-elf/4.9.1/../../../../../H-x86_64-mingw32/nios2-elf/lib\libc.a(lib_a-fgets.o) (__sinit)
c:/altera/15.0/nios2eds/bin/gnu/h-x86_64-mingw32/bin/../lib/gcc/nios2-elf/4.9.1/../../../../../H-x86_64-mingw32/nios2-elf/lib\libc.a(lib_a-fwalk.o)
                              c:/altera/15.0/nios2eds/bin/gnu/h-x86_64-mingw32/bin/../lib/gcc/nios2-elf/4.9.1/../../../../../H-x86_64-mingw32/nios2-elf/lib\libc.a(lib_a-findfp.o) (_fwalk)
c:/altera/15.0/nios2eds/bin/gnu/h-x86_64-mingw32/bin/../lib/gcc/nios2-elf/4.9.1/../../../../../H-x86_64-mingw32/nios2-elf/lib\libc.a(lib_a-impure.o)
                              c:/altera/15.0/nios2eds/bin/gnu/h-x86_64-mingw32/bin/../lib/gcc/nios2-elf/4.9.1/../../../../../H-x86_64-mingw32/nios2-elf/lib\libc.a(lib_a-findfp.o) (_global_impure_ptr)
c:/altera/15.0/nios2eds/bin/gnu/h-x86_64-mingw32/bin/../lib/gcc/nios2-elf/4.9.1/../../../../../H-x86_64-mingw32/nios2-elf/lib\libc.a(lib_a-mallocr.o)
                              c:/altera/15.0/nios2eds/bin/gnu/h-x86_64-mingw32/bin/../lib/gcc/nios2-elf/4.9.1/../../../../../H-x86_64-mingw32/nios2-elf/lib\libc.a(lib_a-findfp.o) (_malloc_r)
c:/altera/15.0/nios2eds/bin/gnu/h-x86_64-mingw32/bin/../lib/gcc/nios2-elf/4.9.1/../../../../../H-x86_64-mingw32/nios2-elf/lib\libc.a(lib_a-memchr.o)
                              c:/altera/15.0/nios2eds/bin/gnu/h-x86_64-mingw32/bin/../lib/gcc/nios2-elf/4.9.1/../../../../../H-x86_64-mingw32/nios2-elf/lib\libc.a(lib_a-fgets.o) (memchr)
c:/altera/15.0/nios2eds/bin/gnu/h-x86_64-mingw32/bin/../lib/gcc/nios2-elf/4.9.1/../../../../../H-x86_64-mingw32/nios2-elf/lib\libc.a(lib_a-memcpy.o)
                              c:/altera/15.0/nios2eds/bin/gnu/h-x86_64-mingw32/bin/../lib/gcc/nios2-elf/4.9.1/../../../../../H-x86_64-mingw32/nios2-elf/lib\libc.a(lib_a-fgets.o) (memcpy)
c:/altera/15.0/nios2eds/bin/gnu/h-x86_64-mingw32/bin/../lib/gcc/nios2-elf/4.9.1/../../../../../H-x86_64-mingw32/nios2-elf/lib\libc.a(lib_a-memset.o)
                              c:/altera/15.0/nios2eds/bin/gnu/h-x86_64-mingw32/bin/../lib/gcc/nios2-elf/4.9.1/../../../../../H-x86_64-mingw32/nios2-elf/lib\libc.a(lib_a-findfp.o) (memset)
c:/altera/15.0/nios2eds/bin/gnu/h-x86_64-mingw32/bin/../lib/gcc/nios2-elf/4.9.1/../../../../../H-x86_64-mingw32/nios2-elf/lib\libc.a(lib_a-puts.o)
                              obj/default/pwm.o (puts)
c:/altera/15.0/nios2eds/bin/gnu/h-x86_64-mingw32/bin/../lib/gcc/nios2-elf/4.9.1/../../../../../H-x86_64-mingw32/nios2-elf/lib\libc.a(lib_a-refill.o)
                              c:/altera/15.0/nios2eds/bin/gnu/h-x86_64-mingw32/bin/../lib/gcc/nios2-elf/4.9.1/../../../../../H-x86_64-mingw32/nios2-elf/lib\libc.a(lib_a-fgets.o) (__srefill_r)
c:/altera/15.0/nios2eds/bin/gnu/h-x86_64-mingw32/bin/../lib/gcc/nios2-elf/4.9.1/../../../../../H-x86_64-mingw32/nios2-elf/lib\libc.a(lib_a-sbrkr.o)
                              c:/altera/15.0/nios2eds/bin/gnu/h-x86_64-mingw32/bin/../lib/gcc/nios2-elf/4.9.1/../../../../../H-x86_64-mingw32/nios2-elf/lib\libc.a(lib_a-mallocr.o) (_sbrk_r)
c:/altera/15.0/nios2eds/bin/gnu/h-x86_64-mingw32/bin/../lib/gcc/nios2-elf/4.9.1/../../../../../H-x86_64-mingw32/nios2-elf/lib\libc.a(lib_a-sscanf.o)
                              obj/default/pwm.o (sscanf)
c:/altera/15.0/nios2eds/bin/gnu/h-x86_64-mingw32/bin/../lib/gcc/nios2-elf/4.9.1/../../../../../H-x86_64-mingw32/nios2-elf/lib\libc.a(lib_a-stdio.o)
                              c:/altera/15.0/nios2eds/bin/gnu/h-x86_64-mingw32/bin/../lib/gcc/nios2-elf/4.9.1/../../../../../H-x86_64-mingw32/nios2-elf/lib\libc.a(lib_a-findfp.o) (__sread)
c:/altera/15.0/nios2eds/bin/gnu/h-x86_64-mingw32/bin/../lib/gcc/nios2-elf/4.9.1/../../../../../H-x86_64-mingw32/nios2-elf/lib\libc.a(lib_a-strlen.o)
                              c:/altera/15.0/nios2eds/bin/gnu/h-x86_64-mingw32/bin/../lib/gcc/nios2-elf/4.9.1/../../../../../H-x86_64-mingw32/nios2-elf/lib\libc.a(lib_a-puts.o) (strlen)
c:/altera/15.0/nios2eds/bin/gnu/h-x86_64-mingw32/bin/../lib/gcc/nios2-elf/4.9.1/../../../../../H-x86_64-mingw32/nios2-elf/lib\libc.a(lib_a-svfscanf.o)
                              c:/altera/15.0/nios2eds/bin/gnu/h-x86_64-mingw32/bin/../lib/gcc/nios2-elf/4.9.1/../../../../../H-x86_64-mingw32/nios2-elf/lib\libc.a(lib_a-sscanf.o) (__ssvfscanf_r)
c:/altera/15.0/nios2eds/bin/gnu/h-x86_64-mingw32/bin/../lib/gcc/nios2-elf/4.9.1/../../../../../H-x86_64-mingw32/nios2-elf/lib\libc.a(lib_a-writer.o)
[...]
Memory Configuration

Name             Origin             Length             Attributes
reset            0x0000000000800000 0x0000000000000020
ext_flash_ctl    0x0000000000800020 0x00000000007fffe0
ext_ram_ctl_BEFORE_EXCEPTION 0x0000000001200000 0x0000000000000020
ext_ram_ctl      0x0000000001200020 0x00000000001fffe0
instruction_tcm  0x0000000002000000 0x0000000000004000
*default*        0x0000000000000000 0xffffffffffffffff

Linker script and memory map

LOAD ../niosII_bsp//obj/HAL/src/crt0.o
LOAD obj/default/pwm.o
LOAD c:/altera/15.0/nios2eds/bin/gnu/h-x86_64-mingw32/bin/../lib/gcc/nios2-elf/4.9.1/../../../../../H-x86_64-mingw32/nios2-elf/lib\libstdc++.a
LOAD c:/altera/15.0/nios2eds/bin/gnu/h-x86_64-mingw32/bin/../lib/gcc/nios2-elf/4.9.1/../../../../../H-x86_64-mingw32/nios2-elf/lib\libm.a
LOAD c:/altera/15.0/nios2eds/bin/gnu/h-x86_64-mingw32/bin/../lib/gcc/nios2-elf/4.9.1\libgcc.a
START GROUP
LOAD c:/altera/15.0/nios2eds/bin/gnu/h-x86_64-mingw32/bin/../lib/gcc/nios2-elf/4.9.1/../../../../../H-x86_64-mingw32/nios2-elf/lib\libc.a
LOAD c:/altera/15.0/nios2eds/bin/gnu/h-x86_64-mingw32/bin/../lib/gcc/nios2-elf/4.9.1\libgcc.a
LOAD ../niosII_bsp/\libucosii_bsp.a
LOAD c:/altera/15.0/nios2eds/bin/gnu/h-x86_64-mingw32/bin/../lib/gcc/nios2-elf/4.9.1/../../../../../H-x86_64-mingw32/nios2-elf/lib\libm.a
END GROUP
LOAD c:/altera/15.0/nios2eds/bin/gnu/h-x86_64-mingw32/bin/../lib/gcc/nios2-elf/4.9.1\libgcc.a
                0x0000000000800000                __alt_mem_ext_flash_ctl = 0x800000
                0x0000000001200000                __alt_mem_ext_ram_ctl = 0x1200000
                0x0000000002000000                __alt_mem_instruction_tcm = 0x2000000

.entry          0x0000000000800000        0x0
 *(.entry)
 .entry         0x0000000000800000        0x0 ../niosII_bsp//obj/HAL/src/crt0.o
                0x0000000000800000                __reset

.exceptions     0x0000000001200020      0x19c
                0x0000000001200020                PROVIDE (__ram_exceptions_start, ABSOLUTE (.))
                0x0000000001200020                . = ALIGN (0x20)
 *(.irq)
 *(.exceptions.entry.label)
 .exceptions.entry.label
                0x0000000001200020        0x0 ../niosII_bsp/\libucosii_bsp.a(alt_irq_entry.o)
                0x0000000001200020                alt_irq_entry
 .exceptions.entry.label
                0x0000000001200020        0x0 ../niosII_bsp/\libucosii_bsp.a(alt_exception_entry.o)
                0x0000000001200020                alt_exception
 *(.exceptions.entry.user)
 *(.exceptions.entry.ecc_fatal)
 *(.exceptions.entry)
 .exceptions.entry
                0x0000000001200020       0x54 ../niosII_bsp/\libucosii_bsp.a(alt_exception_entry.o)
 *(.exceptions.irqtest.user)
 *(.exceptions.irqtest)
 .exceptions.irqtest
                0x0000000001200074       0x10 ../niosII_bsp/\libucosii_bsp.a(alt_irq_entry.o)
 *(.exceptions.irqhandler.user)
 *(.exceptions.irqhandler)
 .exceptions.irqhandler
                0x0000000001200084        0x4 ../niosII_bsp/\libucosii_bsp.a(alt_irq_entry.o)
 *(.exceptions.irqreturn.user)
 *(.exceptions.irqreturn)
 .exceptions.irqreturn
                0x0000000001200088        0x4 ../niosII_bsp/\libucosii_bsp.a(alt_irq_entry.o)
 *(.exceptions.notirq.label)
 .exceptions.notirq.label
                0x000000000120008c        0x0 ../niosII_bsp/\libucosii_bsp.a(alt_irq_entry.o)
 *(.exceptions.notirq.user)
 *(.exceptions.notirq)
 .exceptions.notirq
                0x000000000120008c        0x8 ../niosII_bsp/\libucosii_bsp.a(alt_exception_entry.o)
 *(.exceptions.soft.user)
 *(.exceptions.soft)
 *(.exceptions.unknown.user)
 *(.exceptions.unknown)
 .exceptions.unknown
                0x0000000001200094        0x4 ../niosII_bsp/\libucosii_bsp.a(alt_exception_entry.o)
 *(.exceptions.exit.label)
 .exceptions.exit.label
                0x0000000001200098        0x0 ../niosII_bsp/\libucosii_bsp.a(alt_irq_entry.o)
 .exceptions.exit.label
                0x0000000001200098        0x0 ../niosII_bsp/\libucosii_bsp.a(alt_exception_entry.o)
 *(.exceptions.exit.user)
 *(.exceptions.exit)
 .exceptions.exit
                0x0000000001200098       0x54 ../niosII_bsp/\libucosii_bsp.a(alt_exception_entry.o)
 *(.exceptions)
 .exceptions    0x00000000012000ec       0xd0 ../niosII_bsp/\libucosii_bsp.a(alt_irq_handler.o)
                0x00000000012000ec                alt_irq_handler
                0x00000000012001bc                PROVIDE (__ram_exceptions_end, ABSOLUTE (.))
                0x0000000001200020                PROVIDE (__flash_exceptions_start, LOADADDR (.exceptions))

.text           0x00000000012001bc    0x1fb84
                0x00000000012001bc                PROVIDE (stext, ABSOLUTE (.))
 *(.interp)
 *(.hash)
 *(.dynsym)
 *(.dynstr)
 *(.gnu.version)
 *(.gnu.version_d)
 *(.gnu.version_r)
 *(.rel.init)
 *(.rela.init)
 *(.rel.text .rel.text.* .rel.gnu.linkonce.t.*)
 *(.rela.text .rela.text.* .rela.gnu.linkonce.t.*)
 *(.rel.fini)
 *(.rela.fini)
 *(.rel.rodata .rel.rodata.* .rel.gnu.linkonce.r.*)
 *(.rela.rodata .rela.rodata.* .rela.gnu.linkonce.r.*)
 *(.rel.data .rel.data.* .rel.gnu.linkonce.d.*)
 *(.rela.data .rela.data.* .rela.gnu.linkonce.d.*)
 *(.rel.tdata .rel.tdata.* .rel.gnu.linkonce.td.*)
 *(.rela.tdata .rela.tdata.* .rela.gnu.linkonce.td.*)
 *(.rel.tbss .rel.tbss.* .rel.gnu.linkonce.tb.*)
 *(.rela.tbss .rela.tbss.* .rela.gnu.linkonce.tb.*)
 *(.rel.ctors)
 *(.rela.ctors)
 *(.rel.dtors)
 *(.rela.dtors)
 *(.rel.got)
 *(.rela.got)
 *(.rel.sdata .rel.sdata.* .rel.gnu.linkonce.s.*)
 *(.rela.sdata .rela.sdata.* .rela.gnu.linkonce.s.*)
 *(.rel.sbss .rel.sbss.* .rel.gnu.linkonce.sb.*)
 *(.rela.sbss .rela.sbss.* .rela.gnu.linkonce.sb.*)
 *(.rel.sdata2 .rel.sdata2.* .rel.gnu.linkonce.s2.*)
 *(.rela.sdata2 .rela.sdata2.* .rela.gnu.linkonce.s2.*)
 *(.rel.sbss2 .rel.sbss2.* .rel.gnu.linkonce.sb2.*)
 *(.rela.sbss2 .rela.sbss2.* .rela.gnu.linkonce.sb2.*)
 *(.rel.bss .rel.bss.* .rel.gnu.linkonce.b.*)
 *(.rela.bss .rela.bss.* .rela.gnu.linkonce.b.*)
 *(.rel.plt)
 *(.rela.plt)
 *(.rel.dyn)
 *(.init)
 *(.plt)
 *(.text .stub .text.* .gnu.linkonce.t.*)
 .text          0x00000000012001bc       0x48 ../niosII_bsp//obj/HAL/src/crt0.o
                0x00000000012001bc                _start
 .text          0x0000000001200204      0x15c obj/default/pwm.o
                0x0000000001200204                main
 .text          0x0000000001200360      0x178 c:/altera/15.0/nios2eds/bin/gnu/h-x86_64-mingw32/bin/../lib/gcc/nios2-elf/4.9.1/../../../../../H-x86_64-mingw32/nios2-elf/lib\libc.a(lib_a-fgets.o)
                0x0000000001200360                _fgets_r
                0x00000000012004b4                fgets
 .text          0x00000000012004d8      0x3a0 c:/altera/15.0/nios2eds/bin/gnu/h-x86_64-mingw32/bin/../lib/gcc/nios2-elf/4.9.1/../../../../../H-x86_64-mingw32/nios2-elf/lib\libc.a(lib_a-findfp.o)
                0x00000000012004e8                _cleanup_r
                0x0000000001200694                __sfmoreglue
                0x00000000012006f8                __sfp
                0x0000000001200810                _cleanup
                0x0000000001200828                __sinit
                0x0000000001200838                __sfp_lock_acquire
                0x000000000120083c                __sfp_lock_release
                0x0000000001200840                __sinit_lock_acquire
                0x0000000001200844                __sinit_lock_release
                0x0000000001200848                __fp_lock_all
                0x0000000001200860                __fp_unlock_all
 .text          0x0000000001200878      0x170 c:/altera/15.0/nios2eds/bin/gnu/h-x86_64-mingw32/bin/../lib/gcc/nios2-elf/4.9.1/../../../../../H-x86_64-mingw32/nios2-elf/lib\libc.a(lib_a-fwalk.o)
                0x0000000001200878                _fwalk
                0x0000000001200930                _fwalk_reent
 .text          0x00000000012009e8        0x0 c:/altera/15.0/nios2eds/bin/gnu/h-x86_64-mingw32/bin/../lib/gcc/nios2-elf/4.9.1/../../../../../H-x86_64-mingw32/nios2-elf/lib\libc.a(lib_a-impure.o)
 .text          0x00000000012009e8      0x7a8 c:/altera/15.0/nios2eds/bin/gnu/h-x86_64-mingw32/bin/../lib/gcc/nios2-elf/4.9.1/../../../../../H-x86_64-mingw32/nios2-elf/lib\libc.a(lib_a-mallocr.o)
                0x00000000012009e8                _malloc_r
 .text          0x0000000001201190       0xe8 c:/altera/15.0/nios2eds/bin/gnu/h-x86_64-mingw32/bin/../lib/gcc/nios2-elf/4.9.1/../../../../../H-x86_64-mingw32/nios2-elf/lib\libc.a(lib_a-memchr.o)
                0x0000000001201190                memchr
 .text          0x0000000001201278      0x138 c:/altera/15.0/nios2eds/bin/gnu/h-x86_64-mingw32/bin/../lib/gcc/nios2-elf/4.9.1/../../../../../H-x86_64-mingw32/nios2-elf/lib\libc.a(lib_a-memcpy.o)
                0x0000000001201278                memcpy
 .text          0x00000000012013b0      0x124 c:/altera/15.0/nios2eds/bin/gnu/h-x86_64-mingw32/bin/../lib/gcc/nios2-elf/4.9.1/../../../../../H-x86_64-mingw32/nios2-elf/lib\libc.a(lib_a-memset.o)
                0x00000000012013b0                memset
 .text          0x00000000012014d4       0xcc c:/altera/15.0/nios2eds/bin/gnu/h-x86_64-mingw32/bin/../lib/gcc/nios2-elf/4.9.1/../../../../../H-x86_64-mingw32/nios2-elf/lib\libc.a(lib_a-puts.o)
                0x00000000012014d4                _puts_r
                0x000000000120158c                puts
 .text          0x00000000012015a0      0x1c4 c:/altera/15.0/nios2eds/bin/gnu/h-x86_64-mingw32/bin/../lib/gcc/nios2-elf/4.9.1/../../../../../H-x86_64-mingw32/nios2-elf/lib\libc.a(lib_a-refill.o)
                0x00000000012015bc                __srefill_r
 .text          0x0000000001201764       0x54 c:/altera/15.0/nios2eds/bin/gnu/h-x86_64-mingw32/bin/../lib/gcc/nios2-elf/4.9.1/../../../../../H-x86_64-mingw32/nios2-elf/lib\libc.a(lib_a-sbrkr.o)
                0x0000000001201764                _sbrk_r
 .text          0x00000000012017b8       0xf4 c:/altera/15.0/nios2eds/bin/gnu/h-x86_64-mingw32/bin/../lib/gcc/nios2-elf/4.9.1/../../../../../H-x86_64-mingw32/nios2-elf/lib\libc.a(lib_a-sscanf.o)
                0x00000000012017b8                sscanf
                0x0000000001201834                _sscanf_r
 .text          0x00000000012018ac      0x13c c:/altera/15.0/nios2eds/bin/gnu/h-x86_64-mingw32/bin/../lib/gcc/nios2-elf/4.9.1/../../../../../H-x86_64-mingw32/nios2-elf/lib\libc.a(lib_a-stdio.o)
                0x00000000012018ac                __sread
                0x0000000001201900                __seofread
                0x0000000001201908                __swrite
                0x0000000001201984                __sseek
                0x00000000012019e0                __sclose
 .text          0x00000000012019e8       0x98 c:/altera/15.0/nios2eds/bin/gnu/h-x86_64-mingw32/bin/../lib/gcc/nios2-elf/4.9.1/../../../../../H-x86_64-mingw32/nios2-elf/lib\libc.a(lib_a-strlen.o)
                0x00000000012019e8                strlen
 .text          0x0000000001201a80     0x1768 c:/altera/15.0/nios2eds/bin/gnu/h-x86_64-mingw32/bin/../lib/gcc/nios2-elf/4.9.1/../../../../../H-x86_64-mingw32/nios2-elf/lib\libc.a(lib_a-svfscanf.o)
                0x0000000001201a80                __ssvfscanf_r
 .text          0x00000000012031e8       0x5c c:/altera/15.0/nios2eds/bin/gnu/h-x86_64-mingw32/bin/../lib/gcc/nios2-elf/4.9.1/../../../../../H-x86_64-mingw32/nios2-elf/lib\libc.a(lib_a-writer.o)
                0x00000000012031e8                _write_r
 .text          0x0000000001203244       0x54 c:/altera/15.0/nios2eds/bin/gnu/h-x86_64-mingw32/bin/../lib/gcc/nios2-elf/4.9.1/../../../../../H-x86_64-mingw32/nios2-elf/lib\libc.a(closer.o)
                0x0000000001203244                _close_r
 .text          0x0000000001203298        0x0 c:/altera/15.0/nios2eds/bin/gnu/h-x86_64-mingw32/bin/../lib/gcc/nios2-elf/4.9.1/../../../../../H-x86_64-mingw32/nios2-elf/lib\libc.a(lib_a-ctype_.o)
 .text          0x0000000001203298      0x114 c:/altera/15.0/nios2eds/bin/gnu/h-x86_64-mingw32/bin/../lib/gcc/nios2-elf/4.9.1/../../../../../H-x86_64-mingw32/nios2-elf/lib\libc.a(lib_a-fclose.o)
                0x0000000001203298                _fclose_r
                0x0000000001203398                fclose
 .text          0x00000000012033ac      0x258 c:/altera/15.0/nios2eds/bin/gnu/h-x86_64-mingw32/bin/../lib/gcc/nios2-elf/4.9.1/../../../../../H-x86_64-mingw32/nios2-elf/lib\libc.a(lib_a-fflush.o)
                0x00000000012033ac                _fflush_r
                0x00000000012035d4                fflush
 .text          0x0000000001203604      0x414 c:/altera/15.0/nios2eds/bin/gnu/h-x86_64-mingw32/bin/../lib/gcc/nios2-elf/4.9.1/../../../../../H-x86_64-mingw32/nios2-elf/lib\libc.a(lib_a-freer.o)
                0x0000000001203604                _malloc_trim_r
                0x0000000001203728                _free_r
 .text          0x0000000001203a18      0x4a4 c:/altera/15.0/nios2eds/bin/gnu/h-x86_64-mingw32/bin/../lib/gcc/nios2-elf/4.9.1/../../../../../H-x86_64-mingw32/nios2-elf/lib\libc.a(lib_a-fvwrite.o)
                0x0000000001203a18                __sfvwrite_r
 .text          0x0000000001203ebc        0x0 c:/altera/15.0/nios2eds/bin/gnu/h-x86_64-mingw32/bin/../lib/gcc/nios2-elf/4.9.1/../../../../../H-x86_64-mingw32/nios2-elf/lib\libc.a(lib_a-int_errno.o)
 .text          0x0000000001203ebc       0x30 c:/altera/15.0/nios2eds/bin/gnu/h-x86_64-mingw32/bin/../lib/gcc/nios2-elf/4.9.1/../../../../../H-x86_64-mingw32/nios2-elf/lib\libc.a(lib_a-iswspace.o)
                0x0000000001203ebc                iswspace
 .text          0x0000000001203eec       0xe0 c:/altera/15.0/nios2eds/bin/gnu/h-x86_64-mingw32/bin/../lib/gcc/nios2-elf/4.9.1/../../../../../H-x86_64-mingw32/nios2-elf/lib\libc.a(lib_a-locale.o)
                0x0000000001203eec                _setlocale_r
                0x0000000001203f68                __locale_charset
                0x0000000001203f74                __locale_mb_cur_max
                0x0000000001203f84                __locale_msgcharset
                0x0000000001203f90                __locale_cjk_lang
                0x0000000001203f98                _localeconv_r
                0x0000000001203fa4                setlocale
                0x0000000001203fc0                localeconv
 .text          0x0000000001203fcc       0x5c c:/altera/15.0/nios2eds/bin/gnu/h-x86_64-mingw32/bin/../lib/gcc/nios2-elf/4.9.1/../../../../../H-x86_64-mingw32/nios2-elf/lib\libc.a(lib_a-lseekr.o)
                0x0000000001203fcc                _lseek_r
 .text          0x0000000001204028      0x1b8 c:/altera/15.0/nios2eds/bin/gnu/h-x86_64-mingw32/bin/../lib/gcc/nios2-elf/4.9.1/../../../../../H-x86_64-mingw32/nios2-elf/lib\libc.a(lib_a-makebuf.o)
                0x0000000001204028                __smakebuf_r
 .text          0x00000000012041e0      0x19c c:/altera/15.0/nios2eds/bin/gnu/h-x86_64-mingw32/bin/../lib/gcc/nios2-elf/4.9.1/../../../../../H-x86_64-mingw32/nios2-elf/lib\libc.a(lib_a-mbrtowc.o)
                0x00000000012041e0                _mbrtowc_r
                0x000000000120428c                mbrtowc
 .text          0x000000000120437c       0xa0 c:/altera/15.0/nios2eds/bin/gnu/h-x86_64-mingw32/bin/../lib/gcc/nios2-elf/4.9.1/../../../../../H-x86_64-mingw32/nios2-elf/lib\libc.a(lib_a-mbtowc_r.o)
                0x000000000120437c                __ascii_mbtowc
                0x00000000012043c0                _mbtowc_r
 .text          0x000000000120441c      0x15c c:/altera/15.0/nios2eds/bin/gnu/h-x86_64-mingw32/bin/../lib/gcc/nios2-elf/4.9.1/../../../../../H-x86_64-mingw32/nios2-elf/lib\libc.a(lib_a-memmove.o)
                0x000000000120441c                memmove
 .text          0x0000000001204578       0x5c c:/altera/15.0/nios2eds/bin/gnu/h-x86_64-mingw32/bin/../lib/gcc/nios2-elf/4.9.1/../../../../../H-x86_64-mingw32/nios2-elf/lib\libc.a(lib_a-readr.o)
                0x0000000001204578                _read_r
 .text          0x00000000012045d4      0x5a0 c:/altera/15.0/nios2eds/bin/gnu/h-x86_64-mingw32/bin/../lib/gcc/nios2-elf/4.9.1/../../../../../H-x86_64-mingw32/nios2-elf/lib\libc.a(lib_a-reallocr.o)
                0x00000000012045d4                _realloc_r
 .text          0x0000000001204b74       0x74 c:/altera/15.0/nios2eds/bin/gnu/h-x86_64-mingw32/bin/../lib/gcc/nios2-elf/4.9.1/../../../../../H-x86_64-mingw32/nios2-elf/lib\libc.a(lib_a-s_fpclassify.o)
                0x0000000001204b74                __fpclassifyd
 .text          0x0000000001204be8       0xc0 c:/altera/15.0/nios2eds/bin/gnu/h-x86_64-mingw32/bin/../lib/gcc/nios2-elf/4.9.1/../../../../../H-x86_64-mingw32/nios2-elf/lib\libc.a(lib_a-sccl.o)
                0x0000000001204be8                __sccl
 .text          0x0000000001204ca8        0x8 c:/altera/15.0/nios2eds/bin/gnu/h-x86_64-mingw32/bin/../lib/gcc/nios2-elf/4.9.1/../../../../../H-x86_64-mingw32/nios2-elf/lib\libc.a(lib_a-sf_nan.o)
                0x0000000001204ca8                nanf
 .text          0x0000000001204cb0       0xc4 c:/altera/15.0/nios2eds/bin/gnu/h-x86_64-mingw32/bin/../lib/gcc/nios2-elf/4.9.1/../../../../../H-x86_64-mingw32/nios2-elf/lib\libc.a(lib_a-sprintf.o)
                0x0000000001204cb0                _sprintf_r
                0x0000000001204d08                sprintf
 .text          0x0000000001204d74       0xa4 c:/altera/15.0/nios2eds/bin/gnu/h-x86_64-mingw32/bin/../lib/gcc/nios2-elf/4.9.1/../../../../../H-x86_64-mingw32/nios2-elf/lib\libc.a(lib_a-strcmp.o)
                0x0000000001204d74                strcmp
 .text          0x0000000001204e18     0x1660 c:/altera/15.0/nios2eds/bin/gnu/h-x86_64-mingw32/bin/../lib/gcc/nios2-elf/4.9.1/../../../../../H-x86_64-mingw32/nios2-elf/lib\libc.a(lib_a-strtod.o)
                0x0000000001204e18                _strtod_r
                0x0000000001206358                strtod
                0x0000000001206374                strtof
 .text          0x0000000001206478      0x284 c:/altera/15.0/nios2eds/bin/gnu/h-x86_64-mingw32/bin/../lib/gcc/nios2-elf/4.9.1/../../../../../H-x86_64-mingw32/nios2-elf/lib\libc.a(lib_a-strtol.o)
                0x0000000001206478                _strtol_r
                0x00000000012066d8                strtol
 .text          0x00000000012066fc      0x314 c:/altera/15.0/nios2eds/bin/gnu/h-x86_64-mingw32/bin/../lib/gcc/nios2-elf/4.9.1/../../../../../H-x86_64-mingw32/nios2-elf/lib\libc.a(lib_a-strtoll_r.o)
                0x00000000012066fc                _strtoll_r
 .text          0x0000000001206a10      0x2ac c:/altera/15.0/nios2eds/bin/gnu/h-x86_64-mingw32/bin/../lib/gcc/nios2-elf/4.9.1/../../../../../H-x86_64-mingw32/nios2-elf/lib\libc.a(lib_a-strtoul.o)
                0x0000000001206a10                _strtoul_r
                0x0000000001206c98                strtoul
 .text          0x0000000001206cbc      0x354 c:/altera/15.0/nios2eds/bin/gnu/h-x86_64-mingw32/bin/../lib/gcc/nios2-elf/4.9.1/../../../../../H-x86_64-mingw32/nios2-elf/lib\libc.a(lib_a-strtoull_r.o)
                0x0000000001206cbc                _strtoull_r
 .text          0x0000000001207010     0x1300 c:/altera/15.0/nios2eds/bin/gnu/h-x86_64-mingw32/bin/../lib/gcc/nios2-elf/4.9.1/../../../../../H-x86_64-mingw32/nios2-elf/lib\libc.a(lib_a-svfiscanf.o)
                0x0000000001207010                _sungetc_r
                0x0000000001207108                __ssrefill_r
                0x0000000001207178                _sfread_r
                0x000000000120726c                __ssvfiscanf_r
 .text          0x0000000001208310     0x1f90 c:/altera/15.0/nios2eds/bin/gnu/h-x86_64-mingw32/bin/../lib/gcc/nios2-elf/4.9.1/../../../../../H-x86_64-mingw32/nios2-elf/lib\libc.a(lib_a-svfprintf.o)
                0x0000000001208310                ___svfprintf_internal_r
 .text          0x000000000120a2a0      0x278 c:/altera/15.0/nios2eds/bin/gnu/h-x86_64-mingw32/bin/../lib/gcc/nios2-elf/4.9.1/../../../../../H-x86_64-mingw32/nios2-elf/lib\libc.a(lib_a-ungetc.o)
                0x000000000120a2a0                __submore
                0x000000000120a374                _ungetc_r
                0x000000000120a4fc                ungetc
 .text          0x000000000120a518      0x130 c:/altera/15.0/nios2eds/bin/gnu/h-x86_64-mingw32/bin/../lib/gcc/nios2-elf/4.9.1/../../../../../H-x86_64-mingw32/nios2-elf/lib\libc.a(lib_a-wsetup.o)
                0x000000000120a518                __swsetup_r
 .text          0x000000000120a648     0x1928 c:/altera/15.0/nios2eds/bin/gnu/h-x86_64-mingw32/bin/../lib/gcc/nios2-elf/4.9.1/../../../../../H-x86_64-mingw32/nios2-elf/lib\libc.a(lib_a-dtoa.o)
                0x000000000120a848                _dtoa_r
 .text          0x000000000120bf70       0x58 c:/altera/15.0/nios2eds/bin/gnu/h-x86_64-mingw32/bin/../lib/gcc/nios2-elf/4.9.1/../../../../../H-x86_64-mingw32/nios2-elf/lib\libc.a(lib_a-fstatr.o)
                0x000000000120bf70                _fstat_r
 .text          0x000000000120bfc8      0x9a0 c:/altera/15.0/nios2eds/bin/gnu/h-x86_64-mingw32/bin/../lib/gcc/nios2-elf/4.9.1/../../../../../H-x86_64-mingw32/nios2-elf/lib\libc.a(lib_a-gdtoa-gethex.o)
                0x000000000120c0c8                __hexdig_init
                0x000000000120c14c                __gethex
 .text          0x000000000120c968      0x294 c:/altera/15.0/nios2eds/bin/gnu/h-x86_64-mingw32/bin/../lib/gcc/nios2-elf/4.9.1/../../../../../H-x86_64-mingw32/nios2-elf/lib\libc.a(lib_a-gdtoa-hexnan.o)
                0x000000000120c968                __hexnan
 .text          0x000000000120cbfc       0x54 c:/altera/15.0/nios2eds/bin/gnu/h-x86_64-mingw32/bin/../lib/gcc/nios2-elf/4.9.1/../../../../../H-x86_64-mingw32/nios2-elf/lib\libc.a(lib_a-isattyr.o)
                0x000000000120cbfc                _isatty_r
 .text          0x000000000120cc50      0xf8c c:/altera/15.0/nios2eds/bin/gnu/h-x86_64-mingw32/bin/../lib/gcc/nios2-elf/4.9.1/../../../../../H-x86_64-mingw32/nios2-elf/lib\libc.a(lib_a-mprec.o)
                0x000000000120cc50                _Balloc
                0x000000000120ccf8                _Bfree
                0x000000000120cd20                __multadd
                0x000000000120ce34                __s2b
                0x000000000120cf38                __hi0bits
                0x000000000120cfa0                __lo0bits
                0x000000000120d050                __i2b
                0x000000000120d08c                __multiply
                0x000000000120d288                __pow5mult
                0x000000000120d3c8                __lshift
                0x000000000120d510                __mcmp
                0x000000000120d570                __mdiff
                0x000000000120d708                __ulp
                0x000000000120d768                __b2d
                0x000000000120d884                __d2b
                0x000000000120d9c0                __ratio
                0x000000000120da64                _mprec_log10
                0x000000000120dad8                __copybits
                0x000000000120db50                __any_on
 .text          0x000000000120dbdc       0xc0 c:/altera/15.0/nios2eds/bin/gnu/h-x86_64-mingw32/bin/../lib/gcc/nios2-elf/4.9.1/../../../../../H-x86_64-mingw32/nios2-elf/lib\libc.a(lib_a-strncmp.o)
                0x000000000120dbdc                strncmp
 .text          0x000000000120dc9c     0x1230 c:/altera/15.0/nios2eds/bin/gnu/h-x86_64-mingw32/bin/../lib/gcc/nios2-elf/4.9.1/../../../../../H-x86_64-mingw32/nios2-elf/lib\libc.a(lib_a-svfiprintf.o)
                0x000000000120dc9c                __ssprint_r
                0x000000000120de64                ___svfiprintf_internal_r
 .text          0x000000000120eecc       0xc4 c:/altera/15.0/nios2eds/bin/gnu/h-x86_64-mingw32/bin/../lib/gcc/nios2-elf/4.9.1/../../../../../H-x86_64-mingw32/nios2-elf/lib\libc.a(lib_a-callocr.o)
                0x000000000120eecc                _calloc_r
 .text          0x000000000120ef90       0x60 c:/altera/15.0/nios2eds/bin/gnu/h-x86_64-mingw32/bin/../lib/gcc/nios2-elf/4.9.1\libgcc.a(_muldi3.o)
                0x000000000120ef90                __muldi3
 .text          0x000000000120eff0       0x74 c:/altera/15.0/nios2eds/bin/gnu/h-x86_64-mingw32/bin/../lib/gcc/nios2-elf/4.9.1\libgcc.a(_fixunsdfsi.o)
                0x000000000120eff0                __fixunsdfsi
 .text          0x000000000120f064      0x5c0 c:/altera/15.0/nios2eds/bin/gnu/h-x86_64-mingw32/bin/../lib/gcc/nios2-elf/4.9.1\libgcc.a(_udivdi3.o)
                0x000000000120f064                __udivdi3
 .text          0x000000000120f624      0x590 c:/altera/15.0/nios2eds/bin/gnu/h-x86_64-mingw32/bin/../lib/gcc/nios2-elf/4.9.1\libgcc.a(_umoddi3.o)
                0x000000000120f624                __umoddi3
 .text          0x000000000120fbb4      0x12c c:/altera/15.0/nios2eds/bin/gnu/h-x86_64-mingw32/bin/../lib/gcc/nios2-elf/4.9.1\libgcc.a(lib2-divmod.o)
                0x000000000120fc20                __divsi3
                0x000000000120fc74                __modsi3
                0x000000000120fcd0                __udivsi3
                0x000000000120fcd8                __umodsi3
 .text          0x000000000120fce0       0x74 c:/altera/15.0/nios2eds/bin/gnu/h-x86_64-mingw32/bin/../lib/gcc/nios2-elf/4.9.1\libgcc.a(eqsf2.o)
                0x000000000120fce0                __eqsf2
                0x000000000120fce0                __nesf2
 .text          0x000000000120fd54       0xb8 c:/altera/15.0/nios2eds/bin/gnu/h-x86_64-mingw32/bin/../lib/gcc/nios2-elf/4.9.1\libgcc.a(gesf2.o)
                0x000000000120fd54                __gesf2
                0x000000000120fd54                __gtsf2
 .text          0x000000000120fe0c       0xb8 c:/altera/15.0/nios2eds/bin/gnu/h-x86_64-mingw32/bin/../lib/gcc/nios2-elf/4.9.1\libgcc.a(lesf2.o)
                0x000000000120fe0c                __ltsf2
                0x000000000120fe0c                __lesf2
 .text          0x000000000120fec4      0x89c c:/altera/15.0/nios2eds/bin/gnu/h-x86_64-mingw32/bin/../lib/gcc/nios2-elf/4.9.1\libgcc.a(adddf3.o)
                0x000000000120fec4                __adddf3
 .text          0x0000000001210760      0x8cc c:/altera/15.0/nios2eds/bin/gnu/h-x86_64-mingw32/bin/../lib/gcc/nios2-elf/4.9.1\libgcc.a(divdf3.o)
                0x0000000001210760                __divdf3
 .text          0x000000000121102c       0x84 c:/altera/15.0/nios2eds/bin/gnu/h-x86_64-mingw32/bin/../lib/gcc/nios2-elf/4.9.1\libgcc.a(eqdf2.o)
                0x000000000121102c                __nedf2
                0x000000000121102c                __eqdf2
 .text          0x00000000012110b0       0xe0 c:/altera/15.0/nios2eds/bin/gnu/h-x86_64-mingw32/bin/../lib/gcc/nios2-elf/4.9.1\libgcc.a(gedf2.o)
                0x00000000012110b0                __gedf2
                0x00000000012110b0                __gtdf2
 .text          0x0000000001211190       0xe0 c:/altera/15.0/nios2eds/bin/gnu/h-x86_64-mingw32/bin/../lib/gcc/nios2-elf/4.9.1\libgcc.a(ledf2.o)
                0x0000000001211190                __ledf2
                0x0000000001211190                __ltdf2
 .text          0x0000000001211270      0x724 c:/altera/15.0/nios2eds/bin/gnu/h-x86_64-mingw32/bin/../lib/gcc/nios2-elf/4.9.1\libgcc.a(muldf3.o)
                0x0000000001211270                __muldf3
 .text          0x0000000001211994      0x8d0 c:/altera/15.0/nios2eds/bin/gnu/h-x86_64-mingw32/bin/../lib/gcc/nios2-elf/4.9.1\libgcc.a(subdf3.o)
                0x0000000001211994                __subdf3
 .text          0x0000000001212264       0x88 c:/altera/15.0/nios2eds/bin/gnu/h-x86_64-mingw32/bin/../lib/gcc/nios2-elf/4.9.1\libgcc.a(fixdfsi.o)
                0x0000000001212264                __fixdfsi
 .text          0x00000000012122ec       0xd0 c:/altera/15.0/nios2eds/bin/gnu/h-x86_64-mingw32/bin/../lib/gcc/nios2-elf/4.9.1\libgcc.a(floatsidf.o)
                0x00000000012122ec                __floatsidf
 .text          0x00000000012123bc       0xa4 c:/altera/15.0/nios2eds/bin/gnu/h-x86_64-mingw32/bin/../lib/gcc/nios2-elf/4.9.1\libgcc.a(floatunsidf.o)
                0x00000000012123bc                __floatunsidf
 .text          0x0000000001212460      0x198 c:/altera/15.0/nios2eds/bin/gnu/h-x86_64-mingw32/bin/../lib/gcc/nios2-elf/4.9.1\libgcc.a(truncdfsf2.o)
                0x0000000001212460                __truncdfsf2
 .text          0x00000000012125f8        0x0 c:/altera/15.0/nios2eds/bin/gnu/h-x86_64-mingw32/bin/../lib/gcc/nios2-elf/4.9.1\libgcc.a(_clz.o)
 .text          0x00000000012125f8       0x64 c:/altera/15.0/nios2eds/bin/gnu/h-x86_64-mingw32/bin/../lib/gcc/nios2-elf/4.9.1\libgcc.a(_clzsi2.o)
                0x00000000012125f8                __clzsi2
 .text          0x000000000121265c      0x120 ../niosII_bsp/\libucosii_bsp.a(alt_close.o)
                0x00000000012126ac                close
 .text          0x000000000121277c       0x2c ../niosII_bsp/\libucosii_bsp.a(alt_dev.o)
 .text          0x00000000012127a8        0x0 ../niosII_bsp/\libucosii_bsp.a(alt_errno.o)
 .text          0x00000000012127a8      0x100 ../niosII_bsp/\libucosii_bsp.a(alt_fstat.o)
                0x00000000012127f8                fstat
 .text          0x00000000012128a8       0xf4 ../niosII_bsp/\libucosii_bsp.a(alt_isatty.o)
                0x00000000012128f8                isatty
 .text          0x000000000121299c      0x124 ../niosII_bsp/\libucosii_bsp.a(alt_lseek.o)
                0x00000000012129ec                lseek
 .text          0x0000000001212ac0       0xd4 ../niosII_bsp/\libucosii_bsp.a(alt_main.o)
                0x0000000001212ac0                alt_main
 .text          0x0000000001212b94      0x14c ../niosII_bsp/\libucosii_bsp.a(alt_read.o)
                0x0000000001212be4                read
 .text          0x0000000001212ce0       0x60 ../niosII_bsp/\libucosii_bsp.a(alt_release_fd.o)
                0x0000000001212ce0                alt_release_fd
 .text          0x0000000001212d40       0xb0 ../niosII_bsp/\libucosii_bsp.a(alt_sbrk.o)
                0x0000000001212d40                sbrk
 .text          0x0000000001212df0      0x148 ../niosII_bsp/\libucosii_bsp.a(alt_write.o)
                0x0000000001212e40                write
 .text          0x0000000001212f38      0x11c ../niosII_bsp/\libucosii_bsp.a(alt_env_lock.o)
                0x0000000001212f38                __env_lock
                0x0000000001212ff8                __env_unlock
 .text          0x0000000001213054      0x1f0 ../niosII_bsp/\libucosii_bsp.a(alt_malloc_lock.o)
                0x0000000001213054                __malloc_lock
                0x0000000001213174                __malloc_unlock
 .text          0x0000000001213244     0x1fe0 ../niosII_bsp/\libucosii_bsp.a(os_core.o)
                0x0000000001213244                OSEventNameGet
                0x0000000001213364                OSEventNameSet
                0x00000000012134a0                OSEventPendMulti
                0x0000000001213ab0                OSInit
                0x0000000001213b04                OSIntEnter
                0x0000000001213b80                OSIntExit
                0x0000000001213c74                OSSchedLock
                0x0000000001213cfc                OSSchedUnlock
                0x0000000001213dd4                OSStart
                0x0000000001213e40                OSStatInit
                0x0000000001213eec                OSTimeTick
                0x0000000001214108                OSVersion
                0x0000000001214128                OS_Dummy
                0x0000000001214144                OS_EventTaskRdy
                0x00000000012142dc                OS_EventTaskWait
                0x00000000012143e8                OS_EventTaskWaitMulti
                0x0000000001214534                OS_EventTaskRemove
                0x00000000012145e8                OS_EventTaskRemoveMulti
                0x00000000012146e4                OS_EventWaitListInit
                0x0000000001214aa8                OS_MemClr
                0x0000000001214af8                OS_MemCopy
                0x0000000001214b5c                OS_Sched
                0x0000000001214c98                OS_StrCopy
                0x0000000001214d0c                OS_StrLen
                0x0000000001214d60                OS_TaskIdle
                0x0000000001214dbc                OS_TaskStat
                0x0000000001214e88                OS_TaskStatStkChk
                0x0000000001214f50                OS_TCBInit
 .text          0x0000000001215224      0x18c ../niosII_bsp/\libucosii_bsp.a(os_dbg.o)
                0x0000000001215224                OSDebugInit
 .text          0x00000000012153b0     0x181c ../niosII_bsp/\libucosii_bsp.a(os_flag.o)
                0x00000000012153b0                OSFlagAccept
                0x00000000012156b8                OSFlagCreate
                0x00000000012157e0                OSFlagDel
                0x0000000001215a50                OSFlagNameGet
                0x0000000001215b80                OSFlagNameSet
                0x0000000001215cd0                OSFlagPend
                0x00000000012162c0                OSFlagPendGetFlagsRdy
                0x0000000001216328                OSFlagPost
                0x00000000012166b0                OSFlagQuery
                0x0000000001216938                OS_FlagInit
                0x0000000001216b2c                OS_FlagUnlink
 .text          0x0000000001216bcc      0x784 ../niosII_bsp/\libucosii_bsp.a(os_mem.o)
                0x0000000001216bcc                OSMemCreate
                0x0000000001216dc0                OSMemGet
                0x0000000001216eb0                OSMemNameGet
                0x0000000001216fa8                OSMemNameSet
                0x00000000012170c0                OSMemPut
                0x0000000001217198                OSMemQuery
                0x0000000001217280                OS_MemInit
 .text          0x0000000001217350     0x1210 ../niosII_bsp/\libucosii_bsp.a(os_q.o)
                0x0000000001217350                OSQAccept
                0x0000000001217490                OSQCreate
                0x000000000121768c                OSQDel
                0x0000000001217954                OSQFlush
                0x0000000001217a0c                OSQPend
                0x0000000001217d08                OSQPendAbort
                0x0000000001217e74                OSQPost
                0x0000000001217fdc                OSQPostFront
                0x000000000121814c                OSQPostOpt
                0x0000000001218358                OSQQuery
                0x00000000012184b4                OS_QInit
 .text          0x0000000001218560      0xb08 ../niosII_bsp/\libucosii_bsp.a(os_sem.o)
                0x0000000001218560                OSSemAccept
                0x0000000001218610                OSSemCreate
                0x0000000001218710                OSSemDel
                0x0000000001218978                OSSemPend
                0x0000000001218be0                OSSemPendAbort
                0x0000000001218d4c                OSSemPost
                0x0000000001218e5c                OSSemQuery
                0x0000000001218f6c                OSSemSet
 .text          0x0000000001219068     0x18f4 ../niosII_bsp/\libucosii_bsp.a(os_task.o)
                0x0000000001219068                OSTaskChangePrio
                0x00000000012195a8                OSTaskCreate
                0x0000000001219764                OSTaskCreateExt
                0x0000000001219950                OSTaskDel
                0x0000000001219d30                OSTaskDelReq
                0x0000000001219e88                OSTaskNameGet
                0x000000000121a030                OSTaskNameSet
                0x000000000121a1f0                OSTaskResume
                0x000000000121a3e8                OSTaskStkChk
                0x000000000121a5b0                OSTaskSuspend
                0x000000000121a7c4                OSTaskQuery
                0x000000000121a8f0                OS_TaskStkClr
 .text          0x000000000121a95c      0x55c ../niosII_bsp/\libucosii_bsp.a(os_time.o)
                0x000000000121a95c                OSTimeDly
                0x000000000121aaa4                OSTimeDlyHMSM
                0x000000000121ac00                OSTimeDlyResume
                0x000000000121adf0                OSTimeGet
                0x000000000121ae54                OSTimeSet
 .text          0x000000000121aeb8       0xe8 ../niosII_bsp/\libucosii_bsp.a(alt_sys_init.o)
                0x000000000121aef0                alt_irq_init
                0x000000000121af24                alt_sys_init
 .text          0x000000000121afa0      0x88c ../niosII_bsp/\libucosii_bsp.a(altera_avalon_cfi_flash.o)
                0x000000000121afd8                alt_flash_cfi_init
                0x000000000121b068                alt_flash_cfi_write
                0x000000000121b310                alt_flash_cfi_get_info
                0x000000000121b39c                alt_flash_cfi_read
                0x000000000121b400                alt_write_value_to_flash
                0x000000000121b558                alt_flash_program_block
 .text          0x000000000121b82c     0x1454 ../niosII_bsp/\libucosii_bsp.a(altera_avalon_cfi_flash_table.o)
                0x000000000121b82c                alt_read_query_entry_8bit
                0x000000000121b868                alt_read_query_entry_16bit
                0x000000000121b8a8                alt_read_query_entry_32bit
                0x000000000121b8e8                alt_write_flash_command_8bit_device_8bit_mode
                0x000000000121b92c                alt_write_flash_command_16bit_device_8bit_mode
                0x000000000121b9a4                alt_write_flash_command_32bit_device_8bit_mode
                0x000000000121b9f4                alt_write_flash_command_16bit_device_16bit_mode
                0x000000000121ba40                alt_write_flash_command_32bit_device_16bit_mode
                0x000000000121ba90                alt_write_flash_command_32bit_device_32bit_mode
                0x000000000121bae0                alt_write_native_8bit
                0x000000000121bb18                alt_write_native_16bit
                0x000000000121bb50                alt_write_native_32bit
                0x000000000121bb84                alt_set_flash_width_func
                0x000000000121bd40                alt_set_flash_algorithm_func
                0x000000000121be5c                alt_read_cfi_table
                0x000000000121c424                alt_read_cfi_width
                0x000000000121cba8                alt_check_primary_table
 .text          0x000000000121cc80      0x164 ../niosII_bsp/\libucosii_bsp.a(altera_avalon_jtag_uart_fd.o)
                0x000000000121cc80                altera_avalon_jtag_uart_read_fd
                0x000000000121cce0                altera_avalon_jtag_uart_write_fd
                0x000000000121cd40                altera_avalon_jtag_uart_close_fd
                0x000000000121cd90                altera_avalon_jtag_uart_ioctl_fd
 .text          0x000000000121cde4      0x568 ../niosII_bsp/\libucosii_bsp.a(altera_avalon_jtag_uart_init.o)
                0x000000000121cde4                altera_avalon_jtag_uart_init
                0x000000000121d2e4                altera_avalon_jtag_uart_close
 .text          0x000000000121d34c       0xec ../niosII_bsp/\libucosii_bsp.a(altera_avalon_jtag_uart_ioctl.o)
                0x000000000121d34c                altera_avalon_jtag_uart_ioctl
 .text          0x000000000121d438      0x2b4 ../niosII_bsp/\libucosii_bsp.a(altera_avalon_jtag_uart_read.o)
                0x000000000121d438                altera_avalon_jtag_uart_read
 .text          0x000000000121d6ec      0x2c0 ../niosII_bsp/\libucosii_bsp.a(altera_avalon_jtag_uart_write.o)
                0x000000000121d6ec                altera_avalon_jtag_uart_write
 .text          0x000000000121d9ac       0xfc ../niosII_bsp/\libucosii_bsp.a(altera_avalon_timer_sc.o)
                0x000000000121da20                alt_avalon_timer_sc_init
 .text          0x000000000121daa8      0x140 ../niosII_bsp/\libucosii_bsp.a(alt_alarm_start.o)
                0x000000000121daa8                alt_alarm_start
 .text          0x000000000121dbe8       0x74 ../niosII_bsp/\libucosii_bsp.a(alt_dcache_flush.o)
                0x000000000121dbe8                alt_dcache_flush
 .text          0x000000000121dc5c       0xf4 ../niosII_bsp/\libucosii_bsp.a(alt_dev_llist_insert.o)
                0x000000000121dcac                alt_dev_llist_insert
 .text          0x000000000121dd50       0x5c ../niosII_bsp/\libucosii_bsp.a(alt_do_ctors.o)
                0x000000000121dd50                _do_ctors
 .text          0x000000000121ddac       0x5c ../niosII_bsp/\libucosii_bsp.a(alt_do_dtors.o)
                0x000000000121ddac                _do_dtors
 .text          0x000000000121de08       0xb8 ../niosII_bsp/\libucosii_bsp.a(alt_flash_dev.o)
                0x000000000121de08                alt_flash_open_dev
                0x000000000121de70                alt_flash_close_dev
 .text          0x000000000121dec0      0x1e0 ../niosII_bsp/\libucosii_bsp.a(alt_iic.o)
                0x000000000121dec0                alt_ic_isr_register
                0x000000000121df10                alt_ic_irq_enable
                0x000000000121dfb0                alt_ic_irq_disable
                0x000000000121e054                alt_ic_irq_enabled
 .text          0x000000000121e0a0       0xf0 ../niosII_bsp/\libucosii_bsp.a(alt_iic_isr_register.o)
                0x000000000121e0a0                alt_iic_isr_register
 .text          0x000000000121e190      0x138 ../niosII_bsp/\libucosii_bsp.a(alt_io_redirect.o)
                0x000000000121e250                alt_io_redirect
 .text          0x000000000121e2c8        0x0 ../niosII_bsp/\libucosii_bsp.a(alt_irq_entry.o)
 .text          0x000000000121e2c8        0x0 ../niosII_bsp/\libucosii_bsp.a(alt_irq_handler.o)
 .text          0x000000000121e2c8        0x0 ../niosII_bsp/\libucosii_bsp.a(alt_irq_vars.o)
 .text          0x000000000121e2c8      0x274 ../niosII_bsp/\libucosii_bsp.a(alt_open.o)
                0x000000000121e3e4                open
 .text          0x000000000121e53c      0x19c ../niosII_bsp/\libucosii_bsp.a(alt_tick.o)
                0x000000000121e53c                alt_alarm_stop
                0x000000000121e5d4                alt_tick
 .text          0x000000000121e6d8       0x20 ../niosII_bsp/\libucosii_bsp.a(altera_nios2_qsys_irq.o)
                0x000000000121e6d8                altera_nios2_qsys_irq_init
 .text          0x000000000121e6f8       0xd0 ../niosII_bsp/\libucosii_bsp.a(os_cpu_a.o)
                0x000000000121e6f8                OSCtxSw
                0x000000000121e6f8                OSIntCtxSw
                0x000000000121e784                OSStartHighRdy
                0x000000000121e7a4                OSStartTsk
 .text          0x000000000121e7c8      0x3fc ../niosII_bsp/\libucosii_bsp.a(os_cpu_c.o)
                0x000000000121e7c8                OSTaskStkInit
                0x000000000121eabc                OSTaskCreateHook
                0x000000000121eadc                OSTaskDelHook
                0x000000000121eafc                OSTaskSwHook
                0x000000000121eb18                OSTaskStatHook
                0x000000000121eb34                OSTimeTickHook
                0x000000000121eb50                OSInitHookBegin
                0x000000000121eb6c                OSInitHookEnd
                0x000000000121eb88                OSTaskIdleHook
                0x000000000121eba4                OSTCBInitHook
 .text          0x000000000121ebc4      0x460 ../niosII_bsp/\libucosii_bsp.a(altera_avalon_cfi_flash_amd.o)
                0x000000000121ebc4                alt_program_amd
                0x000000000121ec2c                alt_erase_block_amd
 .text          0x000000000121f024      0x454 ../niosII_bsp/\libucosii_bsp.a(altera_avalon_cfi_flash_intel.o)
                0x000000000121f024                alt_program_intel
                0x000000000121f0a4                alt_erase_block_intel
 .text          0x000000000121f478        0x0 ../niosII_bsp/\libucosii_bsp.a(alt_exception_entry.o)
 .text          0x000000000121f478       0x90 ../niosII_bsp/\libucosii_bsp.a(alt_find_dev.o)
                0x000000000121f478                alt_find_dev
 .text          0x000000000121f508      0x114 ../niosII_bsp/\libucosii_bsp.a(alt_find_file.o)
                0x000000000121f508                alt_find_file
 .text          0x000000000121f61c       0xfc ../niosII_bsp/\libucosii_bsp.a(alt_get_fd.o)
                0x000000000121f61c                alt_get_fd
 .text          0x000000000121f718      0x124 ../niosII_bsp/\libucosii_bsp.a(alt_usleep.o)
                0x000000000121f718                usleep
 .text          0x000000000121f83c      0x158 ../niosII_bsp/\libucosii_bsp.a(alt_busy_sleep.o)
                0x000000000121f83c                alt_busy_sleep
 .text          0x000000000121f994       0x14 c:/altera/15.0/nios2eds/bin/gnu/h-x86_64-mingw32/bin/../lib/gcc/nios2-elf/4.9.1/../../../../../H-x86_64-mingw32/nios2-elf/lib\libc.a(lib_a-atexit.o)
                0x000000000121f994                atexit
 .text          0x000000000121f9a8       0x38 c:/altera/15.0/nios2eds/bin/gnu/h-x86_64-mingw32/bin/../lib/gcc/nios2-elf/4.9.1/../../../../../H-x86_64-mingw32/nios2-elf/lib\libc.a(lib_a-exit.o)
                0x000000000121f9a8                exit
 .text          0x000000000121f9e0       0x7c c:/altera/15.0/nios2eds/bin/gnu/h-x86_64-mingw32/bin/../lib/gcc/nios2-elf/4.9.1/../../../../../H-x86_64-mingw32/nios2-elf/lib\libc.a(lib_a-memcmp.o)
                0x000000000121f9e0                memcmp
 .text          0x000000000121fa5c      0x114 c:/altera/15.0/nios2eds/bin/gnu/h-x86_64-mingw32/bin/../lib/gcc/nios2-elf/4.9.1/../../../../../H-x86_64-mingw32/nios2-elf/lib\libc.a(lib_a-__atexit.o)
                0x000000000121fa5c                __register_exitproc
 .text          0x000000000121fb70      0x194 c:/altera/15.0/nios2eds/bin/gnu/h-x86_64-mingw32/bin/../lib/gcc/nios2-elf/4.9.1/../../../../../H-x86_64-mingw32/nios2-elf/lib\libc.a(lib_a-__call_atexit.o)
                0x000000000121fb70                __call_exitprocs
 .text          0x000000000121fd04       0x3c ../niosII_bsp/\libucosii_bsp.a(alt_exit.o)
                0x000000000121fd04                _exit
 *(.gnu.warning.*)
 *(.fini)
                0x000000000121fd40                PROVIDE (__etext, ABSOLUTE (.))
                0x000000000121fd40                PROVIDE (_etext, ABSOLUTE (.))
                0x000000000121fd40                PROVIDE (etext, ABSOLUTE (.))
 *(.eh_frame_hdr)
                0x000000000121fd40                . = ALIGN (0x4)
                0x000000000121fd40                PROVIDE (__preinit_array_start, ABSOLUTE (.))
 *(.preinit_array)
                0x000000000121fd40                PROVIDE (__preinit_array_end, ABSOLUTE (.))
                0x000000000121fd40                PROVIDE (__init_array_start, ABSOLUTE (.))
 *(.init_array)
                0x000000000121fd40                PROVIDE (__init_array_end, ABSOLUTE (.))
                0x000000000121fd40                PROVIDE (__fini_array_start, ABSOLUTE (.))
 *(.fini_array)
                0x000000000121fd40                PROVIDE (__fini_array_end, ABSOLUTE (.))
 *(.eh_frame)
 *(.gcc_except_table .gcc_except_table.*)
 *(.dynamic)
                0x000000000121fd40                PROVIDE (__CTOR_LIST__, ABSOLUTE (.))
 *(.ctors)
 *(SORT(.ctors.*))
                0x000000000121fd40                PROVIDE (__CTOR_END__, ABSOLUTE (.))
                0x000000000121fd40                PROVIDE (__DTOR_LIST__, ABSOLUTE (.))
 *(.dtors)
 *(SORT(.dtors.*))
                0x000000000121fd40                PROVIDE (__DTOR_END__, ABSOLUTE (.))
 *(.jcr)
                0x000000000121fd40                . = ALIGN (0x4)

.rodata         0x000000000121fd40      0x804
                0x000000000121fd40                PROVIDE (__ram_rodata_start, ABSOLUTE (.))
                0x000000000121fd40                . = ALIGN (0x4)
 *(.rodata .rodata.* .gnu.linkonce.r.*)
 .rodata        0x000000000121fd40       0xb0 obj/default/pwm.o
 .rodata.str1.4
                0x000000000121fdf0        0x2 c:/altera/15.0/nios2eds/bin/gnu/h-x86_64-mingw32/bin/../lib/gcc/nios2-elf/4.9.1/../../../../../H-x86_64-mingw32/nios2-elf/lib\libc.a(lib_a-impure.o)
                                          0x4 (size before relaxing)
 *fill*         0x000000000121fdf2        0x2 
 .rodata.str1.4
                0x000000000121fdf4        0x2 c:/altera/15.0/nios2eds/bin/gnu/h-x86_64-mingw32/bin/../lib/gcc/nios2-elf/4.9.1/../../../../../H-x86_64-mingw32/nios2-elf/lib\libc.a(lib_a-puts.o)
                                          0x4 (size before relaxing)
 *fill*         0x000000000121fdf6        0x2 
 .rodata.str1.4
                0x000000000121fdf8        0x5 c:/altera/15.0/nios2eds/bin/gnu/h-x86_64-mingw32/bin/../lib/gcc/nios2-elf/4.9.1/../../../../../H-x86_64-mingw32/nios2-elf/lib\libc.a(lib_a-svfscanf.o)
                                          0x8 (size before relaxing)
 *fill*         0x000000000121fdfd        0x1 
 .rodata        0x000000000121fdfe       0x22 c:/altera/15.0/nios2eds/bin/gnu/h-x86_64-mingw32/bin/../lib/gcc/nios2-elf/4.9.1/../../../../../H-x86_64-mingw32/nios2-elf/lib\libc.a(lib_a-svfscanf.o)
 .rodata        0x000000000121fe20      0x281 c:/altera/15.0/nios2eds/bin/gnu/h-x86_64-mingw32/bin/../lib/gcc/nios2-elf/4.9.1/../../../../../H-x86_64-mingw32/nios2-elf/lib\libc.a(lib_a-ctype_.o)
                0x000000000121fe20                _ctype_
 *fill*         0x00000000012200a1        0x3 
 .rodata.str1.4
                0x00000000012200a4        0xa c:/altera/15.0/nios2eds/bin/gnu/h-x86_64-mingw32/bin/../lib/gcc/nios2-elf/4.9.1/../../../../../H-x86_64-mingw32/nios2-elf/lib\libc.a(lib_a-locale.o)
                                         0x14 (size before relaxing)
 .rodata.str1.4
                0x0000000000000000        0x4 c:/altera/15.0/nios2eds/bin/gnu/h-x86_64-mingw32/bin/../lib/gcc/nios2-elf/4.9.1/../../../../../H-x86_64-mingw32/nios2-elf/lib\libc.a(lib_a-mbrtowc.o)
 *fill*         0x00000000012200ae        0x2 
 .rodata.str1.4
                0x00000000012200b0        0xf c:/altera/15.0/nios2eds/bin/gnu/h-x86_64-mingw32/bin/../lib/gcc/nios2-elf/4.9.1/../../../../../H-x86_64-mingw32/nios2-elf/lib\libc.a(lib_a-strtod.o)
                                         0x10 (size before relaxing)
 *fill*         0x00000000012200bf        0x1 
 .rodata        0x00000000012200c0       0x28 c:/altera/15.0/nios2eds/bin/gnu/h-x86_64-mingw32/bin/../lib/gcc/nios2-elf/4.9.1/../../../../../H-x86_64-mingw32/nios2-elf/lib\libc.a(lib_a-strtod.o)
 .rodata        0x00000000012200e8       0x22 c:/altera/15.0/nios2eds/bin/gnu/h-x86_64-mingw32/bin/../lib/gcc/nios2-elf/4.9.1/../../../../../H-x86_64-mingw32/nios2-elf/lib\libc.a(lib_a-svfiscanf.o)
 *fill*         0x000000000122010a        0x2 
 .rodata.str1.4
                0x000000000122010c       0x42 c:/altera/15.0/nios2eds/bin/gnu/h-x86_64-mingw32/bin/../lib/gcc/nios2-elf/4.9.1/../../../../../H-x86_64-mingw32/nios2-elf/lib\libc.a(lib_a-svfprintf.o)
                                         0x44 (size before relaxing)
 .rodata        0x000000000122014e       0x20 c:/altera/15.0/nios2eds/bin/gnu/h-x86_64-mingw32/bin/../lib/gcc/nios2-elf/4.9.1/../../../../../H-x86_64-mingw32/nios2-elf/lib\libc.a(lib_a-svfprintf.o)
 *fill*         0x000000000122016e        0x2 
 .rodata.str1.4
                0x0000000001220170       0x10 c:/altera/15.0/nios2eds/bin/gnu/h-x86_64-mingw32/bin/../lib/gcc/nios2-elf/4.9.1/../../../../../H-x86_64-mingw32/nios2-elf/lib\libc.a(lib_a-dtoa.o)
                                         0x14 (size before relaxing)
 .rodata.str1.4
                0x0000000001220180       0x1c c:/altera/15.0/nios2eds/bin/gnu/h-x86_64-mingw32/bin/../lib/gcc/nios2-elf/4.9.1/../../../../../H-x86_64-mingw32/nios2-elf/lib\libc.a(lib_a-gdtoa-gethex.o)
 .rodata        0x000000000122019c      0x124 c:/altera/15.0/nios2eds/bin/gnu/h-x86_64-mingw32/bin/../lib/gcc/nios2-elf/4.9.1/../../../../../H-x86_64-mingw32/nios2-elf/lib\libc.a(lib_a-mprec.o)
                0x00000000012201a8                __mprec_tinytens
                0x00000000012201d0                __mprec_bigtens
                0x00000000012201f8                __mprec_tens
 .rodata.str1.4
                0x0000000000000000       0x30 c:/altera/15.0/nios2eds/bin/gnu/h-x86_64-mingw32/bin/../lib/gcc/nios2-elf/4.9.1/../../../../../H-x86_64-mingw32/nios2-elf/lib\libc.a(lib_a-svfiprintf.o)
 .rodata        0x00000000012202c0       0x20 c:/altera/15.0/nios2eds/bin/gnu/h-x86_64-mingw32/bin/../lib/gcc/nios2-elf/4.9.1/../../../../../H-x86_64-mingw32/nios2-elf/lib\libc.a(lib_a-svfiprintf.o)
 .rodata        0x00000000012202e0      0x100 c:/altera/15.0/nios2eds/bin/gnu/h-x86_64-mingw32/bin/../lib/gcc/nios2-elf/4.9.1\libgcc.a(_clz.o)
                0x00000000012202e0                __clz_tab
 .rodata        0x00000000012203e0        0xc ../niosII_bsp/\libucosii_bsp.a(alt_dev.o)
 .rodata        0x00000000012203ec       0x10 ../niosII_bsp/\libucosii_bsp.a(alt_main.o)
 .rodata        0x00000000012203fc      0x120 ../niosII_bsp/\libucosii_bsp.a(os_core.o)
                0x00000000012203fc                OSUnMapTbl
 .rodata        0x000000000122051c       0x24 ../niosII_bsp/\libucosii_bsp.a(alt_sys_init.o)
 .rodata        0x0000000001220540        0x4 ../niosII_bsp/\libucosii_bsp.a(os_cpu_c.o)
 *(.rodata1)
                0x0000000001220544                . = ALIGN (0x4)
                0x0000000001220544                PROVIDE (__ram_rodata_end, ABSOLUTE (.))
                0x000000000121fd40                PROVIDE (__flash_rodata_start, LOADADDR (.rodata))

.rwdata         0x0000000001220544     0x1c84
                0x0000000001220544                PROVIDE (__ram_rwdata_start, ABSOLUTE (.))
                0x0000000001220544                . = ALIGN (0x4)
 *(.got.plt)
 *(.got)
 *(.data1)
 *(.data .data.* .gnu.linkonce.d.*)
 .data          0x0000000001220544        0x0 ../niosII_bsp//obj/HAL/src/crt0.o
 .data          0x0000000001220544        0x0 obj/default/pwm.o
 .data          0x0000000001220544        0x0 c:/altera/15.0/nios2eds/bin/gnu/h-x86_64-mingw32/bin/../lib/gcc/nios2-elf/4.9.1/../../../../../H-x86_64-mingw32/nios2-elf/lib\libc.a(lib_a-fgets.o)
 .data          0x0000000001220544        0x0 c:/altera/15.0/nios2eds/bin/gnu/h-x86_64-mingw32/bin/../lib/gcc/nios2-elf/4.9.1/../../../../../H-x86_64-mingw32/nios2-elf/lib\libc.a(lib_a-findfp.o)
 .data          0x0000000001220544        0x0 c:/altera/15.0/nios2eds/bin/gnu/h-x86_64-mingw32/bin/../lib/gcc/nios2-elf/4.9.1/../../../../../H-x86_64-mingw32/nios2-elf/lib\libc.a(lib_a-fwalk.o)
 .data          0x0000000001220544      0x424 c:/altera/15.0/nios2eds/bin/gnu/h-x86_64-mingw32/bin/../lib/gcc/nios2-elf/4.9.1/../../../../../H-x86_64-mingw32/nios2-elf/lib\libc.a(lib_a-impure.o)
 .data          0x0000000001220968      0x408 c:/altera/15.0/nios2eds/bin/gnu/h-x86_64-mingw32/bin/../lib/gcc/nios2-elf/4.9.1/../../../../../H-x86_64-mingw32/nios2-elf/lib\libc.a(lib_a-mallocr.o)
                0x0000000001220968                __malloc_av_
 .data          0x0000000001220d70        0x0 c:/altera/15.0/nios2eds/bin/gnu/h-x86_64-mingw32/bin/../lib/gcc/nios2-elf/4.9.1/../../../../../H-x86_64-mingw32/nios2-elf/lib\libc.a(lib_a-memchr.o)
 .data          0x0000000001220d70        0x0 c:/altera/15.0/nios2eds/bin/gnu/h-x86_64-mingw32/bin/../lib/gcc/nios2-elf/4.9.1/../../../../../H-x86_64-mingw32/nios2-elf/lib\libc.a(lib_a-memcpy.o)
 .data          0x0000000001220d70        0x0 c:/altera/15.0/nios2eds/bin/gnu/h-x86_64-mingw32/bin/../lib/gcc/nios2-elf/4.9.1/../../../../../H-x86_64-mingw32/nios2-elf/lib\libc.a(lib_a-memset.o)
 .data          0x0000000001220d70        0x0 c:/altera/15.0/nios2eds/bin/gnu/h-x86_64-mingw32/bin/../lib/gcc/nios2-elf/4.9.1/../../../../../H-x86_64-mingw32/nios2-elf/lib\libc.a(lib_a-puts.o)
 .data          0x0000000001220d70        0x0 c:/altera/15.0/nios2eds/bin/gnu/h-x86_64-mingw32/bin/../lib/gcc/nios2-elf/4.9.1/../../../../../H-x86_64-mingw32/nios2-elf/lib\libc.a(lib_a-refill.o)
 .data          0x0000000001220d70        0x0 c:/altera/15.0/nios2eds/bin/gnu/h-x86_64-mingw32/bin/../lib/gcc/nios2-elf/4.9.1/../../../../../H-x86_64-mingw32/nios2-elf/lib\libc.a(lib_a-sbrkr.o)
 .data          0x0000000001220d70        0x0 c:/altera/15.0/nios2eds/bin/gnu/h-x86_64-mingw32/bin/../lib/gcc/nios2-elf/4.9.1/../../../../../H-x86_64-mingw32/nios2-elf/lib\libc.a(lib_a-sscanf.o)
 .data          0x0000000001220d70        0x0 c:/altera/15.0/nios2eds/bin/gnu/h-x86_64-mingw32/bin/../lib/gcc/nios2-elf/4.9.1/../../../../../H-x86_64-mingw32/nios2-elf/lib\libc.a(lib_a-stdio.o)
 .data          0x0000000001220d70        0x0 c:/altera/15.0/nios2eds/bin/gnu/h-x86_64-mingw32/bin/../lib/gcc/nios2-elf/4.9.1/../../../../../H-x86_64-mingw32/nios2-elf/lib\libc.a(lib_a-strlen.o)
 .data          0x0000000001220d70        0x0 c:/altera/15.0/nios2eds/bin/gnu/h-x86_64-mingw32/bin/../lib/gcc/nios2-elf/4.9.1/../../../../../H-x86_64-mingw32/nios2-elf/lib\libc.a(lib_a-svfscanf.o)
 .data          0x0000000001220d70        0x0 c:/altera/15.0/nios2eds/bin/gnu/h-x86_64-mingw32/bin/../lib/gcc/nios2-elf/4.9.1/../../../../../H-x86_64-mingw32/nios2-elf/lib\libc.a(lib_a-writer.o)
 .data          0x0000000001220d70        0x0 c:/altera/15.0/nios2eds/bin/gnu/h-x86_64-mingw32/bin/../lib/gcc/nios2-elf/4.9.1/../../../../../H-x86_64-mingw32/nios2-elf/lib\libc.a(closer.o)
 .data          0x0000000001220d70        0x0 c:/altera/15.0/nios2eds/bin/gnu/h-x86_64-mingw32/bin/../lib/gcc/nios2-elf/4.9.1/../../../../../H-x86_64-mingw32/nios2-elf/lib\libc.a(lib_a-ctype_.o)
 .data          0x0000000001220d70        0x0 c:/altera/15.0/nios2eds/bin/gnu/h-x86_64-mingw32/bin/../lib/gcc/nios2-elf/4.9.1/../../../../../H-x86_64-mingw32/nios2-elf/lib\libc.a(lib_a-fclose.o)
 .data          0x0000000001220d70        0x0 c:/altera/15.0/nios2eds/bin/gnu/h-x86_64-mingw32/bin/../lib/gcc/nios2-elf/4.9.1/../../../../../H-x86_64-mingw32/nios2-elf/lib\libc.a(lib_a-fflush.o)
 .data          0x0000000001220d70        0x0 c:/altera/15.0/nios2eds/bin/gnu/h-x86_64-mingw32/bin/../lib/gcc/nios2-elf/4.9.1/../../../../../H-x86_64-mingw32/nios2-elf/lib\libc.a(lib_a-freer.o)
 .data          0x0000000001220d70        0x0 c:/altera/15.0/nios2eds/bin/gnu/h-x86_64-mingw32/bin/../lib/gcc/nios2-elf/4.9.1/../../../../../H-x86_64-mingw32/nios2-elf/lib\libc.a(lib_a-fvwrite.o)
 .data          0x0000000001220d70        0x0 c:/altera/15.0/nios2eds/bin/gnu/h-x86_64-mingw32/bin/../lib/gcc/nios2-elf/4.9.1/../../../../../H-x86_64-mingw32/nios2-elf/lib\libc.a(lib_a-int_errno.o)
 .data          0x0000000001220d70        0x0 c:/altera/15.0/nios2eds/bin/gnu/h-x86_64-mingw32/bin/../lib/gcc/nios2-elf/4.9.1/../../../../../H-x86_64-mingw32/nios2-elf/lib\libc.a(lib_a-iswspace.o)
 .data          0x0000000001220d70       0x78 c:/altera/15.0/nios2eds/bin/gnu/h-x86_64-mingw32/bin/../lib/gcc/nios2-elf/4.9.1/../../../../../H-x86_64-mingw32/nios2-elf/lib\libc.a(lib_a-locale.o)
 .data          0x0000000001220de8        0x0 c:/altera/15.0/nios2eds/bin/gnu/h-x86_64-mingw32/bin/../lib/gcc/nios2-elf/4.9.1/../../../../../H-x86_64-mingw32/nios2-elf/lib\libc.a(lib_a-lseekr.o)
 .data          0x0000000001220de8        0x0 c:/altera/15.0/nios2eds/bin/gnu/h-x86_64-mingw32/bin/../lib/gcc/nios2-elf/4.9.1/../../../../../H-x86_64-mingw32/nios2-elf/lib\libc.a(lib_a-makebuf.o)
 .data          0x0000000001220de8        0x0 c:/altera/15.0/nios2eds/bin/gnu/h-x86_64-mingw32/bin/../lib/gcc/nios2-elf/4.9.1/../../../../../H-x86_64-mingw32/nios2-elf/lib\libc.a(lib_a-mbrtowc.o)
 .data          0x0000000001220de8        0x0 c:/altera/15.0/nios2eds/bin/gnu/h-x86_64-mingw32/bin/../lib/gcc/nios2-elf/4.9.1/../../../../../H-x86_64-mingw32/nios2-elf/lib\libc.a(lib_a-mbtowc_r.o)
 .data          0x0000000001220de8        0x0 c:/altera/15.0/nios2eds/bin/gnu/h-x86_64-mingw32/bin/../lib/gcc/nios2-elf/4.9.1/../../../../../H-x86_64-mingw32/nios2-elf/lib\libc.a(lib_a-memmove.o)
 .data          0x0000000001220de8        0x0 c:/altera/15.0/nios2eds/bin/gnu/h-x86_64-mingw32/bin/../lib/gcc/nios2-elf/4.9.1/../../../../../H-x86_64-mingw32/nios2-elf/lib\libc.a(lib_a-readr.o)
 .data          0x0000000001220de8        0x0 c:/altera/15.0/nios2eds/bin/gnu/h-x86_64-mingw32/bin/../lib/gcc/nios2-elf/4.9.1/../../../../../H-x86_64-mingw32/nios2-elf/lib\libc.a(lib_a-reallocr.o)
 .data          0x0000000001220de8        0x0 c:/altera/15.0/nios2eds/bin/gnu/h-x86_64-mingw32/bin/../lib/gcc/nios2-elf/4.9.1/../../../../../H-x86_64-mingw32/nios2-elf/lib\libc.a(lib_a-s_fpclassify.o)
 .data          0x0000000001220de8        0x0 c:/altera/15.0/nios2eds/bin/gnu/h-x86_64-mingw32/bin/../lib/gcc/nios2-elf/4.9.1/../../../../../H-x86_64-mingw32/nios2-elf/lib\libc.a(lib_a-sccl.o)
 .data          0x0000000001220de8        0x0 c:/altera/15.0/nios2eds/bin/gnu/h-x86_64-mingw32/bin/../lib/gcc/nios2-elf/4.9.1/../../../../../H-x86_64-mingw32/nios2-elf/lib\libc.a(lib_a-sf_nan.o)
 .data          0x0000000001220de8        0x0 c:/altera/15.0/nios2eds/bin/gnu/h-x86_64-mingw32/bin/../lib/gcc/nios2-elf/4.9.1/../../../../../H-x86_64-mingw32/nios2-elf/lib\libc.a(lib_a-sprintf.o)
 .data          0x0000000001220de8        0x0 c:/altera/15.0/nios2eds/bin/gnu/h-x86_64-mingw32/bin/../lib/gcc/nios2-elf/4.9.1/../../../../../H-x86_64-mingw32/nios2-elf/lib\libc.a(lib_a-strcmp.o)
 .data          0x0000000001220de8       0x28 c:/altera/15.0/nios2eds/bin/gnu/h-x86_64-mingw32/bin/../lib/gcc/nios2-elf/4.9.1/../../../../../H-x86_64-mingw32/nios2-elf/lib\libc.a(lib_a-strtod.o)
 .data          0x0000000001220e10        0x0 c:/altera/15.0/nios2eds/bin/gnu/h-x86_64-mingw32/bin/../lib/gcc/nios2-elf/4.9.1/../../../../../H-x86_64-mingw32/nios2-elf/lib\libc.a(lib_a-strtol.o)
 .data          0x0000000001220e10        0x0 c:/altera/15.0/nios2eds/bin/gnu/h-x86_64-mingw32/bin/../lib/gcc/nios2-elf/4.9.1/../../../../../H-x86_64-mingw32/nios2-elf/lib\libc.a(lib_a-strtoll_r.o)
 .data          0x0000000001220e10        0x0 c:/altera/15.0/nios2eds/bin/gnu/h-x86_64-mingw32/bin/../lib/gcc/nios2-elf/4.9.1/../../../../../H-x86_64-mingw32/nios2-elf/lib\libc.a(lib_a-strtoul.o)
 .data          0x0000000001220e10        0x0 c:/altera/15.0/nios2eds/bin/gnu/h-x86_64-mingw32/bin/../lib/gcc/nios2-elf/4.9.1/../../../../../H-x86_64-mingw32/nios2-elf/lib\libc.a(lib_a-strtoull_r.o)
 .data          0x0000000001220e10        0x0 c:/altera/15.0/nios2eds/bin/gnu/h-x86_64-mingw32/bin/../lib/gcc/nios2-elf/4.9.1/../../../../../H-x86_64-mingw32/nios2-elf/lib\libc.a(lib_a-svfiscanf.o)
 .data          0x0000000001220e10        0x0 c:/altera/15.0/nios2eds/bin/gnu/h-x86_64-mingw32/bin/../lib/gcc/nios2-elf/4.9.1/../../../../../H-x86_64-mingw32/nios2-elf/lib\libc.a(lib_a-svfprintf.o)
 .data          0x0000000001220e10        0x0 c:/altera/15.0/nios2eds/bin/gnu/h-x86_64-mingw32/bin/../lib/gcc/nios2-elf/4.9.1/../../../../../H-x86_64-mingw32/nios2-elf/lib\libc.a(lib_a-ungetc.o)
 .data          0x0000000001220e10        0x0 c:/altera/15.0/nios2eds/bin/gnu/h-x86_64-mingw32/bin/../lib/gcc/nios2-elf/4.9.1/../../../../../H-x86_64-mingw32/nios2-elf/lib\libc.a(lib_a-wsetup.o)
 .data          0x0000000001220e10        0x0 c:/altera/15.0/nios2eds/bin/gnu/h-x86_64-mingw32/bin/../lib/gcc/nios2-elf/4.9.1/../../../../../H-x86_64-mingw32/nios2-elf/lib\libc.a(lib_a-dtoa.o)
 .data          0x0000000001220e10        0x0 c:/altera/15.0/nios2eds/bin/gnu/h-x86_64-mingw32/bin/../lib/gcc/nios2-elf/4.9.1/../../../../../H-x86_64-mingw32/nios2-elf/lib\libc.a(lib_a-fstatr.o)
 .data          0x0000000001220e10        0x0 c:/altera/15.0/nios2eds/bin/gnu/h-x86_64-mingw32/bin/../lib/gcc/nios2-elf/4.9.1/../../../../../H-x86_64-mingw32/nios2-elf/lib\libc.a(lib_a-gdtoa-gethex.o)
 .data          0x0000000001220e10        0x0 c:/altera/15.0/nios2eds/bin/gnu/h-x86_64-mingw32/bin/../lib/gcc/nios2-elf/4.9.1/../../../../../H-x86_64-mingw32/nios2-elf/lib\libc.a(lib_a-gdtoa-hexnan.o)
 .data          0x0000000001220e10        0x0 c:/altera/15.0/nios2eds/bin/gnu/h-x86_64-mingw32/bin/../lib/gcc/nios2-elf/4.9.1/../../../../../H-x86_64-mingw32/nios2-elf/lib\libc.a(lib_a-isattyr.o)
 .data          0x0000000001220e10        0x0 c:/altera/15.0/nios2eds/bin/gnu/h-x86_64-mingw32/bin/../lib/gcc/nios2-elf/4.9.1/../../../../../H-x86_64-mingw32/nios2-elf/lib\libc.a(lib_a-mprec.o)
 .data          0x0000000001220e10        0x0 c:/altera/15.0/nios2eds/bin/gnu/h-x86_64-mingw32/bin/../lib/gcc/nios2-elf/4.9.1/../../../../../H-x86_64-mingw32/nios2-elf/lib\libc.a(lib_a-strncmp.o)
 .data          0x0000000001220e10        0x0 c:/altera/15.0/nios2eds/bin/gnu/h-x86_64-mingw32/bin/../lib/gcc/nios2-elf/4.9.1/../../../../../H-x86_64-mingw32/nios2-elf/lib\libc.a(lib_a-svfiprintf.o)
 .data          0x0000000001220e10        0x0 c:/altera/15.0/nios2eds/bin/gnu/h-x86_64-mingw32/bin/../lib/gcc/nios2-elf/4.9.1/../../../../../H-x86_64-mingw32/nios2-elf/lib\libc.a(lib_a-callocr.o)
 .data          0x0000000001220e10        0x0 c:/altera/15.0/nios2eds/bin/gnu/h-x86_64-mingw32/bin/../lib/gcc/nios2-elf/4.9.1\libgcc.a(_muldi3.o)
 .data          0x0000000001220e10        0x0 c:/altera/15.0/nios2eds/bin/gnu/h-x86_64-mingw32/bin/../lib/gcc/nios2-elf/4.9.1\libgcc.a(_fixunsdfsi.o)
 .data          0x0000000001220e10        0x0 c:/altera/15.0/nios2eds/bin/gnu/h-x86_64-mingw32/bin/../lib/gcc/nios2-elf/4.9.1\libgcc.a(_udivdi3.o)
 .data          0x0000000001220e10        0x0 c:/altera/15.0/nios2eds/bin/gnu/h-x86_64-mingw32/bin/../lib/gcc/nios2-elf/4.9.1\libgcc.a(_umoddi3.o)
 .data          0x0000000001220e10        0x0 c:/altera/15.0/nios2eds/bin/gnu/h-x86_64-mingw32/bin/../lib/gcc/nios2-elf/4.9.1\libgcc.a(lib2-divmod.o)
 .data          0x0000000001220e10        0x0 c:/altera/15.0/nios2eds/bin/gnu/h-x86_64-mingw32/bin/../lib/gcc/nios2-elf/4.9.1\libgcc.a(eqsf2.o)
 .data          0x0000000001220e10        0x0 c:/altera/15.0/nios2eds/bin/gnu/h-x86_64-mingw32/bin/../lib/gcc/nios2-elf/4.9.1\libgcc.a(gesf2.o)
 .data          0x0000000001220e10        0x0 c:/altera/15.0/nios2eds/bin/gnu/h-x86_64-mingw32/bin/../lib/gcc/nios2-elf/4.9.1\libgcc.a(lesf2.o)
 .data          0x0000000001220e10        0x0 c:/altera/15.0/nios2eds/bin/gnu/h-x86_64-mingw32/bin/../lib/gcc/nios2-elf/4.9.1\libgcc.a(adddf3.o)
 .data          0x0000000001220e10        0x0 c:/altera/15.0/nios2eds/bin/gnu/h-x86_64-mingw32/bin/../lib/gcc/nios2-elf/4.9.1\libgcc.a(divdf3.o)
 .data          0x0000000001220e10        0x0 c:/altera/15.0/nios2eds/bin/gnu/h-x86_64-mingw32/bin/../lib/gcc/nios2-elf/4.9.1\libgcc.a(eqdf2.o)
 .data          0x0000000001220e10        0x0 c:/altera/15.0/nios2eds/bin/gnu/h-x86_64-mingw32/bin/../lib/gcc/nios2-elf/4.9.1\libgcc.a(gedf2.o)
 .data          0x0000000001220e10        0x0 c:/altera/15.0/nios2eds/bin/gnu/h-x86_64-mingw32/bin/../lib/gcc/nios2-elf/4.9.1\libgcc.a(ledf2.o)
 .data          0x0000000001220e10        0x0 c:/altera/15.0/nios2eds/bin/gnu/h-x86_64-mingw32/bin/../lib/gcc/nios2-elf/4.9.1\libgcc.a(muldf3.o)
 .data          0x0000000001220e10        0x0 c:/altera/15.0/nios2eds/bin/gnu/h-x86_64-mingw32/bin/../lib/gcc/nios2-elf/4.9.1\libgcc.a(subdf3.o)
 .data          0x0000000001220e10        0x0 c:/altera/15.0/nios2eds/bin/gnu/h-x86_64-mingw32/bin/../lib/gcc/nios2-elf/4.9.1\libgcc.a(fixdfsi.o)
 .data          0x0000000001220e10        0x0 c:/altera/15.0/nios2eds/bin/gnu/h-x86_64-mingw32/bin/../lib/gcc/nios2-elf/4.9.1\libgcc.a(floatsidf.o)
 .data          0x0000000001220e10        0x0 c:/altera/15.0/nios2eds/bin/gnu/h-x86_64-mingw32/bin/../lib/gcc/nios2-elf/4.9.1\libgcc.a(floatunsidf.o)
 .data          0x0000000001220e10        0x0 c:/altera/15.0/nios2eds/bin/gnu/h-x86_64-mingw32/bin/../lib/gcc/nios2-elf/4.9.1\libgcc.a(truncdfsf2.o)
 .data          0x0000000001220e10        0x0 c:/altera/15.0/nios2eds/bin/gnu/h-x86_64-mingw32/bin/../lib/gcc/nios2-elf/4.9.1\libgcc.a(_clz.o)
 .data          0x0000000001220e10        0x0 c:/altera/15.0/nios2eds/bin/gnu/h-x86_64-mingw32/bin/../lib/gcc/nios2-elf/4.9.1\libgcc.a(_clzsi2.o)
 .data          0x0000000001220e10        0x0 ../niosII_bsp/\libucosii_bsp.a(alt_close.o)
 .data          0x0000000001220e10      0x1a8 ../niosII_bsp/\libucosii_bsp.a(alt_dev.o)
                0x0000000001220e10                alt_dev_null
                0x0000000001220e38                alt_fd_list
 .data          0x0000000001220fb8        0x0 ../niosII_bsp/\libucosii_bsp.a(alt_errno.o)
 .data          0x0000000001220fb8        0x0 ../niosII_bsp/\libucosii_bsp.a(alt_fstat.o)
 .data          0x0000000001220fb8        0x0 ../niosII_bsp/\libucosii_bsp.a(alt_isatty.o)
 .data          0x0000000001220fb8        0x0 ../niosII_bsp/\libucosii_bsp.a(alt_lseek.o)
 .data          0x0000000001220fb8        0x0 ../niosII_bsp/\libucosii_bsp.a(alt_main.o)
 .data          0x0000000001220fb8        0x0 ../niosII_bsp/\libucosii_bsp.a(alt_read.o)
 .data          0x0000000001220fb8        0x0 ../niosII_bsp/\libucosii_bsp.a(alt_release_fd.o)
 .data          0x0000000001220fb8        0x0 ../niosII_bsp/\libucosii_bsp.a(alt_sbrk.o)
 .data          0x0000000001220fb8        0x0 ../niosII_bsp/\libucosii_bsp.a(alt_write.o)
 .data          0x0000000001220fb8        0x0 ../niosII_bsp/\libucosii_bsp.a(alt_env_lock.o)
 .data          0x0000000001220fb8        0x0 ../niosII_bsp/\libucosii_bsp.a(alt_malloc_lock.o)
 .data          0x0000000001220fb8        0x0 ../niosII_bsp/\libucosii_bsp.a(os_core.o)
 .data          0x0000000001220fb8        0x0 ../niosII_bsp/\libucosii_bsp.a(os_dbg.o)
 .data          0x0000000001220fb8        0x0 ../niosII_bsp/\libucosii_bsp.a(os_flag.o)
 .data          0x0000000001220fb8        0x0 ../niosII_bsp/\libucosii_bsp.a(os_mem.o)
 .data          0x0000000001220fb8        0x0 ../niosII_bsp/\libucosii_bsp.a(os_q.o)
 .data          0x0000000001220fb8        0x0 ../niosII_bsp/\libucosii_bsp.a(os_sem.o)
 .data          0x0000000001220fb8        0x0 ../niosII_bsp/\libucosii_bsp.a(os_task.o)
 .data          0x0000000001220fb8        0x0 ../niosII_bsp/\libucosii_bsp.a(os_time.o)
 .data          0x0000000001220fb8     0x1148 ../niosII_bsp/\libucosii_bsp.a(alt_sys_init.o)
 .data          0x0000000001222100        0x0 ../niosII_bsp/\libucosii_bsp.a(altera_avalon_cfi_flash.o)
 .data          0x0000000001222100        0x0 ../niosII_bsp/\libucosii_bsp.a(altera_avalon_cfi_flash_table.o)
 .data          0x0000000001222100        0x0 ../niosII_bsp/\libucosii_bsp.a(altera_avalon_jtag_uart_fd.o)
 .data          0x0000000001222100        0x0 ../niosII_bsp/\libucosii_bsp.a(altera_avalon_jtag_uart_init.o)
 .data          0x0000000001222100        0x0 ../niosII_bsp/\libucosii_bsp.a(altera_avalon_jtag_uart_ioctl.o)
 .data          0x0000000001222100        0x0 ../niosII_bsp/\libucosii_bsp.a(altera_avalon_jtag_uart_read.o)
 .data          0x0000000001222100        0x0 ../niosII_bsp/\libucosii_bsp.a(altera_avalon_jtag_uart_write.o)
 .data          0x0000000001222100        0x0 ../niosII_bsp/\libucosii_bsp.a(altera_avalon_timer_sc.o)
 .data          0x0000000001222100        0x0 ../niosII_bsp/\libucosii_bsp.a(alt_alarm_start.o)
 .data          0x0000000001222100        0x0 ../niosII_bsp/\libucosii_bsp.a(alt_dcache_flush.o)
 .data          0x0000000001222100        0x0 ../niosII_bsp/\libucosii_bsp.a(alt_dev_llist_insert.o)
 .data          0x0000000001222100        0x0 ../niosII_bsp/\libucosii_bsp.a(alt_do_ctors.o)
 .data          0x0000000001222100        0x0 ../niosII_bsp/\libucosii_bsp.a(alt_do_dtors.o)
 .data          0x0000000001222100        0x0 ../niosII_bsp/\libucosii_bsp.a(alt_flash_dev.o)
 .data          0x0000000001222100        0x0 ../niosII_bsp/\libucosii_bsp.a(alt_iic.o)
 .data          0x0000000001222100        0x0 ../niosII_bsp/\libucosii_bsp.a(alt_iic_isr_register.o)
 .data          0x0000000001222100        0x0 ../niosII_bsp/\libucosii_bsp.a(alt_io_redirect.o)
 .data          0x0000000001222100        0x0 ../niosII_bsp/\libucosii_bsp.a(alt_irq_entry.o)
 .data          0x0000000001222100        0x0 ../niosII_bsp/\libucosii_bsp.a(alt_irq_handler.o)
 .data          0x0000000001222100        0x0 ../niosII_bsp/\libucosii_bsp.a(alt_irq_vars.o)
 .data          0x0000000001222100        0x0 ../niosII_bsp/\libucosii_bsp.a(alt_open.o)
 .data          0x0000000001222100        0x0 ../niosII_bsp/\libucosii_bsp.a(alt_tick.o)
 .data          0x0000000001222100        0x0 ../niosII_bsp/\libucosii_bsp.a(altera_nios2_qsys_irq.o)
 .data          0x0000000001222100        0x0 ../niosII_bsp/\libucosii_bsp.a(os_cpu_a.o)
 .data          0x0000000001222100        0x0 ../niosII_bsp/\libucosii_bsp.a(os_cpu_c.o)
 .data          0x0000000001222100        0x0 ../niosII_bsp/\libucosii_bsp.a(altera_avalon_cfi_flash_amd.o)
 .data          0x0000000001222100        0x0 ../niosII_bsp/\libucosii_bsp.a(altera_avalon_cfi_flash_intel.o)
 .data          0x0000000001222100        0x0 ../niosII_bsp/\libucosii_bsp.a(alt_exception_entry.o)
 .data          0x0000000001222100        0x0 ../niosII_bsp/\libucosii_bsp.a(alt_find_dev.o)
 .data          0x0000000001222100        0x0 ../niosII_bsp/\libucosii_bsp.a(alt_find_file.o)
 .data          0x0000000001222100        0x0 ../niosII_bsp/\libucosii_bsp.a(alt_get_fd.o)
 .data          0x0000000001222100        0x0 ../niosII_bsp/\libucosii_bsp.a(alt_usleep.o)
 .data          0x0000000001222100        0x0 ../niosII_bsp/\libucosii_bsp.a(alt_busy_sleep.o)
 .data          0x0000000001222100        0x0 c:/altera/15.0/nios2eds/bin/gnu/h-x86_64-mingw32/bin/../lib/gcc/nios2-elf/4.9.1/../../../../../H-x86_64-mingw32/nios2-elf/lib\libc.a(lib_a-atexit.o)
 .data          0x0000000001222100        0x0 c:/altera/15.0/nios2eds/bin/gnu/h-x86_64-mingw32/bin/../lib/gcc/nios2-elf/4.9.1/../../../../../H-x86_64-mingw32/nios2-elf/lib\libc.a(lib_a-exit.o)
 .data          0x0000000001222100        0x0 c:/altera/15.0/nios2eds/bin/gnu/h-x86_64-mingw32/bin/../lib/gcc/nios2-elf/4.9.1/../../../../../H-x86_64-mingw32/nios2-elf/lib\libc.a(lib_a-memcmp.o)
 .data          0x0000000001222100        0x0 c:/altera/15.0/nios2eds/bin/gnu/h-x86_64-mingw32/bin/../lib/gcc/nios2-elf/4.9.1/../../../../../H-x86_64-mingw32/nios2-elf/lib\libc.a(lib_a-__atexit.o)
 .data          0x0000000001222100        0x0 c:/altera/15.0/nios2eds/bin/gnu/h-x86_64-mingw32/bin/../lib/gcc/nios2-elf/4.9.1/../../../../../H-x86_64-mingw32/nios2-elf/lib\libc.a(lib_a-__call_atexit.o)
 .data          0x0000000001222100        0x0 ../niosII_bsp/\libucosii_bsp.a(alt_exit.o)
                0x000000000122a100                _gp = ABSOLUTE ((. + 0x8000))
                0x000000000122a100                PROVIDE (gp, _gp)
 *(.rwdata .rwdata.*)
 *(.sdata .sdata.* .gnu.linkonce.s.*)
 .sdata         0x0000000001222100        0x8 c:/altera/15.0/nios2eds/bin/gnu/h-x86_64-mingw32/bin/../lib/gcc/nios2-elf/4.9.1/../../../../../H-x86_64-mingw32/nios2-elf/lib\libc.a(lib_a-impure.o)
                0x0000000001222100                _global_impure_ptr
                0x0000000001222104                _impure_ptr
 .sdata         0x0000000001222108        0x8 c:/altera/15.0/nios2eds/bin/gnu/h-x86_64-mingw32/bin/../lib/gcc/nios2-elf/4.9.1/../../../../../H-x86_64-mingw32/nios2-elf/lib\libc.a(lib_a-mallocr.o)
                0x0000000001222108                __malloc_sbrk_base
                0x000000000122210c                __malloc_trim_threshold
 .sdata         0x0000000001222110        0x4 c:/altera/15.0/nios2eds/bin/gnu/h-x86_64-mingw32/bin/../lib/gcc/nios2-elf/4.9.1/../../../../../H-x86_64-mingw32/nios2-elf/lib\libc.a(lib_a-ctype_.o)
                0x0000000001222110                __ctype_ptr__
 .sdata         0x0000000001222114        0x4 c:/altera/15.0/nios2eds/bin/gnu/h-x86_64-mingw32/bin/../lib/gcc/nios2-elf/4.9.1/../../../../../H-x86_64-mingw32/nios2-elf/lib\libc.a(lib_a-locale.o)
                0x0000000001222114                __mb_cur_max
 .sdata         0x0000000001222118        0x4 c:/altera/15.0/nios2eds/bin/gnu/h-x86_64-mingw32/bin/../lib/gcc/nios2-elf/4.9.1/../../../../../H-x86_64-mingw32/nios2-elf/lib\libc.a(lib_a-mbtowc_r.o)
                0x0000000001222118                __mbtowc
 .sdata         0x000000000122211c       0x14 ../niosII_bsp/\libucosii_bsp.a(alt_dev.o)
                0x000000000122211c                alt_fs_list
                0x0000000001222124                alt_dev_list
                0x000000000122212c                alt_max_fd
 .sdata         0x0000000001222130        0x4 ../niosII_bsp/\libucosii_bsp.a(alt_errno.o)
                0x0000000001222130                alt_errno
 .sdata         0x0000000001222134        0x4 ../niosII_bsp/\libucosii_bsp.a(alt_sbrk.o)
 .sdata         0x0000000001222138        0x4 ../niosII_bsp/\libucosii_bsp.a(alt_env_lock.o)
 .sdata         0x000000000122213c        0x4 ../niosII_bsp/\libucosii_bsp.a(alt_malloc_lock.o)
 .sdata         0x0000000001222140       0x74 ../niosII_bsp/\libucosii_bsp.a(os_dbg.o)
                0x0000000001222140                OSDebugEn
                0x0000000001222144                OSEndiannessTest
                0x0000000001222148                OSEventEn
                0x000000000122214a                OSEventMax
                0x000000000122214c                OSEventNameSize
                0x000000000122214e                OSEventSize
                0x0000000001222150                OSEventTblSize
                0x0000000001222152                OSEventMultiEn
                0x0000000001222154                OSFlagEn
                0x0000000001222156                OSFlagGrpSize
                0x0000000001222158                OSFlagNodeSize
                0x000000000122215a                OSFlagWidth
                0x000000000122215c                OSFlagMax
                0x000000000122215e                OSFlagNameSize
                0x0000000001222160                OSLowestPrio
                0x0000000001222162                OSMboxEn
                0x0000000001222164                OSMemEn
                0x0000000001222166                OSMemMax
                0x0000000001222168                OSMemNameSize
                0x000000000122216a                OSMemSize
                0x000000000122216c                OSMemTblSize
                0x000000000122216e                OSMutexEn
                0x0000000001222170                OSPtrSize
                0x0000000001222172                OSQEn
                0x0000000001222174                OSQMax
                0x0000000001222176                OSQSize
                0x0000000001222178                OSRdyTblSize
                0x000000000122217a                OSSemEn
                0x000000000122217c                OSStkWidth
                0x000000000122217e                OSTaskCreateEn
                0x0000000001222180                OSTaskCreateExtEn
                0x0000000001222182                OSTaskDelEn
                0x0000000001222184                OSTaskIdleStkSize
                0x0000000001222186                OSTaskProfileEn
                0x0000000001222188                OSTaskMax
                0x000000000122218a                OSTaskNameSize
                0x000000000122218c                OSTaskStatEn
                0x000000000122218e                OSTaskStatStkSize
                0x0000000001222190                OSTaskStatStkChkEn
                0x0000000001222192                OSTaskSwHookEn
                0x0000000001222194                OSTCBPrioTblMax
                0x0000000001222196                OSTCBSize
                0x0000000001222198                OSTicksPerSec
                0x000000000122219a                OSTimeTickHookEn
                0x000000000122219c                OSVersionNbr
                0x000000000122219e                OSTmrEn
                0x00000000012221a0                OSTmrCfgMax
                0x00000000012221a2                OSTmrCfgNameSize
                0x00000000012221a4                OSTmrCfgWheelSize
                0x00000000012221a6                OSTmrCfgTicksPerSec
                0x00000000012221a8                OSTmrSize
                0x00000000012221aa                OSTmrTblSize
                0x00000000012221ac                OSTmrWheelSize
                0x00000000012221ae                OSTmrWheelTblSize
                0x00000000012221b0                OSDataSize
 .sdata         0x00000000012221b4        0x8 ../niosII_bsp/\libucosii_bsp.a(alt_flash_dev.o)
                0x00000000012221b4                alt_flash_dev_list
 .sdata         0x00000000012221bc        0x4 ../niosII_bsp/\libucosii_bsp.a(alt_irq_vars.o)
                0x00000000012221bc                alt_priority_mask
 .sdata         0x00000000012221c0        0x8 ../niosII_bsp/\libucosii_bsp.a(alt_tick.o)
                0x00000000012221c0                alt_alarm_list
 *(.sdata2 .sdata2.* .gnu.linkonce.s2.*)
                0x00000000012221c8                . = ALIGN (0x4)
                0x00000000012221c8                _edata = ABSOLUTE (.)
                0x00000000012221c8                PROVIDE (edata, ABSOLUTE (.))
                0x00000000012221c8                PROVIDE (__ram_rwdata_end, ABSOLUTE (.))
                0x0000000001220544                PROVIDE (__flash_rwdata_start, LOADADDR (.rwdata))

.bss            0x00000000012221c8     0x34e4
                0x00000000012221c8                __bss_start = ABSOLUTE (.)
                0x00000000012221c8                PROVIDE (__sbss_start, ABSOLUTE (.))
                0x00000000012221c8                PROVIDE (___sbss_start, ABSOLUTE (.))
 *(.dynsbss)
 *(.sbss .sbss.* .gnu.linkonce.sb.*)
 .sbss          0x00000000012221c8        0xc c:/altera/15.0/nios2eds/bin/gnu/h-x86_64-mingw32/bin/../lib/gcc/nios2-elf/4.9.1/../../../../../H-x86_64-mingw32/nios2-elf/lib\libc.a(lib_a-mallocr.o)
                0x00000000012221c8                __malloc_max_total_mem
                0x00000000012221cc                __malloc_max_sbrked_mem
                0x00000000012221d0                __malloc_top_pad
 .sbss          0x00000000012221d4        0x4 c:/altera/15.0/nios2eds/bin/gnu/h-x86_64-mingw32/bin/../lib/gcc/nios2-elf/4.9.1/../../../../../H-x86_64-mingw32/nios2-elf/lib\libc.a(lib_a-int_errno.o)
                0x00000000012221d4                errno
 .sbss          0x00000000012221d8        0xc c:/altera/15.0/nios2eds/bin/gnu/h-x86_64-mingw32/bin/../lib/gcc/nios2-elf/4.9.1/../../../../../H-x86_64-mingw32/nios2-elf/lib\libc.a(lib_a-locale.o)
                0x00000000012221d8                _PathLocale
                0x00000000012221dc                __mlocale_changed
                0x00000000012221e0                __nlocale_changed
 .sbss          0x00000000012221e4        0x4 ../niosII_bsp/\libucosii_bsp.a(alt_dev.o)
                0x00000000012221e4                alt_fd_list_lock
 .sbss          0x00000000012221e8        0xc ../niosII_bsp/\libucosii_bsp.a(alt_main.o)
                0x00000000012221e8                alt_argc
                0x00000000012221ec                alt_argv
                0x00000000012221f0                alt_envp
 .sbss          0x00000000012221f4        0x8 ../niosII_bsp/\libucosii_bsp.a(alt_env_lock.o)
                0x00000000012221f8                alt_envsem
 .sbss          0x00000000012221fc        0x8 ../niosII_bsp/\libucosii_bsp.a(alt_malloc_lock.o)
                0x0000000001222200                alt_heapsem
 .sbss          0x0000000001222204       0x50 ../niosII_bsp/\libucosii_bsp.a(os_core.o)
                0x0000000001222204                OSLockNesting
                0x0000000001222205                OSRunning
                0x0000000001222208                OSIdleCtr
                0x000000000122220c                OSPrioHighRdy
                0x000000000122220d                OSPrioCur
                0x0000000001222210                OSTCBList
                0x0000000001222214                OSTickStepState
                0x0000000001222218                OSCtxSwCtr
                0x000000000122221c                OSIdleCtrMax
                0x0000000001222220                OSTCBFreeList
                0x0000000001222224                OSCPUUsage
                0x0000000001222225                OSTaskCtr
                0x0000000001222228                OSMemFreeList
                0x000000000122222c                OSTCBHighRdy
                0x0000000001222230                OSQFreeList
                0x0000000001222234                OSRdyGrp
                0x0000000001222235                OSRdyTbl
                0x0000000001222238                OSEventFreeList
                0x000000000122223c                OSIntNesting
                0x0000000001222240                OSTCBCur
                0x0000000001222244                OSTime
                0x0000000001222248                OSFlagFreeList
                0x000000000122224c                OSStatRdy
                0x0000000001222250                OSIdleCtrRun
 .sbss          0x0000000001222254        0x4 ../niosII_bsp/\libucosii_bsp.a(alt_irq_vars.o)
                0x0000000001222254                alt_irq_active
 .sbss          0x0000000001222258        0x8 ../niosII_bsp/\libucosii_bsp.a(alt_tick.o)
                0x0000000001222258                _alt_tick_rate
                0x000000000122225c                _alt_nticks
 *(.sbss2 .sbss2.* .gnu.linkonce.sb2.*)
 *(.scommon)
                0x0000000001222260                PROVIDE (__sbss_end, ABSOLUTE (.))
                0x0000000001222260                PROVIDE (___sbss_end, ABSOLUTE (.))
 *(.dynbss)
 *(.bss .bss.* .gnu.linkonce.b.*)
 .bss           0x0000000001222260        0x0 ../niosII_bsp//obj/HAL/src/crt0.o
 .bss           0x0000000001222260        0x0 obj/default/pwm.o
 .bss           0x0000000001222260        0x0 c:/altera/15.0/nios2eds/bin/gnu/h-x86_64-mingw32/bin/../lib/gcc/nios2-elf/4.9.1/../../../../../H-x86_64-mingw32/nios2-elf/lib\libc.a(lib_a-fgets.o)
 .bss           0x0000000001222260        0x0 c:/altera/15.0/nios2eds/bin/gnu/h-x86_64-mingw32/bin/../lib/gcc/nios2-elf/4.9.1/../../../../../H-x86_64-mingw32/nios2-elf/lib\libc.a(lib_a-findfp.o)
 .bss           0x0000000001222260        0x0 c:/altera/15.0/nios2eds/bin/gnu/h-x86_64-mingw32/bin/../lib/gcc/nios2-elf/4.9.1/../../../../../H-x86_64-mingw32/nios2-elf/lib\libc.a(lib_a-fwalk.o)
 .bss           0x0000000001222260        0x0 c:/altera/15.0/nios2eds/bin/gnu/h-x86_64-mingw32/bin/../lib/gcc/nios2-elf/4.9.1/../../../../../H-x86_64-mingw32/nios2-elf/lib\libc.a(lib_a-impure.o)
 .bss           0x0000000001222260       0x28 c:/altera/15.0/nios2eds/bin/gnu/h-x86_64-mingw32/bin/../lib/gcc/nios2-elf/4.9.1/../../../../../H-x86_64-mingw32/nios2-elf/lib\libc.a(lib_a-mallocr.o)
                0x0000000001222260                __malloc_current_mallinfo
 .bss           0x0000000001222288        0x0 c:/altera/15.0/nios2eds/bin/gnu/h-x86_64-mingw32/bin/../lib/gcc/nios2-elf/4.9.1/../../../../../H-x86_64-mingw32/nios2-elf/lib\libc.a(lib_a-memchr.o)
 .bss           0x0000000001222288        0x0 c:/altera/15.0/nios2eds/bin/gnu/h-x86_64-mingw32/bin/../lib/gcc/nios2-elf/4.9.1/../../../../../H-x86_64-mingw32/nios2-elf/lib\libc.a(lib_a-memcpy.o)
 .bss           0x0000000001222288        0x0 c:/altera/15.0/nios2eds/bin/gnu/h-x86_64-mingw32/bin/../lib/gcc/nios2-elf/4.9.1/../../../../../H-x86_64-mingw32/nios2-elf/lib\libc.a(lib_a-memset.o)
 .bss           0x0000000001222288        0x0 c:/altera/15.0/nios2eds/bin/gnu/h-x86_64-mingw32/bin/../lib/gcc/nios2-elf/4.9.1/../../../../../H-x86_64-mingw32/nios2-elf/lib\libc.a(lib_a-puts.o)
 .bss           0x0000000001222288        0x0 c:/altera/15.0/nios2eds/bin/gnu/h-x86_64-mingw32/bin/../lib/gcc/nios2-elf/4.9.1/../../../../../H-x86_64-mingw32/nios2-elf/lib\libc.a(lib_a-refill.o)
 .bss           0x0000000001222288        0x0 c:/altera/15.0/nios2eds/bin/gnu/h-x86_64-mingw32/bin/../lib/gcc/nios2-elf/4.9.1/../../../../../H-x86_64-mingw32/nios2-elf/lib\libc.a(lib_a-sbrkr.o)
 .bss           0x0000000001222288        0x0 c:/altera/15.0/nios2eds/bin/gnu/h-x86_64-mingw32/bin/../lib/gcc/nios2-elf/4.9.1/../../../../../H-x86_64-mingw32/nios2-elf/lib\libc.a(lib_a-sscanf.o)
 .bss           0x0000000001222288        0x0 c:/altera/15.0/nios2eds/bin/gnu/h-x86_64-mingw32/bin/../lib/gcc/nios2-elf/4.9.1/../../../../../H-x86_64-mingw32/nios2-elf/lib\libc.a(lib_a-stdio.o)
 .bss           0x0000000001222288        0x0 c:/altera/15.0/nios2eds/bin/gnu/h-x86_64-mingw32/bin/../lib/gcc/nios2-elf/4.9.1/../../../../../H-x86_64-mingw32/nios2-elf/lib\libc.a(lib_a-strlen.o)
 .bss           0x0000000001222288        0x0 c:/altera/15.0/nios2eds/bin/gnu/h-x86_64-mingw32/bin/../lib/gcc/nios2-elf/4.9.1/../../../../../H-x86_64-mingw32/nios2-elf/lib\libc.a(lib_a-svfscanf.o)
 .bss           0x0000000001222288        0x0 c:/altera/15.0/nios2eds/bin/gnu/h-x86_64-mingw32/bin/../lib/gcc/nios2-elf/4.9.1/../../../../../H-x86_64-mingw32/nios2-elf/lib\libc.a(lib_a-writer.o)
 .bss           0x0000000001222288        0x0 c:/altera/15.0/nios2eds/bin/gnu/h-x86_64-mingw32/bin/../lib/gcc/nios2-elf/4.9.1/../../../../../H-x86_64-mingw32/nios2-elf/lib\libc.a(closer.o)
 .bss           0x0000000001222288        0x0 c:/altera/15.0/nios2eds/bin/gnu/h-x86_64-mingw32/bin/../lib/gcc/nios2-elf/4.9.1/../../../../../H-x86_64-mingw32/nios2-elf/lib\libc.a(lib_a-ctype_.o)
 .bss           0x0000000001222288        0x0 c:/altera/15.0/nios2eds/bin/gnu/h-x86_64-mingw32/bin/../lib/gcc/nios2-elf/4.9.1/../../../../../H-x86_64-mingw32/nios2-elf/lib\libc.a(lib_a-fclose.o)
 .bss           0x0000000001222288        0x0 c:/altera/15.0/nios2eds/bin/gnu/h-x86_64-mingw32/bin/../lib/gcc/nios2-elf/4.9.1/../../../../../H-x86_64-mingw32/nios2-elf/lib\libc.a(lib_a-fflush.o)
 .bss           0x0000000001222288        0x0 c:/altera/15.0/nios2eds/bin/gnu/h-x86_64-mingw32/bin/../lib/gcc/nios2-elf/4.9.1/../../../../../H-x86_64-mingw32/nios2-elf/lib\libc.a(lib_a-freer.o)
 .bss           0x0000000001222288        0x0 c:/altera/15.0/nios2eds/bin/gnu/h-x86_64-mingw32/bin/../lib/gcc/nios2-elf/4.9.1/../../../../../H-x86_64-mingw32/nios2-elf/lib\libc.a(lib_a-fvwrite.o)
 .bss           0x0000000001222288        0x0 c:/altera/15.0/nios2eds/bin/gnu/h-x86_64-mingw32/bin/../lib/gcc/nios2-elf/4.9.1/../../../../../H-x86_64-mingw32/nios2-elf/lib\libc.a(lib_a-int_errno.o)
 .bss           0x0000000001222288        0x0 c:/altera/15.0/nios2eds/bin/gnu/h-x86_64-mingw32/bin/../lib/gcc/nios2-elf/4.9.1/../../../../../H-x86_64-mingw32/nios2-elf/lib\libc.a(lib_a-iswspace.o)
 .bss           0x0000000001222288        0x0 c:/altera/15.0/nios2eds/bin/gnu/h-x86_64-mingw32/bin/../lib/gcc/nios2-elf/4.9.1/../../../../../H-x86_64-mingw32/nios2-elf/lib\libc.a(lib_a-locale.o)
 .bss           0x0000000001222288        0x0 c:/altera/15.0/nios2eds/bin/gnu/h-x86_64-mingw32/bin/../lib/gcc/nios2-elf/4.9.1/../../../../../H-x86_64-mingw32/nios2-elf/lib\libc.a(lib_a-lseekr.o)
 .bss           0x0000000001222288        0x0 c:/altera/15.0/nios2eds/bin/gnu/h-x86_64-mingw32/bin/../lib/gcc/nios2-elf/4.9.1/../../../../../H-x86_64-mingw32/nios2-elf/lib\libc.a(lib_a-makebuf.o)
 .bss           0x0000000001222288        0x0 c:/altera/15.0/nios2eds/bin/gnu/h-x86_64-mingw32/bin/../lib/gcc/nios2-elf/4.9.1/../../../../../H-x86_64-mingw32/nios2-elf/lib\libc.a(lib_a-mbrtowc.o)
 .bss           0x0000000001222288        0x0 c:/altera/15.0/nios2eds/bin/gnu/h-x86_64-mingw32/bin/../lib/gcc/nios2-elf/4.9.1/../../../../../H-x86_64-mingw32/nios2-elf/lib\libc.a(lib_a-mbtowc_r.o)
 .bss           0x0000000001222288        0x0 c:/altera/15.0/nios2eds/bin/gnu/h-x86_64-mingw32/bin/../lib/gcc/nios2-elf/4.9.1/../../../../../H-x86_64-mingw32/nios2-elf/lib\libc.a(lib_a-memmove.o)
 .bss           0x0000000001222288        0x0 c:/altera/15.0/nios2eds/bin/gnu/h-x86_64-mingw32/bin/../lib/gcc/nios2-elf/4.9.1/../../../../../H-x86_64-mingw32/nios2-elf/lib\libc.a(lib_a-readr.o)
 .bss           0x0000000001222288        0x0 c:/altera/15.0/nios2eds/bin/gnu/h-x86_64-mingw32/bin/../lib/gcc/nios2-elf/4.9.1/../../../../../H-x86_64-mingw32/nios2-elf/lib\libc.a(lib_a-reallocr.o)
 .bss           0x0000000001222288        0x0 c:/altera/15.0/nios2eds/bin/gnu/h-x86_64-mingw32/bin/../lib/gcc/nios2-elf/4.9.1/../../../../../H-x86_64-mingw32/nios2-elf/lib\libc.a(lib_a-s_fpclassify.o)
 .bss           0x0000000001222288        0x0 c:/altera/15.0/nios2eds/bin/gnu/h-x86_64-mingw32/bin/../lib/gcc/nios2-elf/4.9.1/../../../../../H-x86_64-mingw32/nios2-elf/lib\libc.a(lib_a-sccl.o)
 .bss           0x0000000001222288        0x0 c:/altera/15.0/nios2eds/bin/gnu/h-x86_64-mingw32/bin/../lib/gcc/nios2-elf/4.9.1/../../../../../H-x86_64-mingw32/nios2-elf/lib\libc.a(lib_a-sf_nan.o)
 .bss           0x0000000001222288        0x0 c:/altera/15.0/nios2eds/bin/gnu/h-x86_64-mingw32/bin/../lib/gcc/nios2-elf/4.9.1/../../../../../H-x86_64-mingw32/nios2-elf/lib\libc.a(lib_a-sprintf.o)
 .bss           0x0000000001222288        0x0 c:/altera/15.0/nios2eds/bin/gnu/h-x86_64-mingw32/bin/../lib/gcc/nios2-elf/4.9.1/../../../../../H-x86_64-mingw32/nios2-elf/lib\libc.a(lib_a-strcmp.o)
 .bss           0x0000000001222288        0x0 c:/altera/15.0/nios2eds/bin/gnu/h-x86_64-mingw32/bin/../lib/gcc/nios2-elf/4.9.1/../../../../../H-x86_64-mingw32/nios2-elf/lib\libc.a(lib_a-strtod.o)
 .bss           0x0000000001222288        0x0 c:/altera/15.0/nios2eds/bin/gnu/h-x86_64-mingw32/bin/../lib/gcc/nios2-elf/4.9.1/../../../../../H-x86_64-mingw32/nios2-elf/lib\libc.a(lib_a-strtol.o)
 .bss           0x0000000001222288        0x0 c:/altera/15.0/nios2eds/bin/gnu/h-x86_64-mingw32/bin/../lib/gcc/nios2-elf/4.9.1/../../../../../H-x86_64-mingw32/nios2-elf/lib\libc.a(lib_a-strtoll_r.o)
 .bss           0x0000000001222288        0x0 c:/altera/15.0/nios2eds/bin/gnu/h-x86_64-mingw32/bin/../lib/gcc/nios2-elf/4.9.1/../../../../../H-x86_64-mingw32/nios2-elf/lib\libc.a(lib_a-strtoul.o)
 .bss           0x0000000001222288        0x0 c:/altera/15.0/nios2eds/bin/gnu/h-x86_64-mingw32/bin/../lib/gcc/nios2-elf/4.9.1/../../../../../H-x86_64-mingw32/nios2-elf/lib\libc.a(lib_a-strtoull_r.o)
 .bss           0x0000000001222288        0x0 c:/altera/15.0/nios2eds/bin/gnu/h-x86_64-mingw32/bin/../lib/gcc/nios2-elf/4.9.1/../../../../../H-x86_64-mingw32/nios2-elf/lib\libc.a(lib_a-svfiscanf.o)
 .bss           0x0000000001222288        0x0 c:/altera/15.0/nios2eds/bin/gnu/h-x86_64-mingw32/bin/../lib/gcc/nios2-elf/4.9.1/../../../../../H-x86_64-mingw32/nios2-elf/lib\libc.a(lib_a-svfprintf.o)
 .bss           0x0000000001222288        0x0 c:/altera/15.0/nios2eds/bin/gnu/h-x86_64-mingw32/bin/../lib/gcc/nios2-elf/4.9.1/../../../../../H-x86_64-mingw32/nios2-elf/lib\libc.a(lib_a-ungetc.o)