Flow report for avalon_pwm
Wed Dec 02 10:45:20 2015
Quartus II 64-Bit Version 15.0.2 Build 153 07/15/2015 SJ Web Edition


---------------------
; Table of Contents ;
---------------------
  1. Legal Notice
  2. Flow Summary
  3. Flow Settings
  4. Flow Non-Default Global Settings
  5. Flow Elapsed Time
  6. Flow OS Summary
  7. Flow Log
  8. Flow Messages
  9. Flow Suppressed Messages



----------------
; Legal Notice ;
----------------
Copyright (C) 1991-2015 Altera Corporation. All rights reserved.
Your use of Altera Corporation's design tools, logic functions 
and other software and tools, and its AMPP partner logic 
functions, and any output files from any of the foregoing 
(including device programming or simulation files), and any 
associated documentation or information are expressly subject 
to the terms and conditions of the Altera Program License 
Subscription Agreement, the Altera Quartus II License Agreement,
the Altera MegaCore Function License Agreement, or other 
applicable license agreement, including, without limitation, 
that your use is for the sole purpose of programming logic 
devices manufactured by Altera and sold by Altera or its 
authorized distributors.  Please refer to the applicable 
agreement for further details.



+---------------------------------------------------------------------------------+
; Flow Summary                                                                    ;
+------------------------------------+--------------------------------------------+
; Flow Status                        ; Successful - Wed Dec 02 10:45:20 2015      ;
; Quartus II 64-Bit Version          ; 15.0.2 Build 153 07/15/2015 SJ Web Edition ;
; Revision Name                      ; avalon_pwm                                 ;
; Top-level Entity Name              ; avalon_pwm                                 ;
; Family                             ; Cyclone IV E                               ;
; Total logic elements               ; 244 / 6,272 ( 4 % )                        ;
;     Total combinational functions  ; 187 / 6,272 ( 3 % )                        ;
;     Dedicated logic registers      ; 128 / 6,272 ( 2 % )                        ;
; Total registers                    ; 128                                        ;
; Total pins                         ; 78 / 180 ( 43 % )                          ;
; Total virtual pins                 ; 0                                          ;
; Total memory bits                  ; 0 / 276,480 ( 0 % )                        ;
; Embedded Multiplier 9-bit elements ; 0 / 30 ( 0 % )                             ;
; Total PLLs                         ; 0 / 2 ( 0 % )                              ;
; Device                             ; EP4CE6F17C6                                ;
; Timing Models                      ; Final                                      ;
+------------------------------------+--------------------------------------------+


+-----------------------------------------+
; Flow Settings                           ;
+-------------------+---------------------+
; Option            ; Setting             ;
+-------------------+---------------------+
; Start date & time ; 12/02/2015 10:44:39 ;
; Main task         ; Compilation         ;
; Revision Name     ; avalon_pwm          ;
+-------------------+---------------------+


+--------------------------------------------------------------------------------------------------------------------------+
; Flow Non-Default Global Settings                                                                                         ;
+--------------------------------------+------------------------------------+---------------+-------------+----------------+
; Assignment Name                      ; Value                              ; Default Value ; Entity Name ; Section Id     ;
+--------------------------------------+------------------------------------+---------------+-------------+----------------+
; COMPILER_SIGNATURE_ID                ; 121370387969.144904227902156       ; --            ; --          ; --             ;
; EDA_DESIGN_INSTANCE_NAME             ; NA                                 ; --            ; --          ; testbench1     ;
; EDA_DESIGN_INSTANCE_NAME             ; NA                                 ; --            ; --          ; testbench      ;
; EDA_NATIVELINK_SIMULATION_TEST_BENCH ; testbench                          ; --            ; --          ; eda_simulation ;
; EDA_OUTPUT_DATA_FORMAT               ; Verilog Hdl                        ; --            ; --          ; eda_simulation ;
; EDA_SIMULATION_TOOL                  ; ModelSim-Altera (Verilog)          ; <None>        ; --          ; --             ;
; EDA_TEST_BENCH_ENABLE_STATUS         ; TEST_BENCH_MODE                    ; --            ; --          ; eda_simulation ;
; EDA_TEST_BENCH_FILE                  ; simulation/modelsim/avalon_pwm_1.v ; --            ; --          ; testbench1     ;
; EDA_TEST_BENCH_FILE                  ; simulation/modelsim/avalon_pwm.v   ; --            ; --          ; testbench      ;
; EDA_TEST_BENCH_MODULE_NAME           ; avalon_pwm_vlg_tst()               ; --            ; --          ; testbench1     ;
; EDA_TEST_BENCH_MODULE_NAME           ; avalon_pwm_vlg_tst                 ; --            ; --          ; testbench      ;
; EDA_TEST_BENCH_NAME                  ; testbench                          ; --            ; --          ; eda_simulation ;
; EDA_TEST_BENCH_NAME                  ; testbench1                         ; --            ; --          ; eda_simulation ;
; EDA_TIME_SCALE                       ; 1 ps                               ; --            ; --          ; eda_simulation ;
; PARTITION_COLOR                      ; 16764057                           ; --            ; --          ; Top            ;
; PARTITION_FITTER_PRESERVATION_LEVEL  ; PLACEMENT_AND_ROUTING              ; --            ; --          ; Top            ;
; PARTITION_NETLIST_TYPE               ; SOURCE                             ; --            ; --          ; Top            ;
; PROJECT_OUTPUT_DIRECTORY             ; output_files                       ; --            ; --          ; --             ;
+--------------------------------------+------------------------------------+---------------+-------------+----------------+


+-------------------------------------------------------------------------------------------------------------------------------+
; Flow Elapsed Time                                                                                                             ;
+---------------------------+--------------+-------------------------+---------------------+------------------------------------+
; Module Name               ; Elapsed Time ; Average Processors Used ; Peak Virtual Memory ; Total CPU Time (on all processors) ;
+---------------------------+--------------+-------------------------+---------------------+------------------------------------+
; Analysis & Synthesis      ; 00:00:18     ; 1.0                     ; 631 MB              ; 00:00:23                           ;
; Fitter                    ; 00:00:09     ; 1.0                     ; 926 MB              ; 00:00:08                           ;
; Assembler                 ; 00:00:01     ; 1.0                     ; 596 MB              ; 00:00:01                           ;
; TimeQuest Timing Analyzer ; 00:00:03     ; 1.0                     ; 671 MB              ; 00:00:03                           ;
; EDA Netlist Writer        ; 00:00:01     ; 1.0                     ; 565 MB              ; 00:00:01                           ;
; Total                     ; 00:00:32     ; --                      ; --                  ; 00:00:36                           ;
+---------------------------+--------------+-------------------------+---------------------+------------------------------------+


+----------------------------------------------------------------------------------------+
; Flow OS Summary                                                                        ;
+---------------------------+------------------+-----------+------------+----------------+
; Module Name               ; Machine Hostname ; OS Name   ; OS Version ; Processor type ;
+---------------------------+------------------+-----------+------------+----------------+
; Analysis & Synthesis      ; Ilya-PC          ; Windows 7 ; 6.1        ; x86_64         ;
; Fitter                    ; Ilya-PC          ; Windows 7 ; 6.1        ; x86_64         ;
; Assembler                 ; Ilya-PC          ; Windows 7 ; 6.1        ; x86_64         ;
; TimeQuest Timing Analyzer ; Ilya-PC          ; Windows 7 ; 6.1        ; x86_64         ;
; EDA Netlist Writer        ; Ilya-PC          ; Windows 7 ; 6.1        ; x86_64         ;
+---------------------------+------------------+-----------+------------+----------------+


------------
; Flow Log ;
------------
quartus_map --read_settings_files=on --write_settings_files=off avalon_pwm -c avalon_pwm
quartus_fit --read_settings_files=off --write_settings_files=off avalon_pwm -c avalon_pwm
quartus_asm --read_settings_files=off --write_settings_files=off avalon_pwm -c avalon_pwm
quartus_sta avalon_pwm -c avalon_pwm
quartus_eda --read_settings_files=off --write_settings_files=off avalon_pwm -c avalon_pwm



